<html>
<body>
<pre>
<h1>µVision Build Log</h1>
<h2>Project:</h2>
C:\Documents and Settings\Roberto\Desktop\lavoro\SVN LNMultipilot\branches\Redfox74\Multipilot32Framework\XDUINO-lib-v0.33\project\RVMDK\Project.uvproj
Project File Date:  02/08/2011

<h2>Output:</h2>
Build target 'ET-STM32F103'
compiling main.cpp...
..\..\library\inc\stm32f10x_map.h(401): warning:  #368-D: class "<unnamed>" defines no constructor to initialize the following:
..\..\library\inc\stm32f10x_map.h:             const member "<unnamed>::CPUID"
..\..\library\inc\stm32f10x_map.h:   {
..\..\library\inc\stm32f10x_map.h:   ^
..\..\library\inc\stm32f10x_map.h(467): warning:  #368-D: class "<unnamed>" defines no constructor to initialize the following:
..\..\library\inc\stm32f10x_map.h:             const member "<unnamed>::RESPCMD"
..\..\library\inc\stm32f10x_map.h:             const member "<unnamed>::RESP1"
..\..\library\inc\stm32f10x_map.h:             const member "<unnamed>::RESP2"
..\..\library\inc\stm32f10x_map.h:             const member "<unnamed>::RESP3"
..\..\library\inc\stm32f10x_map.h:             const member "<unnamed>::RESP4"
..\..\library\inc\stm32f10x_map.h:             const member "<unnamed>::DCOUNT"
..\..\library\inc\stm32f10x_map.h:             const member "<unnamed>::STA"
..\..\library\inc\stm32f10x_map.h:             const member "<unnamed>::FIFOCNT"
..\..\library\inc\stm32f10x_map.h:   {
..\..\library\inc\stm32f10x_map.h:   ^
..\..\library\inc\stm32f10x_map.h(515): warning:  #368-D: class "<unnamed>" defines no constructor to initialize the following:
..\..\library\inc\stm32f10x_map.h:             const member "<unnamed>::CALIB"
..\..\library\inc\stm32f10x_map.h:   {
..\..\library\inc\stm32f10x_map.h:   ^
..\..\library\inc\stm32f10x_map.h: ..\main.cpp: 3 warnings, 0 errors
linking...
Program Size: Code=13010 RO-data=1182 RW-data=24 ZI-data=2400  
FromELF: creating hex file...
".\Obj\Xduino-v0.31.axf" - 0 Error(s), 3 Warning(s).
Build target 'ET-STM32F103'
compiling AP_ADC.cpp...
..\..\ap32lib\AP_ADC_ADS7844.h(19): warning:  #1300-D: Init inherits implicit virtual
..\..\ap32lib\AP_ADC_ADS7844.h:         void Init();
..\..\ap32lib\AP_ADC_ADS7844.h:              ^
..\..\ap32lib\AP_ADC_ADS7844.h(21): warning:  #1300-D: Ch inherits implicit virtual
..\..\ap32lib\AP_ADC_ADS7844.h:         int Ch(unsigned char ch_num);     
..\..\ap32lib\AP_ADC_ADS7844.h:             ^
..\..\ap32lib\AP_ADC_HIL.h(31): warning:  #1300-D: Init inherits implicit virtual
..\..\ap32lib\AP_ADC_HIL.h:     void Init();
..\..\ap32lib\AP_ADC_HIL.h:          ^
..\..\ap32lib\AP_ADC_HIL.h(35): warning:  #1300-D: Ch inherits implicit virtual
..\..\ap32lib\AP_ADC_HIL.h:     int Ch(unsigned char ch_num);     
..\..\ap32lib\AP_ADC_HIL.h:         ^
..\..\ap32lib\AP_ADC_HIL.h(75): warning:  #186-D: pointless comparison of unsigned integer with zero
..\..\ap32lib\AP_ADC_HIL.h:             adcValue[sensors[index+3]] = (sensors[index+3] < 0) ? -temp : temp;
..\..\ap32lib\AP_ADC_HIL.h:                                                            ^
..\..\ap32lib\AP_ADC.cpp(23): warning:  #940-D: missing return statement at end of non-void function "AP_ADC::Ch"
..\..\ap32lib\AP_ADC.cpp:   }
..\..\ap32lib\AP_ADC.cpp:   ^
..\..\ap32lib\AP_ADC.cpp: ..\..\ap32lib\AP_ADC.cpp: 6 warnings, 0 errors
compiling AP_ADC_ADS7844.cpp...
..\..\library\inc\stm32f10x_map.h(401): warning:  #368-D: class "<unnamed>" defines no constructor to initialize the following:
..\..\library\inc\stm32f10x_map.h:             const member "<unnamed>::CPUID"
..\..\library\inc\stm32f10x_map.h:   {
..\..\library\inc\stm32f10x_map.h:   ^
..\..\library\inc\stm32f10x_map.h(467): warning:  #368-D: class "<unnamed>" defines no constructor to initialize the following:
..\..\library\inc\stm32f10x_map.h:             const member "<unnamed>::RESPCMD"
..\..\library\inc\stm32f10x_map.h:             const member "<unnamed>::RESP1"
..\..\library\inc\stm32f10x_map.h:             const member "<unnamed>::RESP2"
..\..\library\inc\stm32f10x_map.h:             const member "<unnamed>::RESP3"
..\..\library\inc\stm32f10x_map.h:             const member "<unnamed>::RESP4"
..\..\library\inc\stm32f10x_map.h:             const member "<unnamed>::DCOUNT"
..\..\library\inc\stm32f10x_map.h:             const member "<unnamed>::STA"
..\..\library\inc\stm32f10x_map.h:             const member "<unnamed>::FIFOCNT"
..\..\library\inc\stm32f10x_map.h:   {
..\..\library\inc\stm32f10x_map.h:   ^
..\..\library\inc\stm32f10x_map.h(515): warning:  #368-D: class "<unnamed>" defines no constructor to initialize the following:
..\..\library\inc\stm32f10x_map.h:             const member "<unnamed>::CALIB"
..\..\library\inc\stm32f10x_map.h:   {
..\..\library\inc\stm32f10x_map.h:   ^
..\..\ap32lib\AP_ADC_HIL.h(31): warning:  #1300-D: Init inherits implicit virtual
..\..\ap32lib\AP_ADC_HIL.h:     void Init();
..\..\ap32lib\AP_ADC_HIL.h:          ^
..\..\ap32lib\AP_ADC_HIL.h(35): warning:  #1300-D: Ch inherits implicit virtual
..\..\ap32lib\AP_ADC_HIL.h:     int Ch(unsigned char ch_num);     
..\..\ap32lib\AP_ADC_HIL.h:         ^
..\..\ap32lib\AP_ADC_HIL.h(75): warning:  #186-D: pointless comparison of unsigned integer with zero
..\..\ap32lib\AP_ADC_HIL.h:             adcValue[sensors[index+3]] = (sensors[index+3] < 0) ? -temp : temp;
..\..\ap32lib\AP_ADC_HIL.h:                                                            ^
..\..\ap32lib\AP_ADC_ADS7844.h(19): warning:  #1300-D: Init inherits implicit virtual
..\..\ap32lib\AP_ADC_ADS7844.h:         void Init();
..\..\ap32lib\AP_ADC_ADS7844.h:              ^
..\..\ap32lib\AP_ADC_ADS7844.h(21): warning:  #1300-D: Ch inherits implicit virtual
..\..\ap32lib\AP_ADC_ADS7844.h:         int Ch(unsigned char ch_num);     
..\..\ap32lib\AP_ADC_ADS7844.h:             ^
..\..\ap32lib\AP_ADC_ADS7844.cpp(78): error:  #20: identifier "digitalWrite" is undefined
..\..\ap32lib\AP_ADC_ADS7844.cpp:     digitalWrite(31,LOW);
..\..\ap32lib\AP_ADC_ADS7844.cpp:     ^
..\..\ap32lib\AP_ADC_ADS7844.cpp(110): error:  #20: identifier "pinMode" is undefined
..\..\ap32lib\AP_ADC_ADS7844.cpp:    pinMode(33,INPUT);
..\..\ap32lib\AP_ADC_ADS7844.cpp:    ^
..\..\ap32lib\AP_ADC_ADS7844.cpp(112): error:  #20: identifier "digitalWrite" is undefined
..\..\ap32lib\AP_ADC_ADS7844.cpp:    digitalWrite(31,HIGH);
..\..\ap32lib\AP_ADC_ADS7844.cpp:    ^
..\..\ap32lib\AP_ADC_ADS7844.cpp: ..\..\ap32lib\AP_ADC_ADS7844.cpp: 8 warnings, 3 errors
compiling AP_ADC_HIL.cpp...
..\..\ap32lib\AP_ADC_ADS7844.h(19): warning:  #1300-D: Init inherits implicit virtual
..\..\ap32lib\AP_ADC_ADS7844.h:         void Init();
..\..\ap32lib\AP_ADC_ADS7844.h:              ^
..\..\ap32lib\AP_ADC_ADS7844.h(21): warning:  #1300-D: Ch inherits implicit virtual
..\..\ap32lib\AP_ADC_ADS7844.h:         int Ch(unsigned char ch_num);     
..\..\ap32lib\AP_ADC_ADS7844.h:             ^
..\..\ap32lib\AP_ADC_HIL.h(31): warning:  #1300-D: Init inherits implicit virtual
..\..\ap32lib\AP_ADC_HIL.h:     void Init();
..\..\ap32lib\AP_ADC_HIL.h:          ^
..\..\ap32lib\AP_ADC_HIL.h(35): warning:  #1300-D: Ch inherits implicit virtual
..\..\ap32lib\AP_ADC_HIL.h:     int Ch(unsigned char ch_num);     
..\..\ap32lib\AP_ADC_HIL.h:         ^
..\..\ap32lib\AP_ADC_HIL.h(75): warning:  #186-D: pointless comparison of unsigned integer with zero
..\..\ap32lib\AP_ADC_HIL.h:             adcValue[sensors[index+3]] = (sensors[index+3] < 0) ? -temp : temp;
..\..\ap32lib\AP_ADC_HIL.h:                                                            ^
..\..\ap32lib\AP_ADC_HIL.cpp(2): error:  #5: cannot open source input file "WProgram.h": No such file or directory
..\..\ap32lib\AP_ADC_HIL.cpp:   #include "WProgram.h"
..\..\ap32lib\AP_ADC_HIL.cpp:                        ^
..\..\ap32lib\AP_ADC_HIL.cpp: ..\..\ap32lib\AP_ADC_HIL.cpp: 5 warnings, 1 error
Target not created
Build target 'ET-STM32F103'
compiling AP_ADC_ADS7844.cpp...
..\..\library\inc\stm32f10x_map.h(401): warning:  #368-D: class "<unnamed>" defines no constructor to initialize the following:
..\..\library\inc\stm32f10x_map.h:             const member "<unnamed>::CPUID"
..\..\library\inc\stm32f10x_map.h:   {
..\..\library\inc\stm32f10x_map.h:   ^
..\..\library\inc\stm32f10x_map.h(467): warning:  #368-D: class "<unnamed>" defines no constructor to initialize the following:
..\..\library\inc\stm32f10x_map.h:             const member "<unnamed>::RESPCMD"
..\..\library\inc\stm32f10x_map.h:             const member "<unnamed>::RESP1"
..\..\library\inc\stm32f10x_map.h:             const member "<unnamed>::RESP2"
..\..\library\inc\stm32f10x_map.h:             const member "<unnamed>::RESP3"
..\..\library\inc\stm32f10x_map.h:             const member "<unnamed>::RESP4"
..\..\library\inc\stm32f10x_map.h:             const member "<unnamed>::DCOUNT"
..\..\library\inc\stm32f10x_map.h:             const member "<unnamed>::STA"
..\..\library\inc\stm32f10x_map.h:             const member "<unnamed>::FIFOCNT"
..\..\library\inc\stm32f10x_map.h:   {
..\..\library\inc\stm32f10x_map.h:   ^
..\..\library\inc\stm32f10x_map.h(515): warning:  #368-D: class "<unnamed>" defines no constructor to initialize the following:
..\..\library\inc\stm32f10x_map.h:             const member "<unnamed>::CALIB"
..\..\library\inc\stm32f10x_map.h:   {
..\..\library\inc\stm32f10x_map.h:   ^
..\..\ap32lib\AP_ADC_HIL.h(31): warning:  #1300-D: Init inherits implicit virtual
..\..\ap32lib\AP_ADC_HIL.h:     void Init();
..\..\ap32lib\AP_ADC_HIL.h:          ^
..\..\ap32lib\AP_ADC_HIL.h(35): warning:  #1300-D: Ch inherits implicit virtual
..\..\ap32lib\AP_ADC_HIL.h:     int Ch(unsigned char ch_num);     
..\..\ap32lib\AP_ADC_HIL.h:         ^
..\..\ap32lib\AP_ADC_HIL.h(75): warning:  #186-D: pointless comparison of unsigned integer with zero
..\..\ap32lib\AP_ADC_HIL.h:             adcValue[sensors[index+3]] = (sensors[index+3] < 0) ? -temp : temp;
..\..\ap32lib\AP_ADC_HIL.h:                                                            ^
..\..\ap32lib\AP_ADC_ADS7844.h(19): warning:  #1300-D: Init inherits implicit virtual
..\..\ap32lib\AP_ADC_ADS7844.h:         void Init();
..\..\ap32lib\AP_ADC_ADS7844.h:              ^
..\..\ap32lib\AP_ADC_ADS7844.h(21): warning:  #1300-D: Ch inherits implicit virtual
..\..\ap32lib\AP_ADC_ADS7844.h:         int Ch(unsigned char ch_num);     
..\..\ap32lib\AP_ADC_ADS7844.h:             ^
..\..\ap32lib\AP_ADC_ADS7844.cpp(78): error:  #20: identifier "digitalWrite" is undefined
..\..\ap32lib\AP_ADC_ADS7844.cpp:     digitalWrite(31,LOW);
..\..\ap32lib\AP_ADC_ADS7844.cpp:     ^
..\..\ap32lib\AP_ADC_ADS7844.cpp(110): error:  #20: identifier "pinMode" is undefined
..\..\ap32lib\AP_ADC_ADS7844.cpp:    pinMode(33,INPUT);
..\..\ap32lib\AP_ADC_ADS7844.cpp:    ^
..\..\ap32lib\AP_ADC_ADS7844.cpp(112): error:  #20: identifier "digitalWrite" is undefined
..\..\ap32lib\AP_ADC_ADS7844.cpp:    digitalWrite(31,HIGH);
..\..\ap32lib\AP_ADC_ADS7844.cpp:    ^
..\..\ap32lib\AP_ADC_ADS7844.cpp: ..\..\ap32lib\AP_ADC_ADS7844.cpp: 8 warnings, 3 errors
compiling AP_ADC_HIL.cpp...
..\..\ap32lib\AP_ADC_ADS7844.h(19): warning:  #1300-D: Init inherits implicit virtual
..\..\ap32lib\AP_ADC_ADS7844.h:         void Init();
..\..\ap32lib\AP_ADC_ADS7844.h:              ^
..\..\ap32lib\AP_ADC_ADS7844.h(21): warning:  #1300-D: Ch inherits implicit virtual
..\..\ap32lib\AP_ADC_ADS7844.h:         int Ch(unsigned char ch_num);     
..\..\ap32lib\AP_ADC_ADS7844.h:             ^
..\..\ap32lib\AP_ADC_HIL.h(31): warning:  #1300-D: Init inherits implicit virtual
..\..\ap32lib\AP_ADC_HIL.h:     void Init();
..\..\ap32lib\AP_ADC_HIL.h:          ^
..\..\ap32lib\AP_ADC_HIL.h(35): warning:  #1300-D: Ch inherits implicit virtual
..\..\ap32lib\AP_ADC_HIL.h:     int Ch(unsigned char ch_num);     
..\..\ap32lib\AP_ADC_HIL.h:         ^
..\..\ap32lib\AP_ADC_HIL.h(75): warning:  #186-D: pointless comparison of unsigned integer with zero
..\..\ap32lib\AP_ADC_HIL.h:             adcValue[sensors[index+3]] = (sensors[index+3] < 0) ? -temp : temp;
..\..\ap32lib\AP_ADC_HIL.h:                                                            ^
..\..\library\inc\stm32f10x_map.h(401): warning:  #368-D: class "<unnamed>" defines no constructor to initialize the following:
..\..\library\inc\stm32f10x_map.h:             const member "<unnamed>::CPUID"
..\..\library\inc\stm32f10x_map.h:   {
..\..\library\inc\stm32f10x_map.h:   ^
..\..\library\inc\stm32f10x_map.h(467): warning:  #368-D: class "<unnamed>" defines no constructor to initialize the following:
..\..\library\inc\stm32f10x_map.h:             const member "<unnamed>::RESPCMD"
..\..\library\inc\stm32f10x_map.h:             const member "<unnamed>::RESP1"
..\..\library\inc\stm32f10x_map.h:             const member "<unnamed>::RESP2"
..\..\library\inc\stm32f10x_map.h:             const member "<unnamed>::RESP3"
..\..\library\inc\stm32f10x_map.h:             const member "<unnamed>::RESP4"
..\..\library\inc\stm32f10x_map.h:             const member "<unnamed>::DCOUNT"
..\..\library\inc\stm32f10x_map.h:             const member "<unnamed>::STA"
..\..\library\inc\stm32f10x_map.h:             const member "<unnamed>::FIFOCNT"
..\..\library\inc\stm32f10x_map.h:   {
..\..\library\inc\stm32f10x_map.h:   ^
..\..\library\inc\stm32f10x_map.h(515): warning:  #368-D: class "<unnamed>" defines no constructor to initialize the following:
..\..\library\inc\stm32f10x_map.h:             const member "<unnamed>::CALIB"
..\..\library\inc\stm32f10x_map.h:   {
..\..\library\inc\stm32f10x_map.h:   ^
..\..\ap32lib\AP_ADC_HIL.cpp(69): warning:  #940-D: missing return statement at end of non-void function "AP_ADC_HIL::setHIL"
..\..\ap32lib\AP_ADC_HIL.cpp:   }
..\..\ap32lib\AP_ADC_HIL.cpp:   ^
..\..\ap32lib\AP_ADC_HIL.cpp: ..\..\ap32lib\AP_ADC_HIL.cpp: 9 warnings, 0 errors
Target not created
Build target 'ET-STM32F103'
compiling AP_ADC_ADS7844.cpp...
..\..\library\inc\stm32f10x_map.h(401): warning:  #368-D: class "<unnamed>" defines no constructor to initialize the following:
..\..\library\inc\stm32f10x_map.h:             const member "<unnamed>::CPUID"
..\..\library\inc\stm32f10x_map.h:   {
..\..\library\inc\stm32f10x_map.h:   ^
..\..\library\inc\stm32f10x_map.h(467): warning:  #368-D: class "<unnamed>" defines no constructor to initialize the following:
..\..\library\inc\stm32f10x_map.h:             const member "<unnamed>::RESPCMD"
..\..\library\inc\stm32f10x_map.h:             const member "<unnamed>::RESP1"
..\..\library\inc\stm32f10x_map.h:             const member "<unnamed>::RESP2"
..\..\library\inc\stm32f10x_map.h:             const member "<unnamed>::RESP3"
..\..\library\inc\stm32f10x_map.h:             const member "<unnamed>::RESP4"
..\..\library\inc\stm32f10x_map.h:             const member "<unnamed>::DCOUNT"
..\..\library\inc\stm32f10x_map.h:             const member "<unnamed>::STA"
..\..\library\inc\stm32f10x_map.h:             const member "<unnamed>::FIFOCNT"
..\..\library\inc\stm32f10x_map.h:   {
..\..\library\inc\stm32f10x_map.h:   ^
..\..\library\inc\stm32f10x_map.h(515): warning:  #368-D: class "<unnamed>" defines no constructor to initialize the following:
..\..\library\inc\stm32f10x_map.h:             const member "<unnamed>::CALIB"
..\..\library\inc\stm32f10x_map.h:   {
..\..\library\inc\stm32f10x_map.h:   ^
..\..\ap32lib\AP_ADC_HIL.h(31): warning:  #1300-D: Init inherits implicit virtual
..\..\ap32lib\AP_ADC_HIL.h:     void Init();
..\..\ap32lib\AP_ADC_HIL.h:          ^
..\..\ap32lib\AP_ADC_HIL.h(35): warning:  #1300-D: Ch inherits implicit virtual
..\..\ap32lib\AP_ADC_HIL.h:     int Ch(unsigned char ch_num);     
..\..\ap32lib\AP_ADC_HIL.h:         ^
..\..\ap32lib\AP_ADC_HIL.h(75): warning:  #186-D: pointless comparison of unsigned integer with zero
..\..\ap32lib\AP_ADC_HIL.h:             adcValue[sensors[index+3]] = (sensors[index+3] < 0) ? -temp : temp;
..\..\ap32lib\AP_ADC_HIL.h:                                                            ^
..\..\ap32lib\AP_ADC_ADS7844.h(19): warning:  #1300-D: Init inherits implicit virtual
..\..\ap32lib\AP_ADC_ADS7844.h:         void Init();
..\..\ap32lib\AP_ADC_ADS7844.h:              ^
..\..\ap32lib\AP_ADC_ADS7844.h(21): warning:  #1300-D: Ch inherits implicit virtual
..\..\ap32lib\AP_ADC_ADS7844.h:         int Ch(unsigned char ch_num);     
..\..\ap32lib\AP_ADC_ADS7844.h:             ^
..\..\ap32lib\AP_ADC_ADS7844.cpp(78): error:  #20: identifier "digitalWrite" is undefined
..\..\ap32lib\AP_ADC_ADS7844.cpp:     digitalWrite(31,LOW);
..\..\ap32lib\AP_ADC_ADS7844.cpp:     ^
..\..\ap32lib\AP_ADC_ADS7844.cpp(110): error:  #20: identifier "pinMode" is undefined
..\..\ap32lib\AP_ADC_ADS7844.cpp:    pinMode(33,INPUT);
..\..\ap32lib\AP_ADC_ADS7844.cpp:    ^
..\..\ap32lib\AP_ADC_ADS7844.cpp(112): error:  #20: identifier "digitalWrite" is undefined
..\..\ap32lib\AP_ADC_ADS7844.cpp:    digitalWrite(31,HIGH);
..\..\ap32lib\AP_ADC_ADS7844.cpp:    ^
..\..\ap32lib\AP_ADC_ADS7844.cpp: ..\..\ap32lib\AP_ADC_ADS7844.cpp: 8 warnings, 3 errors
Target not created
Build target 'ET-STM32F103'
compiling AP_ADC_ADS7844.cpp...
..\..\library\inc\stm32f10x_map.h(401): warning:  #368-D: class "<unnamed>" defines no constructor to initialize the following:
..\..\library\inc\stm32f10x_map.h:             const member "<unnamed>::CPUID"
..\..\library\inc\stm32f10x_map.h:   {
..\..\library\inc\stm32f10x_map.h:   ^
..\..\library\inc\stm32f10x_map.h(467): warning:  #368-D: class "<unnamed>" defines no constructor to initialize the following:
..\..\library\inc\stm32f10x_map.h:             const member "<unnamed>::RESPCMD"
..\..\library\inc\stm32f10x_map.h:             const member "<unnamed>::RESP1"
..\..\library\inc\stm32f10x_map.h:             const member "<unnamed>::RESP2"
..\..\library\inc\stm32f10x_map.h:             const member "<unnamed>::RESP3"
..\..\library\inc\stm32f10x_map.h:             const member "<unnamed>::RESP4"
..\..\library\inc\stm32f10x_map.h:             const member "<unnamed>::DCOUNT"
..\..\library\inc\stm32f10x_map.h:             const member "<unnamed>::STA"
..\..\library\inc\stm32f10x_map.h:             const member "<unnamed>::FIFOCNT"
..\..\library\inc\stm32f10x_map.h:   {
..\..\library\inc\stm32f10x_map.h:   ^
..\..\library\inc\stm32f10x_map.h(515): warning:  #368-D: class "<unnamed>" defines no constructor to initialize the following:
..\..\library\inc\stm32f10x_map.h:             const member "<unnamed>::CALIB"
..\..\library\inc\stm32f10x_map.h:   {
..\..\library\inc\stm32f10x_map.h:   ^
..\..\ap32lib\AP_ADC_HIL.h(31): warning:  #1300-D: Init inherits implicit virtual
..\..\ap32lib\AP_ADC_HIL.h:     void Init();
..\..\ap32lib\AP_ADC_HIL.h:          ^
..\..\ap32lib\AP_ADC_HIL.h(35): warning:  #1300-D: Ch inherits implicit virtual
..\..\ap32lib\AP_ADC_HIL.h:     int Ch(unsigned char ch_num);     
..\..\ap32lib\AP_ADC_HIL.h:         ^
..\..\ap32lib\AP_ADC_HIL.h(75): warning:  #186-D: pointless comparison of unsigned integer with zero
..\..\ap32lib\AP_ADC_HIL.h:             adcValue[sensors[index+3]] = (sensors[index+3] < 0) ? -temp : temp;
..\..\ap32lib\AP_ADC_HIL.h:                                                            ^
..\..\ap32lib\AP_ADC_ADS7844.h(19): warning:  #1300-D: Init inherits implicit virtual
..\..\ap32lib\AP_ADC_ADS7844.h:         void Init();
..\..\ap32lib\AP_ADC_ADS7844.h:              ^
..\..\ap32lib\AP_ADC_ADS7844.h(21): warning:  #1300-D: Ch inherits implicit virtual
..\..\ap32lib\AP_ADC_ADS7844.h:         int Ch(unsigned char ch_num);     
..\..\ap32lib\AP_ADC_ADS7844.h:             ^
..\..\ap32lib\AP_ADC_ADS7844.cpp(79): error:  #20: identifier "digitalWrite" is undefined
..\..\ap32lib\AP_ADC_ADS7844.cpp:     digitalWrite(31,LOW);
..\..\ap32lib\AP_ADC_ADS7844.cpp:     ^
..\..\ap32lib\AP_ADC_ADS7844.cpp(111): error:  #20: identifier "pinMode" is undefined
..\..\ap32lib\AP_ADC_ADS7844.cpp:    pinMode(33,INPUT);
..\..\ap32lib\AP_ADC_ADS7844.cpp:    ^
..\..\ap32lib\AP_ADC_ADS7844.cpp(113): error:  #20: identifier "digitalWrite" is undefined
..\..\ap32lib\AP_ADC_ADS7844.cpp:    digitalWrite(31,HIGH);
..\..\ap32lib\AP_ADC_ADS7844.cpp:    ^
..\..\ap32lib\AP_ADC_ADS7844.cpp: ..\..\ap32lib\AP_ADC_ADS7844.cpp: 8 warnings, 3 errors
Target not created
Build target 'ET-STM32F103'
compiling AP_ADC_ADS7844.cpp...
..\..\library\inc\stm32f10x_map.h(401): warning:  #368-D: class "<unnamed>" defines no constructor to initialize the following:
..\..\library\inc\stm32f10x_map.h:             const member "<unnamed>::CPUID"
..\..\library\inc\stm32f10x_map.h:   {
..\..\library\inc\stm32f10x_map.h:   ^
..\..\library\inc\stm32f10x_map.h(467): warning:  #368-D: class "<unnamed>" defines no constructor to initialize the following:
..\..\library\inc\stm32f10x_map.h:             const member "<unnamed>::RESPCMD"
..\..\library\inc\stm32f10x_map.h:             const member "<unnamed>::RESP1"
..\..\library\inc\stm32f10x_map.h:             const member "<unnamed>::RESP2"
..\..\library\inc\stm32f10x_map.h:             const member "<unnamed>::RESP3"
..\..\library\inc\stm32f10x_map.h:             const member "<unnamed>::RESP4"
..\..\library\inc\stm32f10x_map.h:             const member "<unnamed>::DCOUNT"
..\..\library\inc\stm32f10x_map.h:             const member "<unnamed>::STA"
..\..\library\inc\stm32f10x_map.h:             const member "<unnamed>::FIFOCNT"
..\..\library\inc\stm32f10x_map.h:   {
..\..\library\inc\stm32f10x_map.h:   ^
..\..\library\inc\stm32f10x_map.h(515): warning:  #368-D: class "<unnamed>" defines no constructor to initialize the following:
..\..\library\inc\stm32f10x_map.h:             const member "<unnamed>::CALIB"
..\..\library\inc\stm32f10x_map.h:   {
..\..\library\inc\stm32f10x_map.h:   ^
..\..\ap32lib\AP_ADC_HIL.h(31): warning:  #1300-D: Init inherits implicit virtual
..\..\ap32lib\AP_ADC_HIL.h:     void Init();
..\..\ap32lib\AP_ADC_HIL.h:          ^
..\..\ap32lib\AP_ADC_HIL.h(35): warning:  #1300-D: Ch inherits implicit virtual
..\..\ap32lib\AP_ADC_HIL.h:     int Ch(unsigned char ch_num);     
..\..\ap32lib\AP_ADC_HIL.h:         ^
..\..\ap32lib\AP_ADC_HIL.h(75): warning:  #186-D: pointless comparison of unsigned integer with zero
..\..\ap32lib\AP_ADC_HIL.h:             adcValue[sensors[index+3]] = (sensors[index+3] < 0) ? -temp : temp;
..\..\ap32lib\AP_ADC_HIL.h:                                                            ^
..\..\ap32lib\AP_ADC_ADS7844.h(19): warning:  #1300-D: Init inherits implicit virtual
..\..\ap32lib\AP_ADC_ADS7844.h:         void Init();
..\..\ap32lib\AP_ADC_ADS7844.h:              ^
..\..\ap32lib\AP_ADC_ADS7844.h(21): warning:  #1300-D: Ch inherits implicit virtual
..\..\ap32lib\AP_ADC_ADS7844.h:         int Ch(unsigned char ch_num);     
..\..\ap32lib\AP_ADC_ADS7844.h:             ^
..\..\ap32lib\AP_ADC_ADS7844.cpp(68): warning: C3017W: ret_byte may be used before being set
..\..\ap32lib\AP_ADC_ADS7844.cpp:       unsigned char ret_byte;
..\..\ap32lib\AP_ADC_ADS7844.cpp:                ^
..\..\ap32lib\AP_ADC_ADS7844.cpp(68): warning: C3017W: ret_byte may be used before being set
..\..\ap32lib\AP_ADC_ADS7844.cpp:       unsigned char ret_byte;
..\..\ap32lib\AP_ADC_ADS7844.cpp:                ^
..\..\ap32lib\AP_ADC_ADS7844.cpp: ..\..\ap32lib\AP_ADC_ADS7844.cpp: 10 warnings, 0 errors
linking...
.\Obj\Xduino-v0.31.axf: Error: L6200E: Symbol EXTI_ALL_IRQ_Function multiply defined (by ap_adc_ads7844.o and main.o).
.\Obj\Xduino-v0.31.axf: Error: L6200E: Symbol EXTI_ALL_IRQ_Function multiply defined (by ap_adc_hil.o and main.o).
.\Obj\Xduino-v0.31.axf: Error: L6200E: Symbol SysTick_IRQ_Function multiply defined (by ap_adc_ads7844.o and main.o).
.\Obj\Xduino-v0.31.axf: Error: L6200E: Symbol SysTick_IRQ_Function multiply defined (by ap_adc_hil.o and main.o).
.\Obj\Xduino-v0.31.axf: Error: L6200E: Symbol UART4_IRQ_Function multiply defined (by ap_adc_ads7844.o and main.o).
.\Obj\Xduino-v0.31.axf: Error: L6200E: Symbol UART4_IRQ_Function multiply defined (by ap_adc_hil.o and main.o).
.\Obj\Xduino-v0.31.axf: Error: L6200E: Symbol UART5_IRQ_Function multiply defined (by ap_adc_ads7844.o and main.o).
.\Obj\Xduino-v0.31.axf: Error: L6200E: Symbol UART5_IRQ_Function multiply defined (by ap_adc_hil.o and main.o).
.\Obj\Xduino-v0.31.axf: Error: L6200E: Symbol USART1_IRQ_Function multiply defined (by ap_adc_ads7844.o and main.o).
.\Obj\Xduino-v0.31.axf: Error: L6200E: Symbol USART1_IRQ_Function multiply defined (by ap_adc_hil.o and main.o).
.\Obj\Xduino-v0.31.axf: Error: L6200E: Symbol USART2_IRQ_Function multiply defined (by ap_adc_ads7844.o and main.o).
.\Obj\Xduino-v0.31.axf: Error: L6200E: Symbol USART2_IRQ_Function multiply defined (by ap_adc_hil.o and main.o).
.\Obj\Xduino-v0.31.axf: Error: L6200E: Symbol USART3_IRQ_Function multiply defined (by ap_adc_ads7844.o and main.o).
.\Obj\Xduino-v0.31.axf: Error: L6200E: Symbol USART3_IRQ_Function multiply defined (by ap_adc_hil.o and main.o).
.\Obj\Xduino-v0.31.axf: Error: L6200E: Symbol EXTI_Function_Pointer multiply defined (by ap_adc_ads7844.o and main.o).
.\Obj\Xduino-v0.31.axf: Error: L6200E: Symbol EXTI_Function_Pointer multiply defined (by ap_adc_hil.o and main.o).
.\Obj\Xduino-v0.31.axf: Error: L6200E: Symbol Serial1 multiply defined (by ap_adc_ads7844.o and main.o).
.\Obj\Xduino-v0.31.axf: Error: L6200E: Symbol Serial1 multiply defined (by ap_adc_hil.o and main.o).
.\Obj\Xduino-v0.31.axf: Error: L6200E: Symbol Serial2 multiply defined (by ap_adc_ads7844.o and main.o).
.\Obj\Xduino-v0.31.axf: Error: L6200E: Symbol Serial2 multiply defined (by ap_adc_hil.o and main.o).
.\Obj\Xduino-v0.31.axf: Error: L6200E: Symbol Serial3 multiply defined (by ap_adc_ads7844.o and main.o).
.\Obj\Xduino-v0.31.axf: Error: L6200E: Symbol Serial3 multiply defined (by ap_adc_hil.o and main.o).
.\Obj\Xduino-v0.31.axf: Error: L6200E: Symbol Serial4 multiply defined (by ap_adc_ads7844.o and main.o).
.\Obj\Xduino-v0.31.axf: Error: L6200E: Symbol Serial4 multiply defined (by ap_adc_hil.o and main.o).
.\Obj\Xduino-v0.31.axf: Error: L6200E: Symbol Serial5 multiply defined (by ap_adc_ads7844.o and main.o).
.\Obj\Xduino-v0.31.axf: Error: L6200E: Symbol Serial5 multiply defined (by ap_adc_hil.o and main.o).
.\Obj\Xduino-v0.31.axf: Error: L6200E: Symbol SystemUptime multiply defined (by ap_adc_ads7844.o and main.o).
.\Obj\Xduino-v0.31.axf: Error: L6200E: Symbol SystemUptime multiply defined (by ap_adc_hil.o and main.o).
.\Obj\Xduino-v0.31.axf: Error: L6200E: Symbol SysTick_Use_Counter multiply defined (by ap_adc_ads7844.o and main.o).
.\Obj\Xduino-v0.31.axf: Error: L6200E: Symbol SysTick_Use_Counter multiply defined (by ap_adc_hil.o and main.o).
.\Obj\Xduino-v0.31.axf: Error: L6200E: Symbol SysTick_Init() multiply defined (by ap_adc_ads7844.o and main.o).
.\Obj\Xduino-v0.31.axf: Error: L6200E: Symbol SysTick_Init() multiply defined (by ap_adc_hil.o and main.o).
.\Obj\Xduino-v0.31.axf: Error: L6200E: Symbol RCC_Configuration() multiply defined (by ap_adc_ads7844.o and main.o).
.\Obj\Xduino-v0.31.axf: Error: L6200E: Symbol RCC_Configuration() multiply defined (by ap_adc_hil.o and main.o).
.\Obj\Xduino-v0.31.axf: Error: L6200E: Symbol NVIC_Configuration() multiply defined (by ap_adc_ads7844.o and main.o).
.\Obj\Xduino-v0.31.axf: Error: L6200E: Symbol NVIC_Configuration() multiply defined (by ap_adc_hil.o and main.o).
.\Obj\Xduino-v0.31.axf: Error: L6200E: Symbol NVIC_Init_Interrupt() multiply defined (by ap_adc_ads7844.o and main.o).
.\Obj\Xduino-v0.31.axf: Error: L6200E: Symbol NVIC_Init_Interrupt() multiply defined (by ap_adc_hil.o and main.o).
.\Obj\Xduino-v0.31.axf: Error: L6200E: Symbol doInit() multiply defined (by ap_adc_ads7844.o and main.o).
.\Obj\Xduino-v0.31.axf: Error: L6200E: Symbol doInit() multiply defined (by ap_adc_hil.o and main.o).
.\Obj\Xduino-v0.31.axf: Not enough information to produce a FEEDBACK file.
.\Obj\Xduino-v0.31.axf: Not enough information to list image symbols.
.\Obj\Xduino-v0.31.axf: Not enough information to list the image map.
.\Obj\Xduino-v0.31.axf: Finished: 3 information, 0 warning and 40 error messages.
Target not created
Build target 'ET-STM32F103'
compiling main.cpp...
..\..\library\inc\stm32f10x_map.h(401): warning:  #368-D: class "<unnamed>" defines no constructor to initialize the following:
..\..\library\inc\stm32f10x_map.h:             const member "<unnamed>::CPUID"
..\..\library\inc\stm32f10x_map.h:   {
..\..\library\inc\stm32f10x_map.h:   ^
..\..\library\inc\stm32f10x_map.h(467): warning:  #368-D: class "<unnamed>" defines no constructor to initialize the following:
..\..\library\inc\stm32f10x_map.h:             const member "<unnamed>::RESPCMD"
..\..\library\inc\stm32f10x_map.h:             const member "<unnamed>::RESP1"
..\..\library\inc\stm32f10x_map.h:             const member "<unnamed>::RESP2"
..\..\library\inc\stm32f10x_map.h:             const member "<unnamed>::RESP3"
..\..\library\inc\stm32f10x_map.h:             const member "<unnamed>::RESP4"
..\..\library\inc\stm32f10x_map.h:             const member "<unnamed>::DCOUNT"
..\..\library\inc\stm32f10x_map.h:             const member "<unnamed>::STA"
..\..\library\inc\stm32f10x_map.h:             const member "<unnamed>::FIFOCNT"
..\..\library\inc\stm32f10x_map.h:   {
..\..\library\inc\stm32f10x_map.h:   ^
..\..\library\inc\stm32f10x_map.h(515): warning:  #368-D: class "<unnamed>" defines no constructor to initialize the following:
..\..\library\inc\stm32f10x_map.h:             const member "<unnamed>::CALIB"
..\..\library\inc\stm32f10x_map.h:   {
..\..\library\inc\stm32f10x_map.h:   ^
..\main.h(35): error:  #5: cannot open source input file "AP_ADC.h": No such file or directory
..\main.h:   #include "AP_ADC.h"
..\main.h:                      ^
..\main.h: ..\main.cpp: 3 warnings, 1 error
compiling AP_ADC_ADS7844.cpp...
..\..\library\inc\stm32f10x_map.h(401): warning:  #368-D: class "<unnamed>" defines no constructor to initialize the following:
..\..\library\inc\stm32f10x_map.h:             const member "<unnamed>::CPUID"
..\..\library\inc\stm32f10x_map.h:   {
..\..\library\inc\stm32f10x_map.h:   ^
..\..\library\inc\stm32f10x_map.h(467): warning:  #368-D: class "<unnamed>" defines no constructor to initialize the following:
..\..\library\inc\stm32f10x_map.h:             const member "<unnamed>::RESPCMD"
..\..\library\inc\stm32f10x_map.h:             const member "<unnamed>::RESP1"
..\..\library\inc\stm32f10x_map.h:             const member "<unnamed>::RESP2"
..\..\library\inc\stm32f10x_map.h:             const member "<unnamed>::RESP3"
..\..\library\inc\stm32f10x_map.h:             const member "<unnamed>::RESP4"
..\..\library\inc\stm32f10x_map.h:             const member "<unnamed>::DCOUNT"
..\..\library\inc\stm32f10x_map.h:             const member "<unnamed>::STA"
..\..\library\inc\stm32f10x_map.h:             const member "<unnamed>::FIFOCNT"
..\..\library\inc\stm32f10x_map.h:   {
..\..\library\inc\stm32f10x_map.h:   ^
..\..\library\inc\stm32f10x_map.h(515): warning:  #368-D: class "<unnamed>" defines no constructor to initialize the following:
..\..\library\inc\stm32f10x_map.h:             const member "<unnamed>::CALIB"
..\..\library\inc\stm32f10x_map.h:   {
..\..\library\inc\stm32f10x_map.h:   ^
..\..\ap32lib\AP_ADC_HIL.h(31): warning:  #1300-D: Init inherits implicit virtual
..\..\ap32lib\AP_ADC_HIL.h:     void Init();
..\..\ap32lib\AP_ADC_HIL.h:          ^
..\..\ap32lib\AP_ADC_HIL.h(35): warning:  #1300-D: Ch inherits implicit virtual
..\..\ap32lib\AP_ADC_HIL.h:     int Ch(unsigned char ch_num);     
..\..\ap32lib\AP_ADC_HIL.h:         ^
..\..\ap32lib\AP_ADC_HIL.h(75): warning:  #186-D: pointless comparison of unsigned integer with zero
..\..\ap32lib\AP_ADC_HIL.h:             adcValue[sensors[index+3]] = (sensors[index+3] < 0) ? -temp : temp;
..\..\ap32lib\AP_ADC_HIL.h:                                                            ^
..\..\ap32lib\AP_ADC_ADS7844.h(19): warning:  #1300-D: Init inherits implicit virtual
..\..\ap32lib\AP_ADC_ADS7844.h:         void Init();
..\..\ap32lib\AP_ADC_ADS7844.h:              ^
..\..\ap32lib\AP_ADC_ADS7844.h(21): warning:  #1300-D: Ch inherits implicit virtual
..\..\ap32lib\AP_ADC_ADS7844.h:         int Ch(unsigned char ch_num);     
..\..\ap32lib\AP_ADC_ADS7844.h:             ^
..\..\ap32lib\AP_ADC_ADS7844.cpp(77): error:  #20: identifier "LOW" is undefined
..\..\ap32lib\AP_ADC_ADS7844.cpp:     digitalWrite(31,LOW);
..\..\ap32lib\AP_ADC_ADS7844.cpp:                     ^
..\..\ap32lib\AP_ADC_ADS7844.cpp(77): error:  #20: identifier "digitalWrite" is undefined
..\..\ap32lib\AP_ADC_ADS7844.cpp:     digitalWrite(31,LOW);
..\..\ap32lib\AP_ADC_ADS7844.cpp:     ^
..\..\ap32lib\AP_ADC_ADS7844.cpp(91): error:  #20: identifier "HIGH" is undefined
..\..\ap32lib\AP_ADC_ADS7844.cpp:     digitalWrite(31,HIGH);
..\..\ap32lib\AP_ADC_ADS7844.cpp:                     ^
..\..\ap32lib\AP_ADC_ADS7844.cpp(109): error:  #20: identifier "INPUT" is undefined
..\..\ap32lib\AP_ADC_ADS7844.cpp:    pinMode(33,INPUT);
..\..\ap32lib\AP_ADC_ADS7844.cpp:               ^
..\..\ap32lib\AP_ADC_ADS7844.cpp(109): error:  #20: identifier "pinMode" is undefined
..\..\ap32lib\AP_ADC_ADS7844.cpp:    pinMode(33,INPUT);
..\..\ap32lib\AP_ADC_ADS7844.cpp:    ^
..\..\ap32lib\AP_ADC_ADS7844.cpp(110): error:  #20: identifier "OUTPUT" is undefined
..\..\ap32lib\AP_ADC_ADS7844.cpp:    pinMode(31,OUTPUT);
..\..\ap32lib\AP_ADC_ADS7844.cpp:               ^
..\..\ap32lib\AP_ADC_ADS7844.cpp(111): error:  #20: identifier "HIGH" is undefined
..\..\ap32lib\AP_ADC_ADS7844.cpp:    digitalWrite(31,HIGH);
..\..\ap32lib\AP_ADC_ADS7844.cpp:                    ^
..\..\ap32lib\AP_ADC_ADS7844.cpp(111): error:  #20: identifier "digitalWrite" is undefined
..\..\ap32lib\AP_ADC_ADS7844.cpp:    digitalWrite(31,HIGH);
..\..\ap32lib\AP_ADC_ADS7844.cpp:    ^
..\..\ap32lib\AP_ADC_ADS7844.cpp: ..\..\ap32lib\AP_ADC_ADS7844.cpp: 8 warnings, 8 errors
compiling AP_ADC_HIL.cpp...
..\..\ap32lib\AP_ADC_ADS7844.h(19): warning:  #1300-D: Init inherits implicit virtual
..\..\ap32lib\AP_ADC_ADS7844.h:         void Init();
..\..\ap32lib\AP_ADC_ADS7844.h:              ^
..\..\ap32lib\AP_ADC_ADS7844.h(21): warning:  #1300-D: Ch inherits implicit virtual
..\..\ap32lib\AP_ADC_ADS7844.h:         int Ch(unsigned char ch_num);     
..\..\ap32lib\AP_ADC_ADS7844.h:             ^
..\..\ap32lib\AP_ADC_HIL.h(31): warning:  #1300-D: Init inherits implicit virtual
..\..\ap32lib\AP_ADC_HIL.h:     void Init();
..\..\ap32lib\AP_ADC_HIL.h:          ^
..\..\ap32lib\AP_ADC_HIL.h(35): warning:  #1300-D: Ch inherits implicit virtual
..\..\ap32lib\AP_ADC_HIL.h:     int Ch(unsigned char ch_num);     
..\..\ap32lib\AP_ADC_HIL.h:         ^
..\..\ap32lib\AP_ADC_HIL.h(75): warning:  #186-D: pointless comparison of unsigned integer with zero
..\..\ap32lib\AP_ADC_HIL.h:             adcValue[sensors[index+3]] = (sensors[index+3] < 0) ? -temp : temp;
..\..\ap32lib\AP_ADC_HIL.h:                                                            ^
..\..\library\inc\stm32f10x_map.h(401): warning:  #368-D: class "<unnamed>" defines no constructor to initialize the following:
..\..\library\inc\stm32f10x_map.h:             const member "<unnamed>::CPUID"
..\..\library\inc\stm32f10x_map.h:   {
..\..\library\inc\stm32f10x_map.h:   ^
..\..\library\inc\stm32f10x_map.h(467): warning:  #368-D: class "<unnamed>" defines no constructor to initialize the following:
..\..\library\inc\stm32f10x_map.h:             const member "<unnamed>::RESPCMD"
..\..\library\inc\stm32f10x_map.h:             const member "<unnamed>::RESP1"
..\..\library\inc\stm32f10x_map.h:             const member "<unnamed>::RESP2"
..\..\library\inc\stm32f10x_map.h:             const member "<unnamed>::RESP3"
..\..\library\inc\stm32f10x_map.h:             const member "<unnamed>::RESP4"
..\..\library\inc\stm32f10x_map.h:             const member "<unnamed>::DCOUNT"
..\..\library\inc\stm32f10x_map.h:             const member "<unnamed>::STA"
..\..\library\inc\stm32f10x_map.h:             const member "<unnamed>::FIFOCNT"
..\..\library\inc\stm32f10x_map.h:   {
..\..\library\inc\stm32f10x_map.h:   ^
..\..\library\inc\stm32f10x_map.h(515): warning:  #368-D: class "<unnamed>" defines no constructor to initialize the following:
..\..\library\inc\stm32f10x_map.h:             const member "<unnamed>::CALIB"
..\..\library\inc\stm32f10x_map.h:   {
..\..\library\inc\stm32f10x_map.h:   ^
..\..\project\main.h(35): error:  #5: cannot open source input file "AP_ADC.h": No such file or directory
..\..\project\main.h:   #include "AP_ADC.h"
..\..\project\main.h:                      ^
..\..\project\main.h: ..\..\ap32lib\AP_ADC_HIL.cpp: 8 warnings, 1 error
Target not created
Build target 'ET-STM32F103'
compiling main.cpp...
..\..\library\inc\stm32f10x_map.h(401): warning:  #368-D: class "<unnamed>" defines no constructor to initialize the following:
..\..\library\inc\stm32f10x_map.h:             const member "<unnamed>::CPUID"
..\..\library\inc\stm32f10x_map.h:   {
..\..\library\inc\stm32f10x_map.h:   ^
..\..\library\inc\stm32f10x_map.h(467): warning:  #368-D: class "<unnamed>" defines no constructor to initialize the following:
..\..\library\inc\stm32f10x_map.h:             const member "<unnamed>::RESPCMD"
..\..\library\inc\stm32f10x_map.h:             const member "<unnamed>::RESP1"
..\..\library\inc\stm32f10x_map.h:             const member "<unnamed>::RESP2"
..\..\library\inc\stm32f10x_map.h:             const member "<unnamed>::RESP3"
..\..\library\inc\stm32f10x_map.h:             const member "<unnamed>::RESP4"
..\..\library\inc\stm32f10x_map.h:             const member "<unnamed>::DCOUNT"
..\..\library\inc\stm32f10x_map.h:             const member "<unnamed>::STA"
..\..\library\inc\stm32f10x_map.h:             const member "<unnamed>::FIFOCNT"
..\..\library\inc\stm32f10x_map.h:   {
..\..\library\inc\stm32f10x_map.h:   ^
..\..\library\inc\stm32f10x_map.h(515): warning:  #368-D: class "<unnamed>" defines no constructor to initialize the following:
..\..\library\inc\stm32f10x_map.h:             const member "<unnamed>::CALIB"
..\..\library\inc\stm32f10x_map.h:   {
..\..\library\inc\stm32f10x_map.h:   ^
..\main.h(35): error:  #5: cannot open source input file "ap32lib\AP_ADC.h": No such file or directory
..\main.h:   #include "ap32lib\AP_ADC.h"
..\main.h:                              ^
..\main.h: ..\main.cpp: 3 warnings, 1 error
compiling AP_ADC_ADS7844.cpp...
..\..\library\inc\stm32f10x_map.h(401): warning:  #368-D: class "<unnamed>" defines no constructor to initialize the following:
..\..\library\inc\stm32f10x_map.h:             const member "<unnamed>::CPUID"
..\..\library\inc\stm32f10x_map.h:   {
..\..\library\inc\stm32f10x_map.h:   ^
..\..\library\inc\stm32f10x_map.h(467): warning:  #368-D: class "<unnamed>" defines no constructor to initialize the following:
..\..\library\inc\stm32f10x_map.h:             const member "<unnamed>::RESPCMD"
..\..\library\inc\stm32f10x_map.h:             const member "<unnamed>::RESP1"
..\..\library\inc\stm32f10x_map.h:             const member "<unnamed>::RESP2"
..\..\library\inc\stm32f10x_map.h:             const member "<unnamed>::RESP3"
..\..\library\inc\stm32f10x_map.h:             const member "<unnamed>::RESP4"
..\..\library\inc\stm32f10x_map.h:             const member "<unnamed>::DCOUNT"
..\..\library\inc\stm32f10x_map.h:             const member "<unnamed>::STA"
..\..\library\inc\stm32f10x_map.h:             const member "<unnamed>::FIFOCNT"
..\..\library\inc\stm32f10x_map.h:   {
..\..\library\inc\stm32f10x_map.h:   ^
..\..\library\inc\stm32f10x_map.h(515): warning:  #368-D: class "<unnamed>" defines no constructor to initialize the following:
..\..\library\inc\stm32f10x_map.h:             const member "<unnamed>::CALIB"
..\..\library\inc\stm32f10x_map.h:   {
..\..\library\inc\stm32f10x_map.h:   ^
..\..\ap32lib\AP_ADC_HIL.h(31): warning:  #1300-D: Init inherits implicit virtual
..\..\ap32lib\AP_ADC_HIL.h:     void Init();
..\..\ap32lib\AP_ADC_HIL.h:          ^
..\..\ap32lib\AP_ADC_HIL.h(35): warning:  #1300-D: Ch inherits implicit virtual
..\..\ap32lib\AP_ADC_HIL.h:     int Ch(unsigned char ch_num);     
..\..\ap32lib\AP_ADC_HIL.h:         ^
..\..\ap32lib\AP_ADC_HIL.h(75): warning:  #186-D: pointless comparison of unsigned integer with zero
..\..\ap32lib\AP_ADC_HIL.h:             adcValue[sensors[index+3]] = (sensors[index+3] < 0) ? -temp : temp;
..\..\ap32lib\AP_ADC_HIL.h:                                                            ^
..\..\ap32lib\AP_ADC_ADS7844.h(19): warning:  #1300-D: Init inherits implicit virtual
..\..\ap32lib\AP_ADC_ADS7844.h:         void Init();
..\..\ap32lib\AP_ADC_ADS7844.h:              ^
..\..\ap32lib\AP_ADC_ADS7844.h(21): warning:  #1300-D: Ch inherits implicit virtual
..\..\ap32lib\AP_ADC_ADS7844.h:         int Ch(unsigned char ch_num);     
..\..\ap32lib\AP_ADC_ADS7844.h:             ^
..\..\ap32lib\AP_ADC_ADS7844.cpp(77): error:  #20: identifier "LOW" is undefined
..\..\ap32lib\AP_ADC_ADS7844.cpp:     digitalWrite(31,LOW);
..\..\ap32lib\AP_ADC_ADS7844.cpp:                     ^
..\..\ap32lib\AP_ADC_ADS7844.cpp(77): error:  #20: identifier "digitalWrite" is undefined
..\..\ap32lib\AP_ADC_ADS7844.cpp:     digitalWrite(31,LOW);
..\..\ap32lib\AP_ADC_ADS7844.cpp:     ^
..\..\ap32lib\AP_ADC_ADS7844.cpp(91): error:  #20: identifier "HIGH" is undefined
..\..\ap32lib\AP_ADC_ADS7844.cpp:     digitalWrite(31,HIGH);
..\..\ap32lib\AP_ADC_ADS7844.cpp:                     ^
..\..\ap32lib\AP_ADC_ADS7844.cpp(109): error:  #20: identifier "INPUT" is undefined
..\..\ap32lib\AP_ADC_ADS7844.cpp:    pinMode(33,INPUT);
..\..\ap32lib\AP_ADC_ADS7844.cpp:               ^
..\..\ap32lib\AP_ADC_ADS7844.cpp(109): error:  #20: identifier "pinMode" is undefined
..\..\ap32lib\AP_ADC_ADS7844.cpp:    pinMode(33,INPUT);
..\..\ap32lib\AP_ADC_ADS7844.cpp:    ^
..\..\ap32lib\AP_ADC_ADS7844.cpp(110): error:  #20: identifier "OUTPUT" is undefined
..\..\ap32lib\AP_ADC_ADS7844.cpp:    pinMode(31,OUTPUT);
..\..\ap32lib\AP_ADC_ADS7844.cpp:               ^
..\..\ap32lib\AP_ADC_ADS7844.cpp(111): error:  #20: identifier "HIGH" is undefined
..\..\ap32lib\AP_ADC_ADS7844.cpp:    digitalWrite(31,HIGH);
..\..\ap32lib\AP_ADC_ADS7844.cpp:                    ^
..\..\ap32lib\AP_ADC_ADS7844.cpp(111): error:  #20: identifier "digitalWrite" is undefined
..\..\ap32lib\AP_ADC_ADS7844.cpp:    digitalWrite(31,HIGH);
..\..\ap32lib\AP_ADC_ADS7844.cpp:    ^
..\..\ap32lib\AP_ADC_ADS7844.cpp: ..\..\ap32lib\AP_ADC_ADS7844.cpp: 8 warnings, 8 errors
compiling AP_ADC_HIL.cpp...
..\..\ap32lib\AP_ADC_ADS7844.h(19): warning:  #1300-D: Init inherits implicit virtual
..\..\ap32lib\AP_ADC_ADS7844.h:         void Init();
..\..\ap32lib\AP_ADC_ADS7844.h:              ^
..\..\ap32lib\AP_ADC_ADS7844.h(21): warning:  #1300-D: Ch inherits implicit virtual
..\..\ap32lib\AP_ADC_ADS7844.h:         int Ch(unsigned char ch_num);     
..\..\ap32lib\AP_ADC_ADS7844.h:             ^
..\..\ap32lib\AP_ADC_HIL.h(31): warning:  #1300-D: Init inherits implicit virtual
..\..\ap32lib\AP_ADC_HIL.h:     void Init();
..\..\ap32lib\AP_ADC_HIL.h:          ^
..\..\ap32lib\AP_ADC_HIL.h(35): warning:  #1300-D: Ch inherits implicit virtual
..\..\ap32lib\AP_ADC_HIL.h:     int Ch(unsigned char ch_num);     
..\..\ap32lib\AP_ADC_HIL.h:         ^
..\..\ap32lib\AP_ADC_HIL.h(75): warning:  #186-D: pointless comparison of unsigned integer with zero
..\..\ap32lib\AP_ADC_HIL.h:             adcValue[sensors[index+3]] = (sensors[index+3] < 0) ? -temp : temp;
..\..\ap32lib\AP_ADC_HIL.h:                                                            ^
..\..\library\inc\stm32f10x_map.h(401): warning:  #368-D: class "<unnamed>" defines no constructor to initialize the following:
..\..\library\inc\stm32f10x_map.h:             const member "<unnamed>::CPUID"
..\..\library\inc\stm32f10x_map.h:   {
..\..\library\inc\stm32f10x_map.h:   ^
..\..\library\inc\stm32f10x_map.h(467): warning:  #368-D: class "<unnamed>" defines no constructor to initialize the following:
..\..\library\inc\stm32f10x_map.h:             const member "<unnamed>::RESPCMD"
..\..\library\inc\stm32f10x_map.h:             const member "<unnamed>::RESP1"
..\..\library\inc\stm32f10x_map.h:             const member "<unnamed>::RESP2"
..\..\library\inc\stm32f10x_map.h:             const member "<unnamed>::RESP3"
..\..\library\inc\stm32f10x_map.h:             const member "<unnamed>::RESP4"
..\..\library\inc\stm32f10x_map.h:             const member "<unnamed>::DCOUNT"
..\..\library\inc\stm32f10x_map.h:             const member "<unnamed>::STA"
..\..\library\inc\stm32f10x_map.h:             const member "<unnamed>::FIFOCNT"
..\..\library\inc\stm32f10x_map.h:   {
..\..\library\inc\stm32f10x_map.h:   ^
..\..\library\inc\stm32f10x_map.h(515): warning:  #368-D: class "<unnamed>" defines no constructor to initialize the following:
..\..\library\inc\stm32f10x_map.h:             const member "<unnamed>::CALIB"
..\..\library\inc\stm32f10x_map.h:   {
..\..\library\inc\stm32f10x_map.h:   ^
..\..\project\main.h(35): error:  #5: cannot open source input file "ap32lib\AP_ADC.h": No such file or directory
..\..\project\main.h:   #include "ap32lib\AP_ADC.h"
..\..\project\main.h:                              ^
..\..\project\main.h: ..\..\ap32lib\AP_ADC_HIL.cpp: 8 warnings, 1 error
Target not created
Build target 'ET-STM32F103'
compiling main.cpp...
..\..\library\inc\stm32f10x_map.h(401): warning:  #368-D: class "<unnamed>" defines no constructor to initialize the following:
..\..\library\inc\stm32f10x_map.h:             const member "<unnamed>::CPUID"
..\..\library\inc\stm32f10x_map.h:   {
..\..\library\inc\stm32f10x_map.h:   ^
..\..\library\inc\stm32f10x_map.h(467): warning:  #368-D: class "<unnamed>" defines no constructor to initialize the following:
..\..\library\inc\stm32f10x_map.h:             const member "<unnamed>::RESPCMD"
..\..\library\inc\stm32f10x_map.h:             const member "<unnamed>::RESP1"
..\..\library\inc\stm32f10x_map.h:             const member "<unnamed>::RESP2"
..\..\library\inc\stm32f10x_map.h:             const member "<unnamed>::RESP3"
..\..\library\inc\stm32f10x_map.h:             const member "<unnamed>::RESP4"
..\..\library\inc\stm32f10x_map.h:             const member "<unnamed>::DCOUNT"
..\..\library\inc\stm32f10x_map.h:             const member "<unnamed>::STA"
..\..\library\inc\stm32f10x_map.h:             const member "<unnamed>::FIFOCNT"
..\..\library\inc\stm32f10x_map.h:   {
..\..\library\inc\stm32f10x_map.h:   ^
..\..\library\inc\stm32f10x_map.h(515): warning:  #368-D: class "<unnamed>" defines no constructor to initialize the following:
..\..\library\inc\stm32f10x_map.h:             const member "<unnamed>::CALIB"
..\..\library\inc\stm32f10x_map.h:   {
..\..\library\inc\stm32f10x_map.h:   ^
..\main.h(35): error:  #5: cannot open source input file "ap32lib\AP_ADC.h": No such file or directory
..\main.h:   #include "ap32lib\AP_ADC.h"
..\main.h:                              ^
..\main.h: ..\main.cpp: 3 warnings, 1 error
compiling AP_ADC_ADS7844.cpp...
..\..\library\inc\stm32f10x_map.h(401): warning:  #368-D: class "<unnamed>" defines no constructor to initialize the following:
..\..\library\inc\stm32f10x_map.h:             const member "<unnamed>::CPUID"
..\..\library\inc\stm32f10x_map.h:   {
..\..\library\inc\stm32f10x_map.h:   ^
..\..\library\inc\stm32f10x_map.h(467): warning:  #368-D: class "<unnamed>" defines no constructor to initialize the following:
..\..\library\inc\stm32f10x_map.h:             const member "<unnamed>::RESPCMD"
..\..\library\inc\stm32f10x_map.h:             const member "<unnamed>::RESP1"
..\..\library\inc\stm32f10x_map.h:             const member "<unnamed>::RESP2"
..\..\library\inc\stm32f10x_map.h:             const member "<unnamed>::RESP3"
..\..\library\inc\stm32f10x_map.h:             const member "<unnamed>::RESP4"
..\..\library\inc\stm32f10x_map.h:             const member "<unnamed>::DCOUNT"
..\..\library\inc\stm32f10x_map.h:             const member "<unnamed>::STA"
..\..\library\inc\stm32f10x_map.h:             const member "<unnamed>::FIFOCNT"
..\..\library\inc\stm32f10x_map.h:   {
..\..\library\inc\stm32f10x_map.h:   ^
..\..\library\inc\stm32f10x_map.h(515): warning:  #368-D: class "<unnamed>" defines no constructor to initialize the following:
..\..\library\inc\stm32f10x_map.h:             const member "<unnamed>::CALIB"
..\..\library\inc\stm32f10x_map.h:   {
..\..\library\inc\stm32f10x_map.h:   ^
..\..\ap32lib\AP_ADC_HIL.h(31): warning:  #1300-D: Init inherits implicit virtual
..\..\ap32lib\AP_ADC_HIL.h:     void Init();
..\..\ap32lib\AP_ADC_HIL.h:          ^
..\..\ap32lib\AP_ADC_HIL.h(35): warning:  #1300-D: Ch inherits implicit virtual
..\..\ap32lib\AP_ADC_HIL.h:     int Ch(unsigned char ch_num);     
..\..\ap32lib\AP_ADC_HIL.h:         ^
..\..\ap32lib\AP_ADC_HIL.h(75): warning:  #186-D: pointless comparison of unsigned integer with zero
..\..\ap32lib\AP_ADC_HIL.h:             adcValue[sensors[index+3]] = (sensors[index+3] < 0) ? -temp : temp;
..\..\ap32lib\AP_ADC_HIL.h:                                                            ^
..\..\ap32lib\AP_ADC_ADS7844.h(19): warning:  #1300-D: Init inherits implicit virtual
..\..\ap32lib\AP_ADC_ADS7844.h:         void Init();
..\..\ap32lib\AP_ADC_ADS7844.h:              ^
..\..\ap32lib\AP_ADC_ADS7844.h(21): warning:  #1300-D: Ch inherits implicit virtual
..\..\ap32lib\AP_ADC_ADS7844.h:         int Ch(unsigned char ch_num);     
..\..\ap32lib\AP_ADC_ADS7844.h:             ^
..\..\ap32lib\AP_ADC_ADS7844.cpp(77): error:  #20: identifier "LOW" is undefined
..\..\ap32lib\AP_ADC_ADS7844.cpp:     digitalWrite(31,LOW);
..\..\ap32lib\AP_ADC_ADS7844.cpp:                     ^
..\..\ap32lib\AP_ADC_ADS7844.cpp(77): error:  #20: identifier "digitalWrite" is undefined
..\..\ap32lib\AP_ADC_ADS7844.cpp:     digitalWrite(31,LOW);
..\..\ap32lib\AP_ADC_ADS7844.cpp:     ^
..\..\ap32lib\AP_ADC_ADS7844.cpp(91): error:  #20: identifier "HIGH" is undefined
..\..\ap32lib\AP_ADC_ADS7844.cpp:     digitalWrite(31,HIGH);
..\..\ap32lib\AP_ADC_ADS7844.cpp:                     ^
..\..\ap32lib\AP_ADC_ADS7844.cpp(109): error:  #20: identifier "INPUT" is undefined
..\..\ap32lib\AP_ADC_ADS7844.cpp:    pinMode(33,INPUT);
..\..\ap32lib\AP_ADC_ADS7844.cpp:               ^
..\..\ap32lib\AP_ADC_ADS7844.cpp(109): error:  #20: identifier "pinMode" is undefined
..\..\ap32lib\AP_ADC_ADS7844.cpp:    pinMode(33,INPUT);
..\..\ap32lib\AP_ADC_ADS7844.cpp:    ^
..\..\ap32lib\AP_ADC_ADS7844.cpp(110): error:  #20: identifier "OUTPUT" is undefined
..\..\ap32lib\AP_ADC_ADS7844.cpp:    pinMode(31,OUTPUT);
..\..\ap32lib\AP_ADC_ADS7844.cpp:               ^
..\..\ap32lib\AP_ADC_ADS7844.cpp(111): error:  #20: identifier "HIGH" is undefined
..\..\ap32lib\AP_ADC_ADS7844.cpp:    digitalWrite(31,HIGH);
..\..\ap32lib\AP_ADC_ADS7844.cpp:                    ^
..\..\ap32lib\AP_ADC_ADS7844.cpp(111): error:  #20: identifier "digitalWrite" is undefined
..\..\ap32lib\AP_ADC_ADS7844.cpp:    digitalWrite(31,HIGH);
..\..\ap32lib\AP_ADC_ADS7844.cpp:    ^
..\..\ap32lib\AP_ADC_ADS7844.cpp: ..\..\ap32lib\AP_ADC_ADS7844.cpp: 8 warnings, 8 errors
compiling AP_ADC_HIL.cpp...
..\..\ap32lib\AP_ADC_ADS7844.h(19): warning:  #1300-D: Init inherits implicit virtual
..\..\ap32lib\AP_ADC_ADS7844.h:         void Init();
..\..\ap32lib\AP_ADC_ADS7844.h:              ^
..\..\ap32lib\AP_ADC_ADS7844.h(21): warning:  #1300-D: Ch inherits implicit virtual
..\..\ap32lib\AP_ADC_ADS7844.h:         int Ch(unsigned char ch_num);     
..\..\ap32lib\AP_ADC_ADS7844.h:             ^
..\..\ap32lib\AP_ADC_HIL.h(31): warning:  #1300-D: Init inherits implicit virtual
..\..\ap32lib\AP_ADC_HIL.h:     void Init();
..\..\ap32lib\AP_ADC_HIL.h:          ^
..\..\ap32lib\AP_ADC_HIL.h(35): warning:  #1300-D: Ch inherits implicit virtual
..\..\ap32lib\AP_ADC_HIL.h:     int Ch(unsigned char ch_num);     
..\..\ap32lib\AP_ADC_HIL.h:         ^
..\..\ap32lib\AP_ADC_HIL.h(75): warning:  #186-D: pointless comparison of unsigned integer with zero
..\..\ap32lib\AP_ADC_HIL.h:             adcValue[sensors[index+3]] = (sensors[index+3] < 0) ? -temp : temp;
..\..\ap32lib\AP_ADC_HIL.h:                                                            ^
..\..\library\inc\stm32f10x_map.h(401): warning:  #368-D: class "<unnamed>" defines no constructor to initialize the following:
..\..\library\inc\stm32f10x_map.h:             const member "<unnamed>::CPUID"
..\..\library\inc\stm32f10x_map.h:   {
..\..\library\inc\stm32f10x_map.h:   ^
..\..\library\inc\stm32f10x_map.h(467): warning:  #368-D: class "<unnamed>" defines no constructor to initialize the following:
..\..\library\inc\stm32f10x_map.h:             const member "<unnamed>::RESPCMD"
..\..\library\inc\stm32f10x_map.h:             const member "<unnamed>::RESP1"
..\..\library\inc\stm32f10x_map.h:             const member "<unnamed>::RESP2"
..\..\library\inc\stm32f10x_map.h:             const member "<unnamed>::RESP3"
..\..\library\inc\stm32f10x_map.h:             const member "<unnamed>::RESP4"
..\..\library\inc\stm32f10x_map.h:             const member "<unnamed>::DCOUNT"
..\..\library\inc\stm32f10x_map.h:             const member "<unnamed>::STA"
..\..\library\inc\stm32f10x_map.h:             const member "<unnamed>::FIFOCNT"
..\..\library\inc\stm32f10x_map.h:   {
..\..\library\inc\stm32f10x_map.h:   ^
..\..\library\inc\stm32f10x_map.h(515): warning:  #368-D: class "<unnamed>" defines no constructor to initialize the following:
..\..\library\inc\stm32f10x_map.h:             const member "<unnamed>::CALIB"
..\..\library\inc\stm32f10x_map.h:   {
..\..\library\inc\stm32f10x_map.h:   ^
..\..\project\main.h(35): error:  #5: cannot open source input file "ap32lib\AP_ADC.h": No such file or directory
..\..\project\main.h:   #include "ap32lib\AP_ADC.h"
..\..\project\main.h:                              ^
..\..\project\main.h: ..\..\ap32lib\AP_ADC_HIL.cpp: 8 warnings, 1 error
Target not created
Build target 'ET-STM32F103'
compiling main.cpp...
..\..\library\inc\stm32f10x_map.h(401): warning:  #368-D: class "<unnamed>" defines no constructor to initialize the following:
..\..\library\inc\stm32f10x_map.h:             const member "<unnamed>::CPUID"
..\..\library\inc\stm32f10x_map.h:   {
..\..\library\inc\stm32f10x_map.h:   ^
..\..\library\inc\stm32f10x_map.h(467): warning:  #368-D: class "<unnamed>" defines no constructor to initialize the following:
..\..\library\inc\stm32f10x_map.h:             const member "<unnamed>::RESPCMD"
..\..\library\inc\stm32f10x_map.h:             const member "<unnamed>::RESP1"
..\..\library\inc\stm32f10x_map.h:             const member "<unnamed>::RESP2"
..\..\library\inc\stm32f10x_map.h:             const member "<unnamed>::RESP3"
..\..\library\inc\stm32f10x_map.h:             const member "<unnamed>::RESP4"
..\..\library\inc\stm32f10x_map.h:             const member "<unnamed>::DCOUNT"
..\..\library\inc\stm32f10x_map.h:             const member "<unnamed>::STA"
..\..\library\inc\stm32f10x_map.h:             const member "<unnamed>::FIFOCNT"
..\..\library\inc\stm32f10x_map.h:   {
..\..\library\inc\stm32f10x_map.h:   ^
..\..\library\inc\stm32f10x_map.h(515): warning:  #368-D: class "<unnamed>" defines no constructor to initialize the following:
..\..\library\inc\stm32f10x_map.h:             const member "<unnamed>::CALIB"
..\..\library\inc\stm32f10x_map.h:   {
..\..\library\inc\stm32f10x_map.h:   ^
..\main.h(35): error:  #5: cannot open source input file "AP_ADC.h": No such file or directory
..\main.h:   #include "AP_ADC.h"
..\main.h:                      ^
..\main.h: ..\main.cpp: 3 warnings, 1 error
compiling AP_ADC_ADS7844.cpp...
..\..\library\inc\stm32f10x_map.h(401): warning:  #368-D: class "<unnamed>" defines no constructor to initialize the following:
..\..\library\inc\stm32f10x_map.h:             const member "<unnamed>::CPUID"
..\..\library\inc\stm32f10x_map.h:   {
..\..\library\inc\stm32f10x_map.h:   ^
..\..\library\inc\stm32f10x_map.h(467): warning:  #368-D: class "<unnamed>" defines no constructor to initialize the following:
..\..\library\inc\stm32f10x_map.h:             const member "<unnamed>::RESPCMD"
..\..\library\inc\stm32f10x_map.h:             const member "<unnamed>::RESP1"
..\..\library\inc\stm32f10x_map.h:             const member "<unnamed>::RESP2"
..\..\library\inc\stm32f10x_map.h:             const member "<unnamed>::RESP3"
..\..\library\inc\stm32f10x_map.h:             const member "<unnamed>::RESP4"
..\..\library\inc\stm32f10x_map.h:             const member "<unnamed>::DCOUNT"
..\..\library\inc\stm32f10x_map.h:             const member "<unnamed>::STA"
..\..\library\inc\stm32f10x_map.h:             const member "<unnamed>::FIFOCNT"
..\..\library\inc\stm32f10x_map.h:   {
..\..\library\inc\stm32f10x_map.h:   ^
..\..\library\inc\stm32f10x_map.h(515): warning:  #368-D: class "<unnamed>" defines no constructor to initialize the following:
..\..\library\inc\stm32f10x_map.h:             const member "<unnamed>::CALIB"
..\..\library\inc\stm32f10x_map.h:   {
..\..\library\inc\stm32f10x_map.h:   ^
..\..\ap32lib\AP_ADC_HIL.h(31): warning:  #1300-D: Init inherits implicit virtual
..\..\ap32lib\AP_ADC_HIL.h:     void Init();
..\..\ap32lib\AP_ADC_HIL.h:          ^
..\..\ap32lib\AP_ADC_HIL.h(35): warning:  #1300-D: Ch inherits implicit virtual
..\..\ap32lib\AP_ADC_HIL.h:     int Ch(unsigned char ch_num);     
..\..\ap32lib\AP_ADC_HIL.h:         ^
..\..\ap32lib\AP_ADC_HIL.h(75): warning:  #186-D: pointless comparison of unsigned integer with zero
..\..\ap32lib\AP_ADC_HIL.h:             adcValue[sensors[index+3]] = (sensors[index+3] < 0) ? -temp : temp;
..\..\ap32lib\AP_ADC_HIL.h:                                                            ^
..\..\ap32lib\AP_ADC_ADS7844.h(19): warning:  #1300-D: Init inherits implicit virtual
..\..\ap32lib\AP_ADC_ADS7844.h:         void Init();
..\..\ap32lib\AP_ADC_ADS7844.h:              ^
..\..\ap32lib\AP_ADC_ADS7844.h(21): warning:  #1300-D: Ch inherits implicit virtual
..\..\ap32lib\AP_ADC_ADS7844.h:         int Ch(unsigned char ch_num);     
..\..\ap32lib\AP_ADC_ADS7844.h:             ^
..\..\ap32lib\AP_ADC_ADS7844.cpp(77): error:  #20: identifier "LOW" is undefined
..\..\ap32lib\AP_ADC_ADS7844.cpp:     digitalWrite(31,LOW);
..\..\ap32lib\AP_ADC_ADS7844.cpp:                     ^
..\..\ap32lib\AP_ADC_ADS7844.cpp(77): error:  #20: identifier "digitalWrite" is undefined
..\..\ap32lib\AP_ADC_ADS7844.cpp:     digitalWrite(31,LOW);
..\..\ap32lib\AP_ADC_ADS7844.cpp:     ^
..\..\ap32lib\AP_ADC_ADS7844.cpp(91): error:  #20: identifier "HIGH" is undefined
..\..\ap32lib\AP_ADC_ADS7844.cpp:     digitalWrite(31,HIGH);
..\..\ap32lib\AP_ADC_ADS7844.cpp:                     ^
..\..\ap32lib\AP_ADC_ADS7844.cpp(109): error:  #20: identifier "INPUT" is undefined
..\..\ap32lib\AP_ADC_ADS7844.cpp:    pinMode(33,INPUT);
..\..\ap32lib\AP_ADC_ADS7844.cpp:               ^
..\..\ap32lib\AP_ADC_ADS7844.cpp(109): error:  #20: identifier "pinMode" is undefined
..\..\ap32lib\AP_ADC_ADS7844.cpp:    pinMode(33,INPUT);
..\..\ap32lib\AP_ADC_ADS7844.cpp:    ^
..\..\ap32lib\AP_ADC_ADS7844.cpp(110): error:  #20: identifier "OUTPUT" is undefined
..\..\ap32lib\AP_ADC_ADS7844.cpp:    pinMode(31,OUTPUT);
..\..\ap32lib\AP_ADC_ADS7844.cpp:               ^
..\..\ap32lib\AP_ADC_ADS7844.cpp(111): error:  #20: identifier "HIGH" is undefined
..\..\ap32lib\AP_ADC_ADS7844.cpp:    digitalWrite(31,HIGH);
..\..\ap32lib\AP_ADC_ADS7844.cpp:                    ^
..\..\ap32lib\AP_ADC_ADS7844.cpp(111): error:  #20: identifier "digitalWrite" is undefined
..\..\ap32lib\AP_ADC_ADS7844.cpp:    digitalWrite(31,HIGH);
..\..\ap32lib\AP_ADC_ADS7844.cpp:    ^
..\..\ap32lib\AP_ADC_ADS7844.cpp: ..\..\ap32lib\AP_ADC_ADS7844.cpp: 8 warnings, 8 errors
compiling AP_ADC_HIL.cpp...
..\..\ap32lib\AP_ADC_ADS7844.h(19): warning:  #1300-D: Init inherits implicit virtual
..\..\ap32lib\AP_ADC_ADS7844.h:         void Init();
..\..\ap32lib\AP_ADC_ADS7844.h:              ^
..\..\ap32lib\AP_ADC_ADS7844.h(21): warning:  #1300-D: Ch inherits implicit virtual
..\..\ap32lib\AP_ADC_ADS7844.h:         int Ch(unsigned char ch_num);     
..\..\ap32lib\AP_ADC_ADS7844.h:             ^
..\..\ap32lib\AP_ADC_HIL.h(31): warning:  #1300-D: Init inherits implicit virtual
..\..\ap32lib\AP_ADC_HIL.h:     void Init();
..\..\ap32lib\AP_ADC_HIL.h:          ^
..\..\ap32lib\AP_ADC_HIL.h(35): warning:  #1300-D: Ch inherits implicit virtual
..\..\ap32lib\AP_ADC_HIL.h:     int Ch(unsigned char ch_num);     
..\..\ap32lib\AP_ADC_HIL.h:         ^
..\..\ap32lib\AP_ADC_HIL.h(75): warning:  #186-D: pointless comparison of unsigned integer with zero
..\..\ap32lib\AP_ADC_HIL.h:             adcValue[sensors[index+3]] = (sensors[index+3] < 0) ? -temp : temp;
..\..\ap32lib\AP_ADC_HIL.h:                                                            ^
..\..\library\inc\stm32f10x_map.h(401): warning:  #368-D: class "<unnamed>" defines no constructor to initialize the following:
..\..\library\inc\stm32f10x_map.h:             const member "<unnamed>::CPUID"
..\..\library\inc\stm32f10x_map.h:   {
..\..\library\inc\stm32f10x_map.h:   ^
..\..\library\inc\stm32f10x_map.h(467): warning:  #368-D: class "<unnamed>" defines no constructor to initialize the following:
..\..\library\inc\stm32f10x_map.h:             const member "<unnamed>::RESPCMD"
..\..\library\inc\stm32f10x_map.h:             const member "<unnamed>::RESP1"
..\..\library\inc\stm32f10x_map.h:             const member "<unnamed>::RESP2"
..\..\library\inc\stm32f10x_map.h:             const member "<unnamed>::RESP3"
..\..\library\inc\stm32f10x_map.h:             const member "<unnamed>::RESP4"
..\..\library\inc\stm32f10x_map.h:             const member "<unnamed>::DCOUNT"
..\..\library\inc\stm32f10x_map.h:             const member "<unnamed>::STA"
..\..\library\inc\stm32f10x_map.h:             const member "<unnamed>::FIFOCNT"
..\..\library\inc\stm32f10x_map.h:   {
..\..\library\inc\stm32f10x_map.h:   ^
..\..\library\inc\stm32f10x_map.h(515): warning:  #368-D: class "<unnamed>" defines no constructor to initialize the following:
..\..\library\inc\stm32f10x_map.h:             const member "<unnamed>::CALIB"
..\..\library\inc\stm32f10x_map.h:   {
..\..\library\inc\stm32f10x_map.h:   ^
..\..\project\main.h(35): error:  #5: cannot open source input file "AP_ADC.h": No such file or directory
..\..\project\main.h:   #include "AP_ADC.h"
..\..\project\main.h:                      ^
..\..\project\main.h: ..\..\ap32lib\AP_ADC_HIL.cpp: 8 warnings, 1 error
Target not created
Build target 'ET-STM32F103'
compiling main.cpp...
..\..\library\inc\stm32f10x_map.h(401): warning:  #368-D: class "<unnamed>" defines no constructor to initialize the following:
..\..\library\inc\stm32f10x_map.h:             const member "<unnamed>::CPUID"
..\..\library\inc\stm32f10x_map.h:   {
..\..\library\inc\stm32f10x_map.h:   ^
..\..\library\inc\stm32f10x_map.h(467): warning:  #368-D: class "<unnamed>" defines no constructor to initialize the following:
..\..\library\inc\stm32f10x_map.h:             const member "<unnamed>::RESPCMD"
..\..\library\inc\stm32f10x_map.h:             const member "<unnamed>::RESP1"
..\..\library\inc\stm32f10x_map.h:             const member "<unnamed>::RESP2"
..\..\library\inc\stm32f10x_map.h:             const member "<unnamed>::RESP3"
..\..\library\inc\stm32f10x_map.h:             const member "<unnamed>::RESP4"
..\..\library\inc\stm32f10x_map.h:             const member "<unnamed>::DCOUNT"
..\..\library\inc\stm32f10x_map.h:             const member "<unnamed>::STA"
..\..\library\inc\stm32f10x_map.h:             const member "<unnamed>::FIFOCNT"
..\..\library\inc\stm32f10x_map.h:   {
..\..\library\inc\stm32f10x_map.h:   ^
..\..\library\inc\stm32f10x_map.h(515): warning:  #368-D: class "<unnamed>" defines no constructor to initialize the following:
..\..\library\inc\stm32f10x_map.h:             const member "<unnamed>::CALIB"
..\..\library\inc\stm32f10x_map.h:   {
..\..\library\inc\stm32f10x_map.h:   ^
..\main.h(35): error:  #5: cannot open source input file "AP_ADC.h": No such file or directory
..\main.h:   #include "AP_ADC.h"
..\main.h:                      ^
..\main.h: ..\main.cpp: 3 warnings, 1 error
compiling AP_ADC_ADS7844.cpp...
..\..\library\inc\stm32f10x_map.h(401): warning:  #368-D: class "<unnamed>" defines no constructor to initialize the following:
..\..\library\inc\stm32f10x_map.h:             const member "<unnamed>::CPUID"
..\..\library\inc\stm32f10x_map.h:   {
..\..\library\inc\stm32f10x_map.h:   ^
..\..\library\inc\stm32f10x_map.h(467): warning:  #368-D: class "<unnamed>" defines no constructor to initialize the following:
..\..\library\inc\stm32f10x_map.h:             const member "<unnamed>::RESPCMD"
..\..\library\inc\stm32f10x_map.h:             const member "<unnamed>::RESP1"
..\..\library\inc\stm32f10x_map.h:             const member "<unnamed>::RESP2"
..\..\library\inc\stm32f10x_map.h:             const member "<unnamed>::RESP3"
..\..\library\inc\stm32f10x_map.h:             const member "<unnamed>::RESP4"
..\..\library\inc\stm32f10x_map.h:             const member "<unnamed>::DCOUNT"
..\..\library\inc\stm32f10x_map.h:             const member "<unnamed>::STA"
..\..\library\inc\stm32f10x_map.h:             const member "<unnamed>::FIFOCNT"
..\..\library\inc\stm32f10x_map.h:   {
..\..\library\inc\stm32f10x_map.h:   ^
..\..\library\inc\stm32f10x_map.h(515): warning:  #368-D: class "<unnamed>" defines no constructor to initialize the following:
..\..\library\inc\stm32f10x_map.h:             const member "<unnamed>::CALIB"
..\..\library\inc\stm32f10x_map.h:   {
..\..\library\inc\stm32f10x_map.h:   ^
..\..\ap32lib\AP_ADC_HIL.h(31): warning:  #1300-D: Init inherits implicit virtual
..\..\ap32lib\AP_ADC_HIL.h:     void Init();
..\..\ap32lib\AP_ADC_HIL.h:          ^
..\..\ap32lib\AP_ADC_HIL.h(35): warning:  #1300-D: Ch inherits implicit virtual
..\..\ap32lib\AP_ADC_HIL.h:     int Ch(unsigned char ch_num);     
..\..\ap32lib\AP_ADC_HIL.h:         ^
..\..\ap32lib\AP_ADC_HIL.h(75): warning:  #186-D: pointless comparison of unsigned integer with zero
..\..\ap32lib\AP_ADC_HIL.h:             adcValue[sensors[index+3]] = (sensors[index+3] < 0) ? -temp : temp;
..\..\ap32lib\AP_ADC_HIL.h:                                                            ^
..\..\ap32lib\AP_ADC_ADS7844.h(19): warning:  #1300-D: Init inherits implicit virtual
..\..\ap32lib\AP_ADC_ADS7844.h:         void Init();
..\..\ap32lib\AP_ADC_ADS7844.h:              ^
..\..\ap32lib\AP_ADC_ADS7844.h(21): warning:  #1300-D: Ch inherits implicit virtual
..\..\ap32lib\AP_ADC_ADS7844.h:         int Ch(unsigned char ch_num);     
..\..\ap32lib\AP_ADC_ADS7844.h:             ^
..\..\ap32lib\AP_ADC_ADS7844.cpp(77): error:  #20: identifier "LOW" is undefined
..\..\ap32lib\AP_ADC_ADS7844.cpp:     digitalWrite(31,LOW);
..\..\ap32lib\AP_ADC_ADS7844.cpp:                     ^
..\..\ap32lib\AP_ADC_ADS7844.cpp(77): error:  #20: identifier "digitalWrite" is undefined
..\..\ap32lib\AP_ADC_ADS7844.cpp:     digitalWrite(31,LOW);
..\..\ap32lib\AP_ADC_ADS7844.cpp:     ^
..\..\ap32lib\AP_ADC_ADS7844.cpp(91): error:  #20: identifier "HIGH" is undefined
..\..\ap32lib\AP_ADC_ADS7844.cpp:     digitalWrite(31,HIGH);
..\..\ap32lib\AP_ADC_ADS7844.cpp:                     ^
..\..\ap32lib\AP_ADC_ADS7844.cpp(109): error:  #20: identifier "INPUT" is undefined
..\..\ap32lib\AP_ADC_ADS7844.cpp:    pinMode(33,INPUT);
..\..\ap32lib\AP_ADC_ADS7844.cpp:               ^
..\..\ap32lib\AP_ADC_ADS7844.cpp(109): error:  #20: identifier "pinMode" is undefined
..\..\ap32lib\AP_ADC_ADS7844.cpp:    pinMode(33,INPUT);
..\..\ap32lib\AP_ADC_ADS7844.cpp:    ^
..\..\ap32lib\AP_ADC_ADS7844.cpp(110): error:  #20: identifier "OUTPUT" is undefined
..\..\ap32lib\AP_ADC_ADS7844.cpp:    pinMode(31,OUTPUT);
..\..\ap32lib\AP_ADC_ADS7844.cpp:               ^
..\..\ap32lib\AP_ADC_ADS7844.cpp(111): error:  #20: identifier "HIGH" is undefined
..\..\ap32lib\AP_ADC_ADS7844.cpp:    digitalWrite(31,HIGH);
..\..\ap32lib\AP_ADC_ADS7844.cpp:                    ^
..\..\ap32lib\AP_ADC_ADS7844.cpp(111): error:  #20: identifier "digitalWrite" is undefined
..\..\ap32lib\AP_ADC_ADS7844.cpp:    digitalWrite(31,HIGH);
..\..\ap32lib\AP_ADC_ADS7844.cpp:    ^
..\..\ap32lib\AP_ADC_ADS7844.cpp: ..\..\ap32lib\AP_ADC_ADS7844.cpp: 8 warnings, 8 errors
compiling AP_ADC_HIL.cpp...
..\..\ap32lib\AP_ADC_ADS7844.h(19): warning:  #1300-D: Init inherits implicit virtual
..\..\ap32lib\AP_ADC_ADS7844.h:         void Init();
..\..\ap32lib\AP_ADC_ADS7844.h:              ^
..\..\ap32lib\AP_ADC_ADS7844.h(21): warning:  #1300-D: Ch inherits implicit virtual
..\..\ap32lib\AP_ADC_ADS7844.h:         int Ch(unsigned char ch_num);     
..\..\ap32lib\AP_ADC_ADS7844.h:             ^
..\..\ap32lib\AP_ADC_HIL.h(31): warning:  #1300-D: Init inherits implicit virtual
..\..\ap32lib\AP_ADC_HIL.h:     void Init();
..\..\ap32lib\AP_ADC_HIL.h:          ^
..\..\ap32lib\AP_ADC_HIL.h(35): warning:  #1300-D: Ch inherits implicit virtual
..\..\ap32lib\AP_ADC_HIL.h:     int Ch(unsigned char ch_num);     
..\..\ap32lib\AP_ADC_HIL.h:         ^
..\..\ap32lib\AP_ADC_HIL.h(75): warning:  #186-D: pointless comparison of unsigned integer with zero
..\..\ap32lib\AP_ADC_HIL.h:             adcValue[sensors[index+3]] = (sensors[index+3] < 0) ? -temp : temp;
..\..\ap32lib\AP_ADC_HIL.h:                                                            ^
..\..\library\inc\stm32f10x_map.h(401): warning:  #368-D: class "<unnamed>" defines no constructor to initialize the following:
..\..\library\inc\stm32f10x_map.h:             const member "<unnamed>::CPUID"
..\..\library\inc\stm32f10x_map.h:   {
..\..\library\inc\stm32f10x_map.h:   ^
..\..\library\inc\stm32f10x_map.h(467): warning:  #368-D: class "<unnamed>" defines no constructor to initialize the following:
..\..\library\inc\stm32f10x_map.h:             const member "<unnamed>::RESPCMD"
..\..\library\inc\stm32f10x_map.h:             const member "<unnamed>::RESP1"
..\..\library\inc\stm32f10x_map.h:             const member "<unnamed>::RESP2"
..\..\library\inc\stm32f10x_map.h:             const member "<unnamed>::RESP3"
..\..\library\inc\stm32f10x_map.h:             const member "<unnamed>::RESP4"
..\..\library\inc\stm32f10x_map.h:             const member "<unnamed>::DCOUNT"
..\..\library\inc\stm32f10x_map.h:             const member "<unnamed>::STA"
..\..\library\inc\stm32f10x_map.h:             const member "<unnamed>::FIFOCNT"
..\..\library\inc\stm32f10x_map.h:   {
..\..\library\inc\stm32f10x_map.h:   ^
..\..\library\inc\stm32f10x_map.h(515): warning:  #368-D: class "<unnamed>" defines no constructor to initialize the following:
..\..\library\inc\stm32f10x_map.h:             const member "<unnamed>::CALIB"
..\..\library\inc\stm32f10x_map.h:   {
..\..\library\inc\stm32f10x_map.h:   ^
..\..\project\main.h(35): error:  #5: cannot open source input file "AP_ADC.h": No such file or directory
..\..\project\main.h:   #include "AP_ADC.h"
..\..\project\main.h:                      ^
..\..\project\main.h: ..\..\ap32lib\AP_ADC_HIL.cpp: 8 warnings, 1 error
Target not created
Build target 'ET-STM32F103'
compiling main.cpp...
..\..\library\inc\stm32f10x_map.h(401): warning:  #368-D: class "<unnamed>" defines no constructor to initialize the following:
..\..\library\inc\stm32f10x_map.h:             const member "<unnamed>::CPUID"
..\..\library\inc\stm32f10x_map.h:   {
..\..\library\inc\stm32f10x_map.h:   ^
..\..\library\inc\stm32f10x_map.h(467): warning:  #368-D: class "<unnamed>" defines no constructor to initialize the following:
..\..\library\inc\stm32f10x_map.h:             const member "<unnamed>::RESPCMD"
..\..\library\inc\stm32f10x_map.h:             const member "<unnamed>::RESP1"
..\..\library\inc\stm32f10x_map.h:             const member "<unnamed>::RESP2"
..\..\library\inc\stm32f10x_map.h:             const member "<unnamed>::RESP3"
..\..\library\inc\stm32f10x_map.h:             const member "<unnamed>::RESP4"
..\..\library\inc\stm32f10x_map.h:             const member "<unnamed>::DCOUNT"
..\..\library\inc\stm32f10x_map.h:             const member "<unnamed>::STA"
..\..\library\inc\stm32f10x_map.h:             const member "<unnamed>::FIFOCNT"
..\..\library\inc\stm32f10x_map.h:   {
..\..\library\inc\stm32f10x_map.h:   ^
..\..\library\inc\stm32f10x_map.h(515): warning:  #368-D: class "<unnamed>" defines no constructor to initialize the following:
..\..\library\inc\stm32f10x_map.h:             const member "<unnamed>::CALIB"
..\..\library\inc\stm32f10x_map.h:   {
..\..\library\inc\stm32f10x_map.h:   ^
..\..\ap32lib\AP_ADC_ADS7844.h(19): warning:  #1300-D: Init inherits implicit virtual
..\..\ap32lib\AP_ADC_ADS7844.h:         void Init();
..\..\ap32lib\AP_ADC_ADS7844.h:              ^
..\..\ap32lib\AP_ADC_ADS7844.h(21): warning:  #1300-D: Ch inherits implicit virtual
..\..\ap32lib\AP_ADC_ADS7844.h:         int Ch(unsigned char ch_num);     
..\..\ap32lib\AP_ADC_ADS7844.h:             ^
..\..\ap32lib\AP_ADC_HIL.h(31): warning:  #1300-D: Init inherits implicit virtual
..\..\ap32lib\AP_ADC_HIL.h:     void Init();
..\..\ap32lib\AP_ADC_HIL.h:          ^
..\..\ap32lib\AP_ADC_HIL.h(35): warning:  #1300-D: Ch inherits implicit virtual
..\..\ap32lib\AP_ADC_HIL.h:     int Ch(unsigned char ch_num);     
..\..\ap32lib\AP_ADC_HIL.h:         ^
..\..\ap32lib\AP_ADC_HIL.h(75): warning:  #186-D: pointless comparison of unsigned integer with zero
..\..\ap32lib\AP_ADC_HIL.h:             adcValue[sensors[index+3]] = (sensors[index+3] < 0) ? -temp : temp;
..\..\ap32lib\AP_ADC_HIL.h:                                                            ^
..\..\ap32lib\AP_ADC_HIL.h: ..\main.cpp: 8 warnings, 0 errors
compiling AP_ADC_ADS7844.cpp...
..\..\library\inc\stm32f10x_map.h(401): warning:  #368-D: class "<unnamed>" defines no constructor to initialize the following:
..\..\library\inc\stm32f10x_map.h:             const member "<unnamed>::CPUID"
..\..\library\inc\stm32f10x_map.h:   {
..\..\library\inc\stm32f10x_map.h:   ^
..\..\library\inc\stm32f10x_map.h(467): warning:  #368-D: class "<unnamed>" defines no constructor to initialize the following:
..\..\library\inc\stm32f10x_map.h:             const member "<unnamed>::RESPCMD"
..\..\library\inc\stm32f10x_map.h:             const member "<unnamed>::RESP1"
..\..\library\inc\stm32f10x_map.h:             const member "<unnamed>::RESP2"
..\..\library\inc\stm32f10x_map.h:             const member "<unnamed>::RESP3"
..\..\library\inc\stm32f10x_map.h:             const member "<unnamed>::RESP4"
..\..\library\inc\stm32f10x_map.h:             const member "<unnamed>::DCOUNT"
..\..\library\inc\stm32f10x_map.h:             const member "<unnamed>::STA"
..\..\library\inc\stm32f10x_map.h:             const member "<unnamed>::FIFOCNT"
..\..\library\inc\stm32f10x_map.h:   {
..\..\library\inc\stm32f10x_map.h:   ^
..\..\library\inc\stm32f10x_map.h(515): warning:  #368-D: class "<unnamed>" defines no constructor to initialize the following:
..\..\library\inc\stm32f10x_map.h:             const member "<unnamed>::CALIB"
..\..\library\inc\stm32f10x_map.h:   {
..\..\library\inc\stm32f10x_map.h:   ^
..\..\ap32lib\AP_ADC_HIL.h(31): warning:  #1300-D: Init inherits implicit virtual
..\..\ap32lib\AP_ADC_HIL.h:     void Init();
..\..\ap32lib\AP_ADC_HIL.h:          ^
..\..\ap32lib\AP_ADC_HIL.h(35): warning:  #1300-D: Ch inherits implicit virtual
..\..\ap32lib\AP_ADC_HIL.h:     int Ch(unsigned char ch_num);     
..\..\ap32lib\AP_ADC_HIL.h:         ^
..\..\ap32lib\AP_ADC_HIL.h(75): warning:  #186-D: pointless comparison of unsigned integer with zero
..\..\ap32lib\AP_ADC_HIL.h:             adcValue[sensors[index+3]] = (sensors[index+3] < 0) ? -temp : temp;
..\..\ap32lib\AP_ADC_HIL.h:                                                            ^
..\..\ap32lib\AP_ADC_ADS7844.h(19): warning:  #1300-D: Init inherits implicit virtual
..\..\ap32lib\AP_ADC_ADS7844.h:         void Init();
..\..\ap32lib\AP_ADC_ADS7844.h:              ^
..\..\ap32lib\AP_ADC_ADS7844.h(21): warning:  #1300-D: Ch inherits implicit virtual
..\..\ap32lib\AP_ADC_ADS7844.h:         int Ch(unsigned char ch_num);     
..\..\ap32lib\AP_ADC_ADS7844.h:             ^
..\..\ap32lib\AP_ADC_ADS7844.cpp(77): error:  #20: identifier "LOW" is undefined
..\..\ap32lib\AP_ADC_ADS7844.cpp:     digitalWrite(31,LOW);
..\..\ap32lib\AP_ADC_ADS7844.cpp:                     ^
..\..\ap32lib\AP_ADC_ADS7844.cpp(77): error:  #20: identifier "digitalWrite" is undefined
..\..\ap32lib\AP_ADC_ADS7844.cpp:     digitalWrite(31,LOW);
..\..\ap32lib\AP_ADC_ADS7844.cpp:     ^
..\..\ap32lib\AP_ADC_ADS7844.cpp(91): error:  #20: identifier "HIGH" is undefined
..\..\ap32lib\AP_ADC_ADS7844.cpp:     digitalWrite(31,HIGH);
..\..\ap32lib\AP_ADC_ADS7844.cpp:                     ^
..\..\ap32lib\AP_ADC_ADS7844.cpp(109): error:  #20: identifier "INPUT" is undefined
..\..\ap32lib\AP_ADC_ADS7844.cpp:    pinMode(33,INPUT);
..\..\ap32lib\AP_ADC_ADS7844.cpp:               ^
..\..\ap32lib\AP_ADC_ADS7844.cpp(109): error:  #20: identifier "pinMode" is undefined
..\..\ap32lib\AP_ADC_ADS7844.cpp:    pinMode(33,INPUT);
..\..\ap32lib\AP_ADC_ADS7844.cpp:    ^
..\..\ap32lib\AP_ADC_ADS7844.cpp(110): error:  #20: identifier "OUTPUT" is undefined
..\..\ap32lib\AP_ADC_ADS7844.cpp:    pinMode(31,OUTPUT);
..\..\ap32lib\AP_ADC_ADS7844.cpp:               ^
..\..\ap32lib\AP_ADC_ADS7844.cpp(111): error:  #20: identifier "HIGH" is undefined
..\..\ap32lib\AP_ADC_ADS7844.cpp:    digitalWrite(31,HIGH);
..\..\ap32lib\AP_ADC_ADS7844.cpp:                    ^
..\..\ap32lib\AP_ADC_ADS7844.cpp(111): error:  #20: identifier "digitalWrite" is undefined
..\..\ap32lib\AP_ADC_ADS7844.cpp:    digitalWrite(31,HIGH);
..\..\ap32lib\AP_ADC_ADS7844.cpp:    ^
..\..\ap32lib\AP_ADC_ADS7844.cpp: ..\..\ap32lib\AP_ADC_ADS7844.cpp: 8 warnings, 8 errors
compiling AP_ADC_HIL.cpp...
..\..\ap32lib\AP_ADC_ADS7844.h(19): warning:  #1300-D: Init inherits implicit virtual
..\..\ap32lib\AP_ADC_ADS7844.h:         void Init();
..\..\ap32lib\AP_ADC_ADS7844.h:              ^
..\..\ap32lib\AP_ADC_ADS7844.h(21): warning:  #1300-D: Ch inherits implicit virtual
..\..\ap32lib\AP_ADC_ADS7844.h:         int Ch(unsigned char ch_num);     
..\..\ap32lib\AP_ADC_ADS7844.h:             ^
..\..\ap32lib\AP_ADC_HIL.h(31): warning:  #1300-D: Init inherits implicit virtual
..\..\ap32lib\AP_ADC_HIL.h:     void Init();
..\..\ap32lib\AP_ADC_HIL.h:          ^
..\..\ap32lib\AP_ADC_HIL.h(35): warning:  #1300-D: Ch inherits implicit virtual
..\..\ap32lib\AP_ADC_HIL.h:     int Ch(unsigned char ch_num);     
..\..\ap32lib\AP_ADC_HIL.h:         ^
..\..\ap32lib\AP_ADC_HIL.h(75): warning:  #186-D: pointless comparison of unsigned integer with zero
..\..\ap32lib\AP_ADC_HIL.h:             adcValue[sensors[index+3]] = (sensors[index+3] < 0) ? -temp : temp;
..\..\ap32lib\AP_ADC_HIL.h:                                                            ^
..\..\library\inc\stm32f10x_map.h(401): warning:  #368-D: class "<unnamed>" defines no constructor to initialize the following:
..\..\library\inc\stm32f10x_map.h:             const member "<unnamed>::CPUID"
..\..\library\inc\stm32f10x_map.h:   {
..\..\library\inc\stm32f10x_map.h:   ^
..\..\library\inc\stm32f10x_map.h(467): warning:  #368-D: class "<unnamed>" defines no constructor to initialize the following:
[...]
..\..\ap32lib\AP_ADC_ADS7844.cpp:    digitalWrite(31,HIGH);
..\..\ap32lib\AP_ADC_ADS7844.cpp:    ^
..\..\ap32lib\AP_ADC_ADS7844.cpp: ..\..\ap32lib\AP_ADC_ADS7844.cpp: 5 warnings, 8 errors
Target not created
Build target 'ET-STM32F103'
compiling AP_ADC.cpp...
..\..\ap32lib\AP_ADC.cpp(11): error:  #725: name must be a namespace name
..\..\ap32lib\AP_ADC.cpp:   using namespace compatArduino;
..\..\ap32lib\AP_ADC.cpp:                   ^
..\..\library\inc\stm32f10x_map.h(401): warning:  #368-D: class "<unnamed>" defines no constructor to initialize the following:
..\..\library\inc\stm32f10x_map.h:             const member "<unnamed>::CPUID"
..\..\library\inc\stm32f10x_map.h:   {
..\..\library\inc\stm32f10x_map.h:   ^
..\..\library\inc\stm32f10x_map.h(467): warning:  #368-D: class "<unnamed>" defines no constructor to initialize the following:
..\..\library\inc\stm32f10x_map.h:             const member "<unnamed>::RESPCMD"
..\..\library\inc\stm32f10x_map.h:             const member "<unnamed>::RESP1"
..\..\library\inc\stm32f10x_map.h:             const member "<unnamed>::RESP2"
..\..\library\inc\stm32f10x_map.h:             const member "<unnamed>::RESP3"
..\..\library\inc\stm32f10x_map.h:             const member "<unnamed>::RESP4"
..\..\library\inc\stm32f10x_map.h:             const member "<unnamed>::DCOUNT"
..\..\library\inc\stm32f10x_map.h:             const member "<unnamed>::STA"
..\..\library\inc\stm32f10x_map.h:             const member "<unnamed>::FIFOCNT"
..\..\library\inc\stm32f10x_map.h:   {
..\..\library\inc\stm32f10x_map.h:   ^
..\..\library\inc\stm32f10x_map.h(515): warning:  #368-D: class "<unnamed>" defines no constructor to initialize the following:
..\..\library\inc\stm32f10x_map.h:             const member "<unnamed>::CALIB"
..\..\library\inc\stm32f10x_map.h:   {
..\..\library\inc\stm32f10x_map.h:   ^
..\..\ap32lib\AP_ADC_ADS7844.h(19): warning:  #1300-D: Init inherits implicit virtual
..\..\ap32lib\AP_ADC_ADS7844.h:         void Init();
..\..\ap32lib\AP_ADC_ADS7844.h:              ^
..\..\ap32lib\AP_ADC_ADS7844.h(21): warning:  #1300-D: Ch inherits implicit virtual
..\..\ap32lib\AP_ADC_ADS7844.h:         int Ch(unsigned char ch_num);     
..\..\ap32lib\AP_ADC_ADS7844.h:             ^
..\..\ap32lib\AP_ADC_HIL.h(31): warning:  #1300-D: Init inherits implicit virtual
..\..\ap32lib\AP_ADC_HIL.h:     void Init();
..\..\ap32lib\AP_ADC_HIL.h:          ^
..\..\ap32lib\AP_ADC_HIL.h(35): warning:  #1300-D: Ch inherits implicit virtual
..\..\ap32lib\AP_ADC_HIL.h:     int Ch(unsigned char ch_num);     
..\..\ap32lib\AP_ADC_HIL.h:         ^
..\..\ap32lib\AP_ADC_HIL.h(75): warning:  #186-D: pointless comparison of unsigned integer with zero
..\..\ap32lib\AP_ADC_HIL.h:             adcValue[sensors[index+3]] = (sensors[index+3] < 0) ? -temp : temp;
..\..\ap32lib\AP_ADC_HIL.h:                                                            ^
..\..\ap32lib\AP_ADC.cpp(27): warning:  #940-D: missing return statement at end of non-void function "AP_ADC::Ch"
..\..\ap32lib\AP_ADC.cpp:   }
..\..\ap32lib\AP_ADC.cpp:   ^
..\..\ap32lib\AP_ADC.cpp: ..\..\ap32lib\AP_ADC.cpp: 9 warnings, 1 error
compiling AP_ADC_ADS7844.cpp...
..\..\ap32lib\AP_ADC_HIL.h(31): warning:  #1300-D: Init inherits implicit virtual
..\..\ap32lib\AP_ADC_HIL.h:     void Init();
..\..\ap32lib\AP_ADC_HIL.h:          ^
..\..\ap32lib\AP_ADC_HIL.h(35): warning:  #1300-D: Ch inherits implicit virtual
..\..\ap32lib\AP_ADC_HIL.h:     int Ch(unsigned char ch_num);     
..\..\ap32lib\AP_ADC_HIL.h:         ^
..\..\ap32lib\AP_ADC_HIL.h(75): warning:  #186-D: pointless comparison of unsigned integer with zero
..\..\ap32lib\AP_ADC_HIL.h:             adcValue[sensors[index+3]] = (sensors[index+3] < 0) ? -temp : temp;
..\..\ap32lib\AP_ADC_HIL.h:                                                            ^
..\..\ap32lib\AP_ADC_ADS7844.h(19): warning:  #1300-D: Init inherits implicit virtual
..\..\ap32lib\AP_ADC_ADS7844.h:         void Init();
..\..\ap32lib\AP_ADC_ADS7844.h:              ^
..\..\ap32lib\AP_ADC_ADS7844.h(21): warning:  #1300-D: Ch inherits implicit virtual
..\..\ap32lib\AP_ADC_ADS7844.h:         int Ch(unsigned char ch_num);     
..\..\ap32lib\AP_ADC_ADS7844.h:             ^
..\..\ap32lib\AP_ADC_ADS7844.cpp(78): error:  #20: identifier "LOW" is undefined
..\..\ap32lib\AP_ADC_ADS7844.cpp:     digitalWrite(31,LOW);
..\..\ap32lib\AP_ADC_ADS7844.cpp:                     ^
..\..\ap32lib\AP_ADC_ADS7844.cpp(78): error:  #20: identifier "digitalWrite" is undefined
..\..\ap32lib\AP_ADC_ADS7844.cpp:     digitalWrite(31,LOW);
..\..\ap32lib\AP_ADC_ADS7844.cpp:     ^
..\..\ap32lib\AP_ADC_ADS7844.cpp(92): error:  #20: identifier "HIGH" is undefined
..\..\ap32lib\AP_ADC_ADS7844.cpp:     digitalWrite(31,HIGH);
..\..\ap32lib\AP_ADC_ADS7844.cpp:                     ^
..\..\ap32lib\AP_ADC_ADS7844.cpp(110): error:  #20: identifier "INPUT" is undefined
..\..\ap32lib\AP_ADC_ADS7844.cpp:    pinMode(33,INPUT);
..\..\ap32lib\AP_ADC_ADS7844.cpp:               ^
..\..\ap32lib\AP_ADC_ADS7844.cpp(110): error:  #20: identifier "pinMode" is undefined
..\..\ap32lib\AP_ADC_ADS7844.cpp:    pinMode(33,INPUT);
..\..\ap32lib\AP_ADC_ADS7844.cpp:    ^
..\..\ap32lib\AP_ADC_ADS7844.cpp(111): error:  #20: identifier "OUTPUT" is undefined
..\..\ap32lib\AP_ADC_ADS7844.cpp:    pinMode(31,OUTPUT);
..\..\ap32lib\AP_ADC_ADS7844.cpp:               ^
..\..\ap32lib\AP_ADC_ADS7844.cpp(112): error:  #20: identifier "HIGH" is undefined
..\..\ap32lib\AP_ADC_ADS7844.cpp:    digitalWrite(31,HIGH);
..\..\ap32lib\AP_ADC_ADS7844.cpp:                    ^
..\..\ap32lib\AP_ADC_ADS7844.cpp(112): error:  #20: identifier "digitalWrite" is undefined
..\..\ap32lib\AP_ADC_ADS7844.cpp:    digitalWrite(31,HIGH);
..\..\ap32lib\AP_ADC_ADS7844.cpp:    ^
..\..\ap32lib\AP_ADC_ADS7844.cpp: ..\..\ap32lib\AP_ADC_ADS7844.cpp: 5 warnings, 8 errors
Target not created
Build target 'ET-STM32F103'
compiling AP_ADC.cpp...
..\..\library\inc\stm32f10x_map.h(401): warning:  #368-D: class "<unnamed>" defines no constructor to initialize the following:
..\..\library\inc\stm32f10x_map.h:             const member "<unnamed>::CPUID"
..\..\library\inc\stm32f10x_map.h:   {
..\..\library\inc\stm32f10x_map.h:   ^
..\..\library\inc\stm32f10x_map.h(467): warning:  #368-D: class "<unnamed>" defines no constructor to initialize the following:
..\..\library\inc\stm32f10x_map.h:             const member "<unnamed>::RESPCMD"
..\..\library\inc\stm32f10x_map.h:             const member "<unnamed>::RESP1"
..\..\library\inc\stm32f10x_map.h:             const member "<unnamed>::RESP2"
..\..\library\inc\stm32f10x_map.h:             const member "<unnamed>::RESP3"
..\..\library\inc\stm32f10x_map.h:             const member "<unnamed>::RESP4"
..\..\library\inc\stm32f10x_map.h:             const member "<unnamed>::DCOUNT"
..\..\library\inc\stm32f10x_map.h:             const member "<unnamed>::STA"
..\..\library\inc\stm32f10x_map.h:             const member "<unnamed>::FIFOCNT"
..\..\library\inc\stm32f10x_map.h:   {
..\..\library\inc\stm32f10x_map.h:   ^
..\..\library\inc\stm32f10x_map.h(515): warning:  #368-D: class "<unnamed>" defines no constructor to initialize the following:
..\..\library\inc\stm32f10x_map.h:             const member "<unnamed>::CALIB"
..\..\library\inc\stm32f10x_map.h:   {
..\..\library\inc\stm32f10x_map.h:   ^
..\..\ap32lib\AP_ADC_ADS7844.h(19): warning:  #1300-D: Init inherits implicit virtual
..\..\ap32lib\AP_ADC_ADS7844.h:         void Init();
..\..\ap32lib\AP_ADC_ADS7844.h:              ^
..\..\ap32lib\AP_ADC_ADS7844.h(21): warning:  #1300-D: Ch inherits implicit virtual
..\..\ap32lib\AP_ADC_ADS7844.h:         int Ch(unsigned char ch_num);     
..\..\ap32lib\AP_ADC_ADS7844.h:             ^
..\..\ap32lib\AP_ADC_HIL.h(31): warning:  #1300-D: Init inherits implicit virtual
..\..\ap32lib\AP_ADC_HIL.h:     void Init();
..\..\ap32lib\AP_ADC_HIL.h:          ^
..\..\ap32lib\AP_ADC_HIL.h(35): warning:  #1300-D: Ch inherits implicit virtual
..\..\ap32lib\AP_ADC_HIL.h:     int Ch(unsigned char ch_num);     
..\..\ap32lib\AP_ADC_HIL.h:         ^
..\..\ap32lib\AP_ADC_HIL.h(75): warning:  #186-D: pointless comparison of unsigned integer with zero
..\..\ap32lib\AP_ADC_HIL.h:             adcValue[sensors[index+3]] = (sensors[index+3] < 0) ? -temp : temp;
..\..\ap32lib\AP_ADC_HIL.h:                                                            ^
..\..\ap32lib\AP_ADC.cpp(27): warning:  #940-D: missing return statement at end of non-void function "AP_ADC::Ch"
..\..\ap32lib\AP_ADC.cpp:   }
..\..\ap32lib\AP_ADC.cpp:   ^
..\..\ap32lib\AP_ADC.cpp: ..\..\ap32lib\AP_ADC.cpp: 9 warnings, 0 errors
compiling AP_ADC_ADS7844.cpp...
..\..\ap32lib\AP_ADC_HIL.h(31): warning:  #1300-D: Init inherits implicit virtual
..\..\ap32lib\AP_ADC_HIL.h:     void Init();
..\..\ap32lib\AP_ADC_HIL.h:          ^
..\..\ap32lib\AP_ADC_HIL.h(35): warning:  #1300-D: Ch inherits implicit virtual
..\..\ap32lib\AP_ADC_HIL.h:     int Ch(unsigned char ch_num);     
..\..\ap32lib\AP_ADC_HIL.h:         ^
..\..\ap32lib\AP_ADC_HIL.h(75): warning:  #186-D: pointless comparison of unsigned integer with zero
..\..\ap32lib\AP_ADC_HIL.h:             adcValue[sensors[index+3]] = (sensors[index+3] < 0) ? -temp : temp;
..\..\ap32lib\AP_ADC_HIL.h:                                                            ^
..\..\ap32lib\AP_ADC_ADS7844.h(19): warning:  #1300-D: Init inherits implicit virtual
..\..\ap32lib\AP_ADC_ADS7844.h:         void Init();
..\..\ap32lib\AP_ADC_ADS7844.h:              ^
..\..\ap32lib\AP_ADC_ADS7844.h(21): warning:  #1300-D: Ch inherits implicit virtual
..\..\ap32lib\AP_ADC_ADS7844.h:         int Ch(unsigned char ch_num);     
..\..\ap32lib\AP_ADC_ADS7844.h:             ^
..\..\ap32lib\AP_ADC_ADS7844.cpp(78): error:  #20: identifier "LOW" is undefined
..\..\ap32lib\AP_ADC_ADS7844.cpp:     digitalWrite(31,LOW);
..\..\ap32lib\AP_ADC_ADS7844.cpp:                     ^
..\..\ap32lib\AP_ADC_ADS7844.cpp(78): error:  #20: identifier "digitalWrite" is undefined
..\..\ap32lib\AP_ADC_ADS7844.cpp:     digitalWrite(31,LOW);
..\..\ap32lib\AP_ADC_ADS7844.cpp:     ^
..\..\ap32lib\AP_ADC_ADS7844.cpp(92): error:  #20: identifier "HIGH" is undefined
..\..\ap32lib\AP_ADC_ADS7844.cpp:     digitalWrite(31,HIGH);
..\..\ap32lib\AP_ADC_ADS7844.cpp:                     ^
..\..\ap32lib\AP_ADC_ADS7844.cpp(110): error:  #20: identifier "INPUT" is undefined
..\..\ap32lib\AP_ADC_ADS7844.cpp:    pinMode(33,INPUT);
..\..\ap32lib\AP_ADC_ADS7844.cpp:               ^
..\..\ap32lib\AP_ADC_ADS7844.cpp(110): error:  #20: identifier "pinMode" is undefined
..\..\ap32lib\AP_ADC_ADS7844.cpp:    pinMode(33,INPUT);
..\..\ap32lib\AP_ADC_ADS7844.cpp:    ^
..\..\ap32lib\AP_ADC_ADS7844.cpp(111): error:  #20: identifier "OUTPUT" is undefined
..\..\ap32lib\AP_ADC_ADS7844.cpp:    pinMode(31,OUTPUT);
..\..\ap32lib\AP_ADC_ADS7844.cpp:               ^
..\..\ap32lib\AP_ADC_ADS7844.cpp(112): error:  #20: identifier "HIGH" is undefined
..\..\ap32lib\AP_ADC_ADS7844.cpp:    digitalWrite(31,HIGH);
..\..\ap32lib\AP_ADC_ADS7844.cpp:                    ^
..\..\ap32lib\AP_ADC_ADS7844.cpp(112): error:  #20: identifier "digitalWrite" is undefined
..\..\ap32lib\AP_ADC_ADS7844.cpp:    digitalWrite(31,HIGH);
..\..\ap32lib\AP_ADC_ADS7844.cpp:    ^
..\..\ap32lib\AP_ADC_ADS7844.cpp: ..\..\ap32lib\AP_ADC_ADS7844.cpp: 5 warnings, 8 errors
Target not created
Build target 'ET-STM32F103'
compiling AP_ADC.cpp...
..\..\ap32lib\AP_ADC_ADS7844.h(19): warning:  #1300-D: Init inherits implicit virtual
..\..\ap32lib\AP_ADC_ADS7844.h:         void Init();
..\..\ap32lib\AP_ADC_ADS7844.h:              ^
..\..\ap32lib\AP_ADC_ADS7844.h(21): warning:  #1300-D: Ch inherits implicit virtual
..\..\ap32lib\AP_ADC_ADS7844.h:         int Ch(unsigned char ch_num);     
..\..\ap32lib\AP_ADC_ADS7844.h:             ^
..\..\ap32lib\AP_ADC_HIL.h(31): warning:  #1300-D: Init inherits implicit virtual
..\..\ap32lib\AP_ADC_HIL.h:     void Init();
..\..\ap32lib\AP_ADC_HIL.h:          ^
..\..\ap32lib\AP_ADC_HIL.h(35): warning:  #1300-D: Ch inherits implicit virtual
..\..\ap32lib\AP_ADC_HIL.h:     int Ch(unsigned char ch_num);     
..\..\ap32lib\AP_ADC_HIL.h:         ^
..\..\ap32lib\AP_ADC_HIL.h(75): warning:  #186-D: pointless comparison of unsigned integer with zero
..\..\ap32lib\AP_ADC_HIL.h:             adcValue[sensors[index+3]] = (sensors[index+3] < 0) ? -temp : temp;
..\..\ap32lib\AP_ADC_HIL.h:                                                            ^
..\..\ap32lib\AP_ADC.cpp(13): error:  #725: name must be a namespace name
..\..\ap32lib\AP_ADC.cpp:   using namespace compatArduino;
..\..\ap32lib\AP_ADC.cpp:                   ^
..\..\ap32lib\AP_ADC.cpp(26): warning:  #940-D: missing return statement at end of non-void function "AP_ADC::Ch"
..\..\ap32lib\AP_ADC.cpp:   }
..\..\ap32lib\AP_ADC.cpp:   ^
..\..\ap32lib\AP_ADC.cpp: ..\..\ap32lib\AP_ADC.cpp: 6 warnings, 1 error
compiling AP_ADC_ADS7844.cpp...
..\..\ap32lib\AP_ADC_HIL.h(31): warning:  #1300-D: Init inherits implicit virtual
..\..\ap32lib\AP_ADC_HIL.h:     void Init();
..\..\ap32lib\AP_ADC_HIL.h:          ^
..\..\ap32lib\AP_ADC_HIL.h(35): warning:  #1300-D: Ch inherits implicit virtual
..\..\ap32lib\AP_ADC_HIL.h:     int Ch(unsigned char ch_num);     
..\..\ap32lib\AP_ADC_HIL.h:         ^
..\..\ap32lib\AP_ADC_HIL.h(75): warning:  #186-D: pointless comparison of unsigned integer with zero
..\..\ap32lib\AP_ADC_HIL.h:             adcValue[sensors[index+3]] = (sensors[index+3] < 0) ? -temp : temp;
..\..\ap32lib\AP_ADC_HIL.h:                                                            ^
..\..\ap32lib\AP_ADC_ADS7844.h(19): warning:  #1300-D: Init inherits implicit virtual
..\..\ap32lib\AP_ADC_ADS7844.h:         void Init();
..\..\ap32lib\AP_ADC_ADS7844.h:              ^
..\..\ap32lib\AP_ADC_ADS7844.h(21): warning:  #1300-D: Ch inherits implicit virtual
..\..\ap32lib\AP_ADC_ADS7844.h:         int Ch(unsigned char ch_num);     
..\..\ap32lib\AP_ADC_ADS7844.h:             ^
..\..\ap32lib\AP_ADC_ADS7844.cpp(78): error:  #20: identifier "LOW" is undefined
..\..\ap32lib\AP_ADC_ADS7844.cpp:     digitalWrite(31,LOW);
..\..\ap32lib\AP_ADC_ADS7844.cpp:                     ^
..\..\ap32lib\AP_ADC_ADS7844.cpp(78): error:  #20: identifier "digitalWrite" is undefined
..\..\ap32lib\AP_ADC_ADS7844.cpp:     digitalWrite(31,LOW);
..\..\ap32lib\AP_ADC_ADS7844.cpp:     ^
..\..\ap32lib\AP_ADC_ADS7844.cpp(92): error:  #20: identifier "HIGH" is undefined
..\..\ap32lib\AP_ADC_ADS7844.cpp:     digitalWrite(31,HIGH);
..\..\ap32lib\AP_ADC_ADS7844.cpp:                     ^
..\..\ap32lib\AP_ADC_ADS7844.cpp(110): error:  #20: identifier "INPUT" is undefined
..\..\ap32lib\AP_ADC_ADS7844.cpp:    pinMode(33,INPUT);
..\..\ap32lib\AP_ADC_ADS7844.cpp:               ^
..\..\ap32lib\AP_ADC_ADS7844.cpp(110): error:  #20: identifier "pinMode" is undefined
..\..\ap32lib\AP_ADC_ADS7844.cpp:    pinMode(33,INPUT);
..\..\ap32lib\AP_ADC_ADS7844.cpp:    ^
..\..\ap32lib\AP_ADC_ADS7844.cpp(111): error:  #20: identifier "OUTPUT" is undefined
..\..\ap32lib\AP_ADC_ADS7844.cpp:    pinMode(31,OUTPUT);
..\..\ap32lib\AP_ADC_ADS7844.cpp:               ^
..\..\ap32lib\AP_ADC_ADS7844.cpp(112): error:  #20: identifier "HIGH" is undefined
..\..\ap32lib\AP_ADC_ADS7844.cpp:    digitalWrite(31,HIGH);
..\..\ap32lib\AP_ADC_ADS7844.cpp:                    ^
..\..\ap32lib\AP_ADC_ADS7844.cpp(112): error:  #20: identifier "digitalWrite" is undefined
..\..\ap32lib\AP_ADC_ADS7844.cpp:    digitalWrite(31,HIGH);
..\..\ap32lib\AP_ADC_ADS7844.cpp:    ^
..\..\ap32lib\AP_ADC_ADS7844.cpp: ..\..\ap32lib\AP_ADC_ADS7844.cpp: 5 warnings, 8 errors
Target not created
Build target 'ET-STM32F103'
compiling AP_ADC.cpp...
..\..\ap32lib\AP_ADC_ADS7844.h(19): warning:  #1300-D: Init inherits implicit virtual
..\..\ap32lib\AP_ADC_ADS7844.h:         void Init();
..\..\ap32lib\AP_ADC_ADS7844.h:              ^
..\..\ap32lib\AP_ADC_ADS7844.h(21): warning:  #1300-D: Ch inherits implicit virtual
..\..\ap32lib\AP_ADC_ADS7844.h:         int Ch(unsigned char ch_num);     
..\..\ap32lib\AP_ADC_ADS7844.h:             ^
..\..\ap32lib\AP_ADC_HIL.h(31): warning:  #1300-D: Init inherits implicit virtual
..\..\ap32lib\AP_ADC_HIL.h:     void Init();
..\..\ap32lib\AP_ADC_HIL.h:          ^
..\..\ap32lib\AP_ADC_HIL.h(35): warning:  #1300-D: Ch inherits implicit virtual
..\..\ap32lib\AP_ADC_HIL.h:     int Ch(unsigned char ch_num);     
..\..\ap32lib\AP_ADC_HIL.h:         ^
..\..\ap32lib\AP_ADC_HIL.h(75): warning:  #186-D: pointless comparison of unsigned integer with zero
..\..\ap32lib\AP_ADC_HIL.h:             adcValue[sensors[index+3]] = (sensors[index+3] < 0) ? -temp : temp;
..\..\ap32lib\AP_ADC_HIL.h:                                                            ^
..\..\ap32lib\AP_ADC.cpp(24): warning:  #940-D: missing return statement at end of non-void function "AP_ADC::Ch"
..\..\ap32lib\AP_ADC.cpp:   }
..\..\ap32lib\AP_ADC.cpp:   ^
..\..\ap32lib\AP_ADC.cpp: ..\..\ap32lib\AP_ADC.cpp: 6 warnings, 0 errors
compiling AP_ADC_ADS7844.cpp...
..\..\ap32lib\AP_ADC_HIL.h(31): warning:  #1300-D: Init inherits implicit virtual
..\..\ap32lib\AP_ADC_HIL.h:     void Init();
..\..\ap32lib\AP_ADC_HIL.h:          ^
..\..\ap32lib\AP_ADC_HIL.h(35): warning:  #1300-D: Ch inherits implicit virtual
..\..\ap32lib\AP_ADC_HIL.h:     int Ch(unsigned char ch_num);     
..\..\ap32lib\AP_ADC_HIL.h:         ^
..\..\ap32lib\AP_ADC_HIL.h(75): warning:  #186-D: pointless comparison of unsigned integer with zero
..\..\ap32lib\AP_ADC_HIL.h:             adcValue[sensors[index+3]] = (sensors[index+3] < 0) ? -temp : temp;
..\..\ap32lib\AP_ADC_HIL.h:                                                            ^
..\..\ap32lib\AP_ADC_ADS7844.h(19): warning:  #1300-D: Init inherits implicit virtual
..\..\ap32lib\AP_ADC_ADS7844.h:         void Init();
..\..\ap32lib\AP_ADC_ADS7844.h:              ^
..\..\ap32lib\AP_ADC_ADS7844.h(21): warning:  #1300-D: Ch inherits implicit virtual
..\..\ap32lib\AP_ADC_ADS7844.h:         int Ch(unsigned char ch_num);     
..\..\ap32lib\AP_ADC_ADS7844.h:             ^
..\..\ap32lib\AP_ADC_ADS7844.cpp(78): error:  #20: identifier "LOW" is undefined
..\..\ap32lib\AP_ADC_ADS7844.cpp:     digitalWrite(31,LOW);
..\..\ap32lib\AP_ADC_ADS7844.cpp:                     ^
..\..\ap32lib\AP_ADC_ADS7844.cpp(78): error:  #20: identifier "digitalWrite" is undefined
..\..\ap32lib\AP_ADC_ADS7844.cpp:     digitalWrite(31,LOW);
..\..\ap32lib\AP_ADC_ADS7844.cpp:     ^
..\..\ap32lib\AP_ADC_ADS7844.cpp(92): error:  #20: identifier "HIGH" is undefined
..\..\ap32lib\AP_ADC_ADS7844.cpp:     digitalWrite(31,HIGH);
..\..\ap32lib\AP_ADC_ADS7844.cpp:                     ^
..\..\ap32lib\AP_ADC_ADS7844.cpp(110): error:  #20: identifier "INPUT" is undefined
..\..\ap32lib\AP_ADC_ADS7844.cpp:    pinMode(33,INPUT);
..\..\ap32lib\AP_ADC_ADS7844.cpp:               ^
..\..\ap32lib\AP_ADC_ADS7844.cpp(110): error:  #20: identifier "pinMode" is undefined
..\..\ap32lib\AP_ADC_ADS7844.cpp:    pinMode(33,INPUT);
..\..\ap32lib\AP_ADC_ADS7844.cpp:    ^
..\..\ap32lib\AP_ADC_ADS7844.cpp(111): error:  #20: identifier "OUTPUT" is undefined
..\..\ap32lib\AP_ADC_ADS7844.cpp:    pinMode(31,OUTPUT);
..\..\ap32lib\AP_ADC_ADS7844.cpp:               ^
..\..\ap32lib\AP_ADC_ADS7844.cpp(112): error:  #20: identifier "HIGH" is undefined
..\..\ap32lib\AP_ADC_ADS7844.cpp:    digitalWrite(31,HIGH);
..\..\ap32lib\AP_ADC_ADS7844.cpp:                    ^
..\..\ap32lib\AP_ADC_ADS7844.cpp(112): error:  #20: identifier "digitalWrite" is undefined
..\..\ap32lib\AP_ADC_ADS7844.cpp:    digitalWrite(31,HIGH);
..\..\ap32lib\AP_ADC_ADS7844.cpp:    ^
..\..\ap32lib\AP_ADC_ADS7844.cpp: ..\..\ap32lib\AP_ADC_ADS7844.cpp: 5 warnings, 8 errors
Target not created
