ARM Linker, RVCT4.0 [Build 728] [Evaluation]

==============================================================================

Section Cross References

    stm32f10x_it.o(.text) refers to main.o(.text) for SysTick_IRQ_Function
    main.o(.text) refers to main.o(i._Z19UxARTx_IRQ_FunctionP13USART_TypeDefP8doSerial) for UxARTx_IRQ_Function(USART_TypeDef*, doSerial*)
    main.o(.text) refers to stm32f10x_exti.o(.text) for EXTI_GetITStatus
    main.o(.text) refers to apm_rc.o(.text) for APM_RC_Class::GetState()
    main.o(.text) refers to doserial.o(.text) for doSerial::print(const char*)
    main.o(.text) refers to compatarduino.o(.text) for compatArduino::delay(unsigned long)
    main.o(.text) refers to xduinoinit.o(.text) for doInit()
    main.o(.text) refers to main.o(.data) for SystemUptime
    main.o(.text) refers to xduinoinit.o(.bss) for Serial1
    main.o(.text) refers to xduino.o(.constdata) for EXTI_LINES
    main.o(.text) refers to main.o(.bss) for EXTI_Function_Pointer
    main.o(.text) refers to apm_rc.o(.data) for APM_RC
    main.o(.ARM.exidx) refers to main.o(.text) for .text
    stm32f10x_adc.o(.text) refers to stm32f10x_rcc.o(.text) for RCC_APB2PeriphResetCmd
    stm32f10x_bkp.o(.text) refers to stm32f10x_rcc.o(.text) for RCC_BackupResetCmd
    stm32f10x_can.o(.text) refers to stm32f10x_rcc.o(.text) for RCC_APB1PeriphResetCmd
    stm32f10x_dac.o(.text) refers to stm32f10x_rcc.o(.text) for RCC_APB1PeriphResetCmd
    stm32f10x_gpio.o(.text) refers to stm32f10x_rcc.o(.text) for RCC_APB2PeriphResetCmd
    stm32f10x_i2c.o(.text) refers to stm32f10x_rcc.o(.text) for RCC_APB1PeriphResetCmd
    stm32f10x_nvic.o(.text) refers to cortexm3_macro.o(.text) for __SETPRIMASK
    stm32f10x_pwr.o(.text) refers to stm32f10x_rcc.o(.text) for RCC_APB1PeriphResetCmd
    stm32f10x_pwr.o(.text) refers to cortexm3_macro.o(.text) for __WFI
    stm32f10x_rcc.o(.text) refers to stm32f10x_rcc.o(.data) for .data
    stm32f10x_rcc.o(.text) refers to stm32f10x_rcc.o(.constdata) for .constdata
    stm32f10x_spi.o(.text) refers to stm32f10x_rcc.o(.text) for RCC_APB2PeriphResetCmd
    stm32f10x_tim.o(.text) refers to stm32f10x_rcc.o(.text) for RCC_APB2PeriphResetCmd
    stm32f10x_usart.o(.text) refers to stm32f10x_rcc.o(.text) for RCC_APB2PeriphResetCmd
    stm32f10x_wwdg.o(.text) refers to stm32f10x_rcc.o(.text) for RCC_APB1PeriphResetCmd
    stm32f10x_vector.o(STACK) refers (Special) to heapauxi.o(.text) for __use_two_region_memory
    stm32f10x_vector.o(HEAP) refers (Special) to heapauxi.o(.text) for __use_two_region_memory
    stm32f10x_vector.o(RESET) refers (Special) to heapauxi.o(.text) for __use_two_region_memory
    stm32f10x_vector.o(RESET) refers to stm32f10x_vector.o(STACK) for __initial_sp
    stm32f10x_vector.o(RESET) refers to stm32f10x_vector.o(.text) for Reset_Handler
    stm32f10x_vector.o(RESET) refers to stm32f10x_it.o(.text) for NMIException
    stm32f10x_vector.o(.text) refers (Special) to heapauxi.o(.text) for __use_two_region_memory
    stm32f10x_vector.o(.text) refers to __main.o(!!!main) for __main
    stm32f10x_vector.o(.text) refers to stm32f10x_vector.o(HEAP) for Heap_Mem
    stm32f10x_vector.o(.text) refers to stm32f10x_vector.o(STACK) for Stack_Mem
    definename.o(.text) refers to xduino.o(.constdata) for GPIOBANKS
    definename.o(.ARM.exidx) refers to definename.o(.text) for .text
    dodac.o(.text) refers to stm32f10x_rcc.o(.text) for RCC_APB1PeriphClockCmd
    dodac.o(.text) refers to stm32f10x_dac.o(.text) for DAC_Init
    dodac.o(.text) refers to definename.o(.text) for defineName::getDACchannel(unsigned char)
    dodac.o(.text) refers to dogpio.o(.text) for doGPIO::doGPIO(GPIO_TypeDef*, unsigned short, GPIOMode_TypeDef)
    dodac.o(.ARM.exidx) refers to dodac.o(.text) for .text
    dogpio.o(.text) refers to stm32f10x_gpio.o(.text) for GPIO_Init
    dogpio.o(.text) refers to definename.o(.text) for defineName::getPin(unsigned char)
    dogpio.o(.ARM.exidx) refers to dogpio.o(.text) for .text
    dotime.o(.text) refers to stm32f10x_systick.o(.text) for SysTick_GetCounter
    dotime.o(.text) refers to main.o(.data) for SysTick_Use_Counter
    dotime.o(.ARM.exidx) refers to dotime.o(.text) for .text
    doadc.o(.text) refers to stm32f10x_rcc.o(.text) for RCC_ADCCLKConfig
    doadc.o(.text) refers to stm32f10x_adc.o(.text) for ADC_DeInit
    doadc.o(.text) refers to definename.o(.text) for defineName::getADCchannel(unsigned char)
    doadc.o(.text) refers to dogpio.o(.text) for doGPIO::doGPIO(GPIO_TypeDef*, unsigned short, GPIOMode_TypeDef)
    doadc.o(.ARM.exidx) refers to doadc.o(.text) for .text
    doexti.o(.text) refers to definename.o(.text) for defineName::getPin(unsigned char)
    doexti.o(.text) refers to stm32f10x_gpio.o(.text) for GPIO_EXTILineConfig
    doexti.o(.text) refers to stm32f10x_exti.o(.text) for EXTI_Init
    doexti.o(.text) refers to main.o(.bss) for EXTI_Function_Pointer
[...]
    __rt_lib_init_lc_time_1                  0x00008207   Thumb Code     0  libinit2.o(.ARM.Collect$$libinit$$00000015)
    __rt_lib_init_signal_1                   0x00008207   Thumb Code     0  libinit2.o(.ARM.Collect$$libinit$$00000019)
    __rt_lib_init_stdio_1                    0x00008207   Thumb Code     0  libinit2.o(.ARM.Collect$$libinit$$00000021)
    __rt_lib_init_cpp_1                      0x0000820b   Thumb Code     0  libinit2.o(.ARM.Collect$$libinit$$0000002E)
    __rt_lib_init_return                     0x0000820b   Thumb Code     0  libinit2.o(.ARM.Collect$$libinit$$0000002F)
    __rt_lib_shutdown                        0x0000820d   Thumb Code     0  libshutdown.o(.ARM.Collect$$libshutdown$$00000000)
    __rt_lib_shutdown_cpp_1                  0x0000820f   Thumb Code     0  libshutdown2.o(.ARM.Collect$$libshutdown$$00000001)
    __rt_lib_shutdown_fp_trap_1              0x00008215   Thumb Code     0  libshutdown2.o(.ARM.Collect$$libshutdown$$00000006)
    __rt_lib_shutdown_heap_1                 0x00008215   Thumb Code     0  libshutdown2.o(.ARM.Collect$$libshutdown$$0000000E)
    __rt_lib_shutdown_return                 0x00008215   Thumb Code     0  libshutdown2.o(.ARM.Collect$$libshutdown$$0000000F)
    __rt_lib_shutdown_signal_1               0x00008215   Thumb Code     0  libshutdown2.o(.ARM.Collect$$libshutdown$$00000009)
    __rt_lib_shutdown_stdio_1                0x00008215   Thumb Code     0  libshutdown2.o(.ARM.Collect$$libshutdown$$00000003)
    __rt_lib_shutdown_user_alloc_1           0x00008215   Thumb Code     0  libshutdown2.o(.ARM.Collect$$libshutdown$$0000000B)
    __rt_entry                               0x00008217   Thumb Code     0  rtentry.o(.ARM.Collect$$rtentry$$00000000)
    __rt_entry_presh_1                       0x00008217   Thumb Code     0  rtentry2.o(.ARM.Collect$$rtentry$$00000002)
    __rt_entry_sh                            0x00008217   Thumb Code     0  rtentry4.o(.ARM.Collect$$rtentry$$00000004)
    __rt_entry_li                            0x0000821d   Thumb Code     0  rtentry2.o(.ARM.Collect$$rtentry$$0000000A)
    __rt_entry_postsh_1                      0x0000821d   Thumb Code     0  rtentry2.o(.ARM.Collect$$rtentry$$00000009)
    __rt_entry_main                          0x00008221   Thumb Code     0  rtentry2.o(.ARM.Collect$$rtentry$$0000000D)
    __rt_entry_postli_1                      0x00008221   Thumb Code     0  rtentry2.o(.ARM.Collect$$rtentry$$0000000C)
    __rt_exit                                0x00008229   Thumb Code     0  rtexit.o(.ARM.Collect$$rtexit$$00000000)
    __rt_exit_ls                             0x0000822b   Thumb Code     0  rtexit2.o(.ARM.Collect$$rtexit$$00000003)
    __rt_exit_prels_1                        0x0000822b   Thumb Code     0  rtexit2.o(.ARM.Collect$$rtexit$$00000002)
    __rt_exit_exit                           0x0000822f   Thumb Code     0  rtexit2.o(.ARM.Collect$$rtexit$$00000004)
    NMIException                             0x00008235   Thumb Code     2  stm32f10x_it.o(.text)
    _maybe_terminate_alloc                   0x00008235   Thumb Code     0  maybetermalloc1.o(.emb_text)
    HardFaultException                       0x00008237   Thumb Code     4  stm32f10x_it.o(.text)
    MemManageException                       0x0000823b   Thumb Code     4  stm32f10x_it.o(.text)
    BusFaultException                        0x0000823f   Thumb Code     4  stm32f10x_it.o(.text)
    UsageFaultException                      0x00008243   Thumb Code     4  stm32f10x_it.o(.text)
    DebugMonitor                             0x00008247   Thumb Code     2  stm32f10x_it.o(.text)
    SVCHandler                               0x00008249   Thumb Code     2  stm32f10x_it.o(.text)
    PendSVC                                  0x0000824b   Thumb Code     2  stm32f10x_it.o(.text)
    WWDG_IRQHandler                          0x0000824d   Thumb Code     2  stm32f10x_it.o(.text)
    PVD_IRQHandler                           0x0000824f   Thumb Code     2  stm32f10x_it.o(.text)
    TAMPER_IRQHandler                        0x00008251   Thumb Code     2  stm32f10x_it.o(.text)
    RTC_IRQHandler                           0x00008253   Thumb Code     2  stm32f10x_it.o(.text)
    FLASH_IRQHandler                         0x00008255   Thumb Code     2  stm32f10x_it.o(.text)
    RCC_IRQHandler                           0x00008257   Thumb Code     2  stm32f10x_it.o(.text)
    DMA1_Channel1_IRQHandler                 0x00008259   Thumb Code     2  stm32f10x_it.o(.text)
    DMA1_Channel2_IRQHandler                 0x0000825b   Thumb Code     2  stm32f10x_it.o(.text)
    DMA1_Channel3_IRQHandler                 0x0000825d   Thumb Code     2  stm32f10x_it.o(.text)
    DMA1_Channel4_IRQHandler                 0x0000825f   Thumb Code     2  stm32f10x_it.o(.text)
    DMA1_Channel5_IRQHandler                 0x00008261   Thumb Code     2  stm32f10x_it.o(.text)
    DMA1_Channel6_IRQHandler                 0x00008263   Thumb Code     2  stm32f10x_it.o(.text)
    DMA1_Channel7_IRQHandler                 0x00008265   Thumb Code     2  stm32f10x_it.o(.text)
    ADC1_2_IRQHandler                        0x00008267   Thumb Code     2  stm32f10x_it.o(.text)
    USB_HP_CAN_TX_IRQHandler                 0x00008269   Thumb Code     2  stm32f10x_it.o(.text)
    USB_LP_CAN_RX0_IRQHandler                0x0000826b   Thumb Code     2  stm32f10x_it.o(.text)
    CAN_RX1_IRQHandler                       0x0000826d   Thumb Code     2  stm32f10x_it.o(.text)
    CAN_SCE_IRQHandler                       0x0000826f   Thumb Code     2  stm32f10x_it.o(.text)
    TIM1_BRK_IRQHandler                      0x00008271   Thumb Code     2  stm32f10x_it.o(.text)
    TIM1_UP_IRQHandler                       0x00008273   Thumb Code     2  stm32f10x_it.o(.text)
    TIM1_TRG_COM_IRQHandler                  0x00008275   Thumb Code     2  stm32f10x_it.o(.text)
    TIM1_CC_IRQHandler                       0x00008277   Thumb Code     2  stm32f10x_it.o(.text)
    TIM2_IRQHandler                          0x00008279   Thumb Code     2  stm32f10x_it.o(.text)
    TIM3_IRQHandler                          0x0000827b   Thumb Code     2  stm32f10x_it.o(.text)
    TIM4_IRQHandler                          0x0000827d   Thumb Code     2  stm32f10x_it.o(.text)
    I2C1_EV_IRQHandler                       0x0000827f   Thumb Code     2  stm32f10x_it.o(.text)
    I2C1_ER_IRQHandler                       0x00008281   Thumb Code     2  stm32f10x_it.o(.text)
    I2C2_EV_IRQHandler                       0x00008283   Thumb Code     2  stm32f10x_it.o(.text)
    I2C2_ER_IRQHandler                       0x00008285   Thumb Code     2  stm32f10x_it.o(.text)
    SPI1_IRQHandler                          0x00008287   Thumb Code     2  stm32f10x_it.o(.text)
    SPI2_IRQHandler                          0x00008289   Thumb Code     2  stm32f10x_it.o(.text)
    RTCAlarm_IRQHandler                      0x0000828b   Thumb Code     2  stm32f10x_it.o(.text)
    USBWakeUp_IRQHandler                     0x0000828d   Thumb Code     2  stm32f10x_it.o(.text)
    TIM8_BRK_IRQHandler                      0x0000828f   Thumb Code     2  stm32f10x_it.o(.text)
    TIM8_UP_IRQHandler                       0x00008291   Thumb Code     2  stm32f10x_it.o(.text)
    TIM8_TRG_COM_IRQHandler                  0x00008293   Thumb Code     2  stm32f10x_it.o(.text)
    TIM8_CC_IRQHandler                       0x00008295   Thumb Code     2  stm32f10x_it.o(.text)
    ADC3_IRQHandler                          0x00008297   Thumb Code     2  stm32f10x_it.o(.text)
    FSMC_IRQHandler                          0x00008299   Thumb Code     2  stm32f10x_it.o(.text)
    SDIO_IRQHandler                          0x0000829b   Thumb Code     2  stm32f10x_it.o(.text)
    TIM5_IRQHandler                          0x0000829d   Thumb Code     2  stm32f10x_it.o(.text)
    SPI3_IRQHandler                          0x0000829f   Thumb Code     2  stm32f10x_it.o(.text)
    TIM6_IRQHandler                          0x000082a1   Thumb Code     2  stm32f10x_it.o(.text)
    TIM7_IRQHandler                          0x000082a3   Thumb Code     2  stm32f10x_it.o(.text)
    DMA2_Channel1_IRQHandler                 0x000082a5   Thumb Code     2  stm32f10x_it.o(.text)
    DMA2_Channel2_IRQHandler                 0x000082a7   Thumb Code     2  stm32f10x_it.o(.text)
    DMA2_Channel3_IRQHandler                 0x000082a9   Thumb Code     2  stm32f10x_it.o(.text)
    DMA2_Channel4_5_IRQHandler               0x000082ab   Thumb Code     2  stm32f10x_it.o(.text)
    SysTickHandler                           0x000082ad   Thumb Code     8  stm32f10x_it.o(.text)
    USART1_IRQHandler                        0x000082b5   Thumb Code     8  stm32f10x_it.o(.text)
    USART2_IRQHandler                        0x000082bd   Thumb Code     8  stm32f10x_it.o(.text)
    USART3_IRQHandler                        0x000082c5   Thumb Code     8  stm32f10x_it.o(.text)
    UART4_IRQHandler                         0x000082cd   Thumb Code     8  stm32f10x_it.o(.text)
    UART5_IRQHandler                         0x000082d5   Thumb Code     8  stm32f10x_it.o(.text)
    EXTI0_IRQHandler                         0x000082dd   Thumb Code     8  stm32f10x_it.o(.text)
    EXTI1_IRQHandler                         0x000082e5   Thumb Code     8  stm32f10x_it.o(.text)
    EXTI2_IRQHandler                         0x000082ed   Thumb Code     8  stm32f10x_it.o(.text)
    EXTI3_IRQHandler                         0x000082f5   Thumb Code     8  stm32f10x_it.o(.text)
    EXTI4_IRQHandler                         0x000082fd   Thumb Code     8  stm32f10x_it.o(.text)
    EXTI9_5_IRQHandler                       0x00008305   Thumb Code     8  stm32f10x_it.o(.text)
    EXTI15_10_IRQHandler                     0x0000830d   Thumb Code     8  stm32f10x_it.o(.text)
    SysTick_IRQ_Function                     0x00008315   Thumb Code    22  main.o(.text)
    USART1_IRQ_Function                      0x0000832b   Thumb Code    12  main.o(.text)
    USART2_IRQ_Function                      0x00008337   Thumb Code    12  main.o(.text)
    USART3_IRQ_Function                      0x00008343   Thumb Code    12  main.o(.text)
    UART4_IRQ_Function                       0x0000834f   Thumb Code    12  main.o(.text)
    UART5_IRQ_Function                       0x0000835b   Thumb Code    12  main.o(.text)
    EXTI_ALL_IRQ_Function                    0x00008367   Thumb Code    44  main.o(.text)
    loop()                                   0x00008393   Thumb Code    86  main.o(.text)
    setup()                                  0x000083e9   Thumb Code    40  main.o(.text)
    main                                     0x00008411   Thumb Code    18  main.o(.text)
    ADC_DeInit                               0x00008491   Thumb Code    90  stm32f10x_adc.o(.text)
    ADC_Init                                 0x000084eb   Thumb Code    68  stm32f10x_adc.o(.text)
    ADC_StructInit                           0x0000852f   Thumb Code    18  stm32f10x_adc.o(.text)
    ADC_Cmd                                  0x00008541   Thumb Code    22  stm32f10x_adc.o(.text)
    ADC_DMACmd                               0x00008557   Thumb Code    22  stm32f10x_adc.o(.text)
    ADC_ITConfig                             0x0000856d   Thumb Code    24  stm32f10x_adc.o(.text)
    ADC_ResetCalibration                     0x00008585   Thumb Code    10  stm32f10x_adc.o(.text)
    ADC_GetResetCalibrationStatus            0x0000858f   Thumb Code    20  stm32f10x_adc.o(.text)
    ADC_StartCalibration                     0x000085a3   Thumb Code    10  stm32f10x_adc.o(.text)
    ADC_GetCalibrationStatus                 0x000085ad   Thumb Code    20  stm32f10x_adc.o(.text)
    ADC_SoftwareStartConvCmd                 0x000085c1   Thumb Code    22  stm32f10x_adc.o(.text)
    ADC_GetSoftwareStartConvStatus           0x000085d7   Thumb Code    20  stm32f10x_adc.o(.text)
    ADC_DiscModeChannelCountConfig           0x000085eb   Thumb Code    22  stm32f10x_adc.o(.text)
    ADC_DiscModeCmd                          0x00008601   Thumb Code    22  stm32f10x_adc.o(.text)
    ADC_RegularChannelConfig                 0x00008617   Thumb Code   180  stm32f10x_adc.o(.text)
    ADC_ExternalTrigConvCmd                  0x000086cb   Thumb Code    22  stm32f10x_adc.o(.text)
    ADC_GetConversionValue                   0x000086e1   Thumb Code     8  stm32f10x_adc.o(.text)
    ADC_GetDualModeConversionValue           0x000086e9   Thumb Code     6  stm32f10x_adc.o(.text)
    ADC_AutoInjectedConvCmd                  0x000086ef   Thumb Code    22  stm32f10x_adc.o(.text)
    ADC_InjectedDiscModeCmd                  0x00008705   Thumb Code    22  stm32f10x_adc.o(.text)
    ADC_ExternalTrigInjectedConvConfig       0x0000871b   Thumb Code    14  stm32f10x_adc.o(.text)
    ADC_ExternalTrigInjectedConvCmd          0x00008729   Thumb Code    22  stm32f10x_adc.o(.text)
    ADC_SoftwareStartInjectedConvCmd         0x0000873f   Thumb Code    22  stm32f10x_adc.o(.text)
    ADC_GetSoftwareStartInjectedConvCmdStatus 0x00008755   Thumb Code    20  stm32f10x_adc.o(.text)
    ADC_InjectedChannelConfig                0x00008769   Thumb Code   126  stm32f10x_adc.o(.text)
    ADC_InjectedSequencerLengthConfig        0x000087e7   Thumb Code    22  stm32f10x_adc.o(.text)
    ADC_SetInjectedOffset                    0x000087fd   Thumb Code     4  stm32f10x_adc.o(.text)
    ADC_GetInjectedConversionValue           0x00008801   Thumb Code    10  stm32f10x_adc.o(.text)
    ADC_AnalogWatchdogCmd                    0x0000880b   Thumb Code    14  stm32f10x_adc.o(.text)
    ADC_AnalogWatchdogThresholdsConfig       0x00008819   Thumb Code     6  stm32f10x_adc.o(.text)
    ADC_AnalogWatchdogSingleChannelConfig    0x0000881f   Thumb Code    14  stm32f10x_adc.o(.text)
    ADC_TempSensorVrefintCmd                 0x0000882d   Thumb Code    34  stm32f10x_adc.o(.text)
    ADC_GetFlagStatus                        0x0000884f   Thumb Code    18  stm32f10x_adc.o(.text)
    ADC_ClearFlag                            0x00008861   Thumb Code     6  stm32f10x_adc.o(.text)
    ADC_GetITStatus                          0x00008867   Thumb Code    66  stm32f10x_adc.o(.text)
    ADC_ClearITPendingBit                    0x000088a9   Thumb Code    10  stm32f10x_adc.o(.text)
    DAC_DeInit                               0x000088b5   Thumb Code    22  stm32f10x_dac.o(.text)
    DAC_Init                                 0x000088cb   Thumb Code    58  stm32f10x_dac.o(.text)
    DAC_StructInit                           0x00008905   Thumb Code    12  stm32f10x_dac.o(.text)
    DAC_Cmd                                  0x00008911   Thumb Code    50  stm32f10x_dac.o(.text)
    DAC_DMACmd                               0x00008943   Thumb Code    50  stm32f10x_dac.o(.text)
    DAC_SoftwareTriggerCmd                   0x00008975   Thumb Code    60  stm32f10x_dac.o(.text)
    DAC_DualSoftwareTriggerCmd               0x000089b1   Thumb Code    34  stm32f10x_dac.o(.text)
    DAC_WaveGenerationCmd                    0x000089d3   Thumb Code    44  stm32f10x_dac.o(.text)
    DAC_SetChannel1Data                      0x000089ff   Thumb Code    10  stm32f10x_dac.o(.text)
    DAC_SetChannel2Data                      0x00008a09   Thumb Code    10  stm32f10x_dac.o(.text)
    DAC_SetDualChannelData                   0x00008a13   Thumb Code    28  stm32f10x_dac.o(.text)
    DAC_GetDataOutputValue                   0x00008a2f   Thumb Code    16  stm32f10x_dac.o(.text)
    EXTI_DeInit                              0x00008a4d   Thumb Code    30  stm32f10x_exti.o(.text)
    EXTI_Init                                0x00008a6b   Thumb Code   188  stm32f10x_exti.o(.text)
    EXTI_StructInit                          0x00008b27   Thumb Code    16  stm32f10x_exti.o(.text)
    EXTI_GenerateSWInterrupt                 0x00008b37   Thumb Code    16  stm32f10x_exti.o(.text)
    EXTI_GetFlagStatus                       0x00008b47   Thumb Code    20  stm32f10x_exti.o(.text)
    EXTI_ClearFlag                           0x00008b5b   Thumb Code     6  stm32f10x_exti.o(.text)
    EXTI_GetITStatus                         0x00008b61   Thumb Code    34  stm32f10x_exti.o(.text)
    EXTI_ClearITPendingBit                   0x00008b83   Thumb Code     6  stm32f10x_exti.o(.text)
    FLASH_SetLatency                         0x00008ba9   Thumb Code    22  stm32f10x_flash.o(.text)
    FLASH_HalfCycleAccessCmd                 0x00008bbf   Thumb Code    22  stm32f10x_flash.o(.text)
    FLASH_PrefetchBufferCmd                  0x00008bd5   Thumb Code    22  stm32f10x_flash.o(.text)
    FLASH_Unlock                             0x00008beb   Thumb Code    12  stm32f10x_flash.o(.text)
    FLASH_Lock                               0x00008bf7   Thumb Code    14  stm32f10x_flash.o(.text)
    FLASH_GetStatus                          0x00008c05   Thumb Code    50  stm32f10x_flash.o(.text)
    FLASH_WaitForLastOperation               0x00008c45   Thumb Code    42  stm32f10x_flash.o(.text)
    FLASH_ErasePage                          0x00008c6f   Thumb Code    76  stm32f10x_flash.o(.text)
    FLASH_EraseAllPages                      0x00008cbb   Thumb Code    72  stm32f10x_flash.o(.text)
    FLASH_EraseOptionBytes                   0x00008d03   Thumb Code   144  stm32f10x_flash.o(.text)
    FLASH_ProgramWord                        0x00008d93   Thumb Code   100  stm32f10x_flash.o(.text)
    FLASH_ProgramHalfWord                    0x00008df7   Thumb Code    64  stm32f10x_flash.o(.text)
    FLASH_ProgramOptionByteData              0x00008e37   Thumb Code    72  stm32f10x_flash.o(.text)
    FLASH_EnableWriteProtection              0x00008e7f   Thumb Code   188  stm32f10x_flash.o(.text)
    FLASH_ReadOutProtection                  0x00008f3b   Thumb Code   188  stm32f10x_flash.o(.text)
    FLASH_UserOptionByteConfig               0x00008ff7   Thumb Code    94  stm32f10x_flash.o(.text)
    FLASH_GetUserOptionByte                  0x00009055   Thumb Code     8  stm32f10x_flash.o(.text)
    FLASH_GetWriteProtectionOptionByte       0x0000905d   Thumb Code     6  stm32f10x_flash.o(.text)
    FLASH_GetReadOutProtectionStatus         0x00009063   Thumb Code    20  stm32f10x_flash.o(.text)
    FLASH_GetPrefetchBufferStatus            0x00009077   Thumb Code    20  stm32f10x_flash.o(.text)
    FLASH_ITConfig                           0x0000908b   Thumb Code    26  stm32f10x_flash.o(.text)
    FLASH_GetFlagStatus                      0x000090a5   Thumb Code    42  stm32f10x_flash.o(.text)
    FLASH_ClearFlag                          0x000090cf   Thumb Code     6  stm32f10x_flash.o(.text)
    GPIO_DeInit                              0x000090e9   Thumb Code   188  stm32f10x_gpio.o(.text)
    GPIO_AFIODeInit                          0x000091a5   Thumb Code    20  stm32f10x_gpio.o(.text)
    GPIO_Init                                0x000091b9   Thumb Code   270  stm32f10x_gpio.o(.text)
    GPIO_StructInit                          0x000092c7   Thumb Code    16  stm32f10x_gpio.o(.text)
    GPIO_ReadInputDataBit                    0x000092d7   Thumb Code    18  stm32f10x_gpio.o(.text)
    GPIO_ReadInputData                       0x000092e9   Thumb Code     8  stm32f10x_gpio.o(.text)
    GPIO_ReadOutputDataBit                   0x000092f1   Thumb Code    18  stm32f10x_gpio.o(.text)
    GPIO_ReadOutputData                      0x00009303   Thumb Code     8  stm32f10x_gpio.o(.text)
    GPIO_SetBits                             0x0000930b   Thumb Code     4  stm32f10x_gpio.o(.text)
    GPIO_ResetBits                           0x0000930f   Thumb Code     4  stm32f10x_gpio.o(.text)
    GPIO_WriteBit                            0x00009313   Thumb Code    10  stm32f10x_gpio.o(.text)
    GPIO_Write                               0x0000931d   Thumb Code     4  stm32f10x_gpio.o(.text)
    GPIO_PinLockConfig                       0x00009321   Thumb Code    18  stm32f10x_gpio.o(.text)
    GPIO_EventOutputConfig                   0x00009333   Thumb Code    24  stm32f10x_gpio.o(.text)
    GPIO_EventOutputCmd                      0x0000934b   Thumb Code     6  stm32f10x_gpio.o(.text)
    GPIO_PinRemapConfig                      0x00009351   Thumb Code   104  stm32f10x_gpio.o(.text)
    GPIO_EXTILineConfig                      0x000093b9   Thumb Code    60  stm32f10x_gpio.o(.text)
    NVIC_DeInit                              0x00009405   Thumb Code    58  stm32f10x_nvic.o(.text)
    NVIC_SCBDeInit                           0x0000943f   Thumb Code    92  stm32f10x_nvic.o(.text)
    NVIC_PriorityGroupConfig                 0x0000949b   Thumb Code    10  stm32f10x_nvic.o(.text)
    NVIC_Init                                0x000094a5   Thumb Code   190  stm32f10x_nvic.o(.text)
    NVIC_StructInit                          0x00009563   Thumb Code    12  stm32f10x_nvic.o(.text)
    NVIC_SETPRIMASK                          0x0000956f   Thumb Code     8  stm32f10x_nvic.o(.text)
    NVIC_RESETPRIMASK                        0x00009577   Thumb Code     8  stm32f10x_nvic.o(.text)
    NVIC_SETFAULTMASK                        0x0000957f   Thumb Code     8  stm32f10x_nvic.o(.text)
    NVIC_RESETFAULTMASK                      0x00009587   Thumb Code     8  stm32f10x_nvic.o(.text)
    NVIC_BASEPRICONFIG                       0x0000958f   Thumb Code    12  stm32f10x_nvic.o(.text)
    NVIC_GetBASEPRI                          0x0000959b   Thumb Code     8  stm32f10x_nvic.o(.text)
    NVIC_GetCurrentPendingIRQChannel         0x000095a3   Thumb Code    10  stm32f10x_nvic.o(.text)
    NVIC_GetIRQChannelPendingBitStatus       0x000095ad   Thumb Code    42  stm32f10x_nvic.o(.text)
    NVIC_SetIRQChannelPendingBit             0x000095d7   Thumb Code     6  stm32f10x_nvic.o(.text)
    NVIC_ClearIRQChannelPendingBit           0x000095dd   Thumb Code    20  stm32f10x_nvic.o(.text)
    NVIC_GetCurrentActiveHandler             0x000095f1   Thumb Code    10  stm32f10x_nvic.o(.text)
    NVIC_GetIRQChannelActiveBitStatus        0x000095fb   Thumb Code    42  stm32f10x_nvic.o(.text)
    NVIC_GetCPUID                            0x00009625   Thumb Code     6  stm32f10x_nvic.o(.text)
    NVIC_SetVectorTable                      0x0000962b   Thumb Code    12  stm32f10x_nvic.o(.text)
    NVIC_GenerateSystemReset                 0x00009637   Thumb Code    10  stm32f10x_nvic.o(.text)
    NVIC_GenerateCoreReset                   0x00009641   Thumb Code    10  stm32f10x_nvic.o(.text)
    NVIC_SystemLPConfig                      0x0000964b   Thumb Code    38  stm32f10x_nvic.o(.text)
    NVIC_SystemHandlerConfig                 0x00009671   Thumb Code    52  stm32f10x_nvic.o(.text)
    NVIC_SystemHandlerPriorityConfig         0x000096a5   Thumb Code   110  stm32f10x_nvic.o(.text)
    NVIC_GetSystemHandlerPendingBitStatus    0x00009713   Thumb Code    42  stm32f10x_nvic.o(.text)
    NVIC_SetSystemHandlerPendingBit          0x0000973d   Thumb Code    32  stm32f10x_nvic.o(.text)
    NVIC_ClearSystemHandlerPendingBit        0x0000975d   Thumb Code    38  stm32f10x_nvic.o(.text)
    NVIC_GetSystemHandlerActiveBitStatus     0x00009783   Thumb Code    40  stm32f10x_nvic.o(.text)
    NVIC_GetFaultHandlerSources              0x000097ab   Thumb Code   130  stm32f10x_nvic.o(.text)
    NVIC_GetFaultAddress                     0x0000982d   Thumb Code    24  stm32f10x_nvic.o(.text)
    RCC_DeInit                               0x0000984d   Thumb Code    62  stm32f10x_rcc.o(.text)
    RCC_HSEConfig                            0x0000988b   Thumb Code    70  stm32f10x_rcc.o(.text)
    RCC_GetFlagStatus                        0x000098d1   Thumb Code    56  stm32f10x_rcc.o(.text)
    RCC_WaitForHSEStartUp                    0x00009909   Thumb Code    62  stm32f10x_rcc.o(.text)
    RCC_AdjustHSICalibrationValue            0x00009947   Thumb Code    18  stm32f10x_rcc.o(.text)
    RCC_HSICmd                               0x00009959   Thumb Code     6  stm32f10x_rcc.o(.text)
    RCC_PLLConfig                            0x0000995f   Thumb Code    22  stm32f10x_rcc.o(.text)
    RCC_PLLCmd                               0x00009975   Thumb Code     6  stm32f10x_rcc.o(.text)
    RCC_SYSCLKConfig                         0x0000997b   Thumb Code    16  stm32f10x_rcc.o(.text)
    RCC_GetSYSCLKSource                      0x0000998b   Thumb Code    10  stm32f10x_rcc.o(.text)
    RCC_HCLKConfig                           0x00009995   Thumb Code    16  stm32f10x_rcc.o(.text)
    RCC_PCLK1Config                          0x000099a5   Thumb Code    16  stm32f10x_rcc.o(.text)
    RCC_PCLK2Config                          0x000099b5   Thumb Code    18  stm32f10x_rcc.o(.text)
    RCC_ITConfig                             0x000099c7   Thumb Code    30  stm32f10x_rcc.o(.text)
    RCC_USBCLKConfig                         0x000099e5   Thumb Code     6  stm32f10x_rcc.o(.text)
    RCC_ADCCLKConfig                         0x000099eb   Thumb Code    16  stm32f10x_rcc.o(.text)
    RCC_LSEConfig                            0x000099fb   Thumb Code    44  stm32f10x_rcc.o(.text)
    RCC_LSICmd                               0x00009a27   Thumb Code     6  stm32f10x_rcc.o(.text)
    RCC_RTCCLKConfig                         0x00009a2d   Thumb Code    12  stm32f10x_rcc.o(.text)
    RCC_RTCCLKCmd                            0x00009a39   Thumb Code     6  stm32f10x_rcc.o(.text)
    RCC_GetClocksFreq                        0x00009a3f   Thumb Code   194  stm32f10x_rcc.o(.text)
    RCC_AHBPeriphClockCmd                    0x00009b01   Thumb Code    26  stm32f10x_rcc.o(.text)
    RCC_APB2PeriphClockCmd                   0x00009b1b   Thumb Code    26  stm32f10x_rcc.o(.text)
    RCC_APB1PeriphClockCmd                   0x00009b35   Thumb Code    26  stm32f10x_rcc.o(.text)
    RCC_APB2PeriphResetCmd                   0x00009b4f   Thumb Code    26  stm32f10x_rcc.o(.text)
    RCC_APB1PeriphResetCmd                   0x00009b69   Thumb Code    26  stm32f10x_rcc.o(.text)
    RCC_BackupResetCmd                       0x00009b83   Thumb Code     6  stm32f10x_rcc.o(.text)
    RCC_ClockSecuritySystemCmd               0x00009b89   Thumb Code     6  stm32f10x_rcc.o(.text)
    RCC_MCOConfig                            0x00009b8f   Thumb Code     6  stm32f10x_rcc.o(.text)
    RCC_ClearFlag                            0x00009b95   Thumb Code    14  stm32f10x_rcc.o(.text)
    RCC_GetITStatus                          0x00009ba3   Thumb Code    20  stm32f10x_rcc.o(.text)
    RCC_ClearITPendingBit                    0x00009bb7   Thumb Code     6  stm32f10x_rcc.o(.text)
    SysTick_CLKSourceConfig                  0x00009bf1   Thumb Code    40  stm32f10x_systick.o(.text)
    SysTick_SetReload                        0x00009c19   Thumb Code     8  stm32f10x_systick.o(.text)
    SysTick_CounterCmd                       0x00009c21   Thumb Code    54  stm32f10x_systick.o(.text)
    SysTick_ITConfig                         0x00009c57   Thumb Code    38  stm32f10x_systick.o(.text)
    SysTick_GetCounter                       0x00009c7d   Thumb Code     8  stm32f10x_systick.o(.text)
    SysTick_GetFlagStatus                    0x00009c85   Thumb Code    46  stm32f10x_systick.o(.text)
    USART_DeInit                             0x00009cb5   Thumb Code   146  stm32f10x_usart.o(.text)
    USART_Init                               0x00009d47   Thumb Code   150  stm32f10x_usart.o(.text)
    USART_StructInit                         0x00009ddd   Thumb Code    24  stm32f10x_usart.o(.text)
    USART_ClockInit                          0x00009df5   Thumb Code    32  stm32f10x_usart.o(.text)
    USART_ClockStructInit                    0x00009e15   Thumb Code    12  stm32f10x_usart.o(.text)
    USART_Cmd                                0x00009e21   Thumb Code    24  stm32f10x_usart.o(.text)
    USART_ITConfig                           0x00009e39   Thumb Code    62  stm32f10x_usart.o(.text)
    USART_DMACmd                             0x00009e77   Thumb Code    24  stm32f10x_usart.o(.text)
    USART_SetAddress                         0x00009e8f   Thumb Code    18  stm32f10x_usart.o(.text)
    USART_WakeUpConfig                       0x00009ea1   Thumb Code    18  stm32f10x_usart.o(.text)
    USART_ReceiverWakeUpCmd                  0x00009eb3   Thumb Code    24  stm32f10x_usart.o(.text)
    USART_LINBreakDetectLengthConfig         0x00009ecb   Thumb Code    18  stm32f10x_usart.o(.text)
    USART_LINCmd                             0x00009edd   Thumb Code    24  stm32f10x_usart.o(.text)
    USART_SendData                           0x00009ef5   Thumb Code     8  stm32f10x_usart.o(.text)
    USART_ReceiveData                        0x00009efd   Thumb Code    10  stm32f10x_usart.o(.text)
    USART_SendBreak                          0x00009f07   Thumb Code    10  stm32f10x_usart.o(.text)
    USART_SetGuardTime                       0x00009f11   Thumb Code    16  stm32f10x_usart.o(.text)
    USART_SetPrescaler                       0x00009f21   Thumb Code    16  stm32f10x_usart.o(.text)
    USART_SmartCardCmd                       0x00009f31   Thumb Code    24  stm32f10x_usart.o(.text)
    USART_SmartCardNACKCmd                   0x00009f49   Thumb Code    24  stm32f10x_usart.o(.text)
    USART_HalfDuplexCmd                      0x00009f61   Thumb Code    24  stm32f10x_usart.o(.text)
    USART_IrDAConfig                         0x00009f79   Thumb Code    18  stm32f10x_usart.o(.text)
    USART_IrDACmd                            0x00009f8b   Thumb Code    24  stm32f10x_usart.o(.text)
    USART_GetFlagStatus                      0x00009fa3   Thumb Code    18  stm32f10x_usart.o(.text)
    USART_ClearFlag                          0x00009fb5   Thumb Code     6  stm32f10x_usart.o(.text)
    USART_GetITStatus                        0x00009fbb   Thumb Code    74  stm32f10x_usart.o(.text)
    USART_ClearITPendingBit                  0x0000a005   Thumb Code    20  stm32f10x_usart.o(.text)
    Reset_Handler                            0x0000a025   Thumb Code     4  stm32f10x_vector.o(.text)
    __user_initial_stackheap                 0x0000a029   Thumb Code     0  stm32f10x_vector.o(.text)
    __WFI                                    0x0000a049   Thumb Code     0  cortexm3_macro.o(.text)
    __WFE                                    0x0000a04d   Thumb Code     0  cortexm3_macro.o(.text)
    __SEV                                    0x0000a051   Thumb Code     0  cortexm3_macro.o(.text)
    __ISB                                    0x0000a055   Thumb Code     0  cortexm3_macro.o(.text)
    __DSB                                    0x0000a05b   Thumb Code     0  cortexm3_macro.o(.text)
    __DMB                                    0x0000a061   Thumb Code     0  cortexm3_macro.o(.text)
    __SVC                                    0x0000a067   Thumb Code     0  cortexm3_macro.o(.text)
    __MRS_CONTROL                            0x0000a06b   Thumb Code     0  cortexm3_macro.o(.text)
    __MSR_CONTROL                            0x0000a071   Thumb Code     0  cortexm3_macro.o(.text)
    __MRS_PSP                                0x0000a07b   Thumb Code     0  cortexm3_macro.o(.text)
    __MSR_PSP                                0x0000a081   Thumb Code     0  cortexm3_macro.o(.text)
    __MRS_MSP                                0x0000a087   Thumb Code     0  cortexm3_macro.o(.text)
    __MSR_MSP                                0x0000a08d   Thumb Code     0  cortexm3_macro.o(.text)
    __RESETPRIMASK                           0x0000a093   Thumb Code     0  cortexm3_macro.o(.text)
    __SETPRIMASK                             0x0000a097   Thumb Code     0  cortexm3_macro.o(.text)
    __READ_PRIMASK                           0x0000a09b   Thumb Code     0  cortexm3_macro.o(.text)
    __SETFAULTMASK                           0x0000a0a1   Thumb Code     0  cortexm3_macro.o(.text)
    __RESETFAULTMASK                         0x0000a0a5   Thumb Code     0  cortexm3_macro.o(.text)
    __READ_FAULTMASK                         0x0000a0a9   Thumb Code     0  cortexm3_macro.o(.text)
    __BASEPRICONFIG                          0x0000a0af   Thumb Code     0  cortexm3_macro.o(.text)
    __GetBASEPRI                             0x0000a0b5   Thumb Code     0  cortexm3_macro.o(.text)
    __REV_HalfWord                           0x0000a0bb   Thumb Code     0  cortexm3_macro.o(.text)
    __REV_Word                               0x0000a0bf   Thumb Code     0  cortexm3_macro.o(.text)
    defineName::getPin(unsigned char)        0x0000a0c5   Thumb Code    80  definename.o(.text)
    defineName::getADCchannel(unsigned char) 0x0000a115   Thumb Code    28  definename.o(.text)
    defineName::getDACchannel(unsigned char) 0x0000a131   Thumb Code    34  definename.o(.text)
    defineName::getUxART(unsigned char)      0x0000a153   Thumb Code    88  definename.o(.text)
    doDAC::doDAC()                           0x0000a1e5   Thumb Code     2  dodac.o(.text)
    doDAC::doDAC__sub_object()               0x0000a1e5   Thumb Code     0  dodac.o(.text)
    doDAC::doDAC(unsigned char)              0x0000a1e7   Thumb Code     4  dodac.o(.text)
    doDAC::doDAC__sub_object(unsigned char)  0x0000a1e7   Thumb Code     0  dodac.o(.text)
    doDAC::Setup(unsigned long)              0x0000a1eb   Thumb Code    60  dodac.o(.text)
    doDAC::Write(unsigned short)             0x0000a227   Thumb Code    66  dodac.o(.text)
    doDAC::LastWrite()                       0x0000a269   Thumb Code    24  dodac.o(.text)
    doGPIO::doGPIO(GPIO_TypeDef*, unsigned short, GPIOMode_TypeDef) 0x0000a281   Thumb Code    46  dogpio.o(.text)
    doGPIO::doGPIO__sub_object(GPIO_TypeDef*, unsigned short, GPIOMode_TypeDef) 0x0000a281   Thumb Code     0  dogpio.o(.text)
    doGPIO::doGPIO(unsigned char, GPIOMode_TypeDef) 0x0000a2af   Thumb Code    40  dogpio.o(.text)
    doGPIO::doGPIO__sub_object(unsigned char, GPIOMode_TypeDef) 0x0000a2af   Thumb Code     0  dogpio.o(.text)
    doGPIO::High()                           0x0000a2d7   Thumb Code    14  dogpio.o(.text)
    doGPIO::Low()                            0x0000a2e5   Thumb Code    14  dogpio.o(.text)
    doGPIO::Toggle()                         0x0000a2f3   Thumb Code    38  dogpio.o(.text)
    doGPIO::Read()                           0x0000a319   Thumb Code    20  dogpio.o(.text)
    delay_mS(unsigned long)                  0x0000a32d   Thumb Code    60  dotime.o(.text)
    delay_uS(unsigned long)                  0x0000a369   Thumb Code    56  dotime.o(.text)
    pause_mS(unsigned long)                  0x0000a3a1   Thumb Code    32  dotime.o(.text)
    pause_uS(unsigned long)                  0x0000a3c1   Thumb Code    18  dotime.o(.text)
    SystemUptime_mS()                        0x0000a3d3   Thumb Code    28  dotime.o(.text)
    SystemUptime_uS()                        0x0000a3ef   Thumb Code    26  dotime.o(.text)
    doADC::doADC()                           0x0000a415   Thumb Code     2  doadc.o(.text)
    doADC::doADC__sub_object()               0x0000a415   Thumb Code     0  doadc.o(.text)
    doADC::doADC(ADC_TypeDef*, unsigned char) 0x0000a417   Thumb Code     6  doadc.o(.text)
    doADC::doADC__sub_object(ADC_TypeDef*, unsigned char) 0x0000a417   Thumb Code     0  doadc.o(.text)
    doADC::Setup(ADC_TypeDef*)               0x0000a41d   Thumb Code   104  doadc.o(.text)
    doADC::StartTemperatureSensor()          0x0000a485   Thumb Code    10  doadc.o(.text)
    doADC::Read(unsigned char)               0x0000a48f   Thumb Code    90  doadc.o(.text)
    doEXTI::doEXTI(unsigned char)            0x0000a4e9   Thumb Code     4  doexti.o(.text)
    doEXTI::doEXTI__sub_object(unsigned char) 0x0000a4e9   Thumb Code     0  doexti.o(.text)
    doEXTI::setMode(EXTIMode_TypeDef)        0x0000a4ed   Thumb Code     4  doexti.o(.text)
    doEXTI::setTrigger(EXTITrigger_TypeDef)  0x0000a4f1   Thumb Code     4  doexti.o(.text)
    doEXTI::setIRQHandler(void(*)())         0x0000a4f5   Thumb Code    30  doexti.o(.text)
    doEXTI::Enable()                         0x0000a513   Thumb Code    56  doexti.o(.text)
    doEXTI::Disable()                        0x0000a54b   Thumb Code    58  doexti.o(.text)
    doEXTI::EnableAll()                      0x0000a585   Thumb Code    20  doexti.o(.text)
    doEXTI::DisableAll()                     0x0000a599   Thumb Code    34  doexti.o(.text)
    compatArduino::pinMode(unsigned char, GPIOMode_TypeDef) 0x0000a5cd   Thumb Code    34  compatarduino.o(.text)
    compatArduino::digitalWrite(unsigned char, bool) 0x0000a5ef   Thumb Code    52  compatarduino.o(.text)
    compatArduino::digitalRead(unsigned char) 0x0000a623   Thumb Code    36  compatarduino.o(.text)
    compatArduino::digitalToggle(unsigned char) 0x0000a647   Thumb Code    60  compatarduino.o(.text)
    compatArduino::analogRead(unsigned char) 0x0000a683   Thumb Code    24  compatarduino.o(.text)
    compatArduino::analogWrite(unsigned char, unsigned short) 0x0000a69b   Thumb Code    24  compatarduino.o(.text)
    compatArduino::analogLastWrite(unsigned char) 0x0000a6b3   Thumb Code    20  compatarduino.o(.text)
    compatArduino::attachInterrupt(unsigned char, void(*)(), EXTITrigger_TypeDef) 0x0000a6c7   Thumb Code    48  compatarduino.o(.text)
    compatArduino::detachInterrupt(unsigned char) 0x0000a6f7   Thumb Code    20  compatarduino.o(.text)
    compatArduino::interrupts()              0x0000a70b   Thumb Code     8  compatarduino.o(.text)
    compatArduino::noInterrupts()            0x0000a713   Thumb Code     8  compatarduino.o(.text)
    compatArduino::shiftOut(unsigned char, unsigned char, bool, unsigned char) 0x0000a71b   Thumb Code    98  compatarduino.o(.text)
    compatArduino::micros()                  0x0000a77d   Thumb Code     8  compatarduino.o(.text)
    compatArduino::pulseIn(unsigned char, bool, unsigned long) 0x0000a785   Thumb Code   102  compatarduino.o(.text)
    compatArduino::millis()                  0x0000a7eb   Thumb Code     8  compatarduino.o(.text)
    compatArduino::delay(unsigned long)      0x0000a7f3   Thumb Code    12  compatarduino.o(.text)
    compatArduino::delayMicroseconds(unsigned long) 0x0000a7ff   Thumb Code    12  compatarduino.o(.text)
    compatArduino::pause(unsigned long)      0x0000a80b   Thumb Code    12  compatarduino.o(.text)
    compatArduino::pauseMicroseconds(unsigned long) 0x0000a817   Thumb Code    12  compatarduino.o(.text)
    compatArduino::randomSeed(unsigned long) 0x0000a823   Thumb Code    50  compatarduino.o(.text)
    compatArduino::random(long, long)        0x0000a855   Thumb Code    66  compatarduino.o(.text)
    doSerial::begin(const unsigned long&)    0x0000a8a1   Thumb Code   222  doserial.o(.text)
    doSerial::doSerial(unsigned char, unsigned long) 0x0000a97f   Thumb Code    32  doserial.o(.text)
    doSerial::doSerial__sub_object(unsigned char, unsigned long) 0x0000a97f   Thumb Code     0  doserial.o(.text)
    doSerial::doSerial(const unsigned char&) 0x0000a99f   Thumb Code    14  doserial.o(.text)
    doSerial::doSerial__sub_object(const unsigned char&) 0x0000a99f   Thumb Code     0  doserial.o(.text)
    doSerial::printNoBuffer(char)            0x0000a9ad   Thumb Code    18  doserial.o(.text)
    doSerial::printBuffer(char)              0x0000a9bf   Thumb Code    38  doserial.o(.text)
    doSerial::print(char)                    0x0000a9e5   Thumb Code    30  doserial.o(.text)
    doSerial::print(char*)                   0x0000aa03   Thumb Code    26  doserial.o(.text)
    doSerial::print(int)                     0x0000aa1d   Thumb Code    58  doserial.o(.text)
    doSerial::print(unsigned)                0x0000aa57   Thumb Code    58  doserial.o(.text)
    doSerial::print(long)                    0x0000aa91   Thumb Code    58  doserial.o(.text)
    doSerial::print(unsigned long)           0x0000aacb   Thumb Code    58  doserial.o(.text)
    doSerial::print(double)                  0x0000ab05   Thumb Code    76  doserial.o(.text)
    doSerial::print(const char*)             0x0000ab51   Thumb Code    16  doserial.o(.text)
    doSerial::readNoBuffer()                 0x0000ab61   Thumb Code    22  doserial.o(.text)
    doSerial::readBuffer()                   0x0000ab77   Thumb Code    20  doserial.o(.text)
    doSerial::read()                         0x0000ab8b   Thumb Code    24  doserial.o(.text)
    doSerial::PutRxBuffer(char)              0x0000aba3   Thumb Code    16  doserial.o(.text)
    doSerial::GetTxBuffer(char)              0x0000abb3   Thumb Code    18  doserial.o(.text)
    doSerial::getData()                      0x0000abc5   Thumb Code    24  doserial.o(.text)
    doSerial::availableNoBuffer()            0x0000abdd   Thumb Code    12  doserial.o(.text)
    doSerial::availableBuffer()              0x0000abe9   Thumb Code    12  doserial.o(.text)
    doSerial::available()                    0x0000abf5   Thumb Code    24  doserial.o(.text)
    doSerial::setRxBufferSize(unsigned long) 0x0000ac0d   Thumb Code     4  doserial.o(.text)
    doSerial::setTxBufferSize(unsigned long) 0x0000ac11   Thumb Code     4  doserial.o(.text)
    doSerial::flush()                        0x0000ac15   Thumb Code    12  doserial.o(.text)
    doSerial::printf(char*)                  0x0000ac21   Thumb Code    16  doserial.o(.text)
    doSerial::~doSerial()                    0x0000ac31   Thumb Code    32  doserial.o(.text)
    doSerial::~doSerial__sub_object()        0x0000ac31   Thumb Code     0  doserial.o(.text)
    RCC_Configuration()                      0x0000ac61   Thumb Code   102  xduinoinit.o(.text)
    NVIC_Configuration()                     0x0000acc7   Thumb Code    14  xduinoinit.o(.text)
    SysTick_Init()                           0x0000acd5   Thumb Code    30  xduinoinit.o(.text)
    NVIC_Init_Interrupt()                    0x0000acf3   Thumb Code    76  xduinoinit.o(.text)
    doInit()                                 0x0000ad3f   Thumb Code    74  xduinoinit.o(.text)
    I2C_DELAY()                              0x0000ae55   Thumb Code    12  wire.o(.text)
    i2c_start(Port)                          0x0000ae61   Thumb Code    32  wire.o(.text)
    i2c_stop(Port)                           0x0000ae81   Thumb Code    32  wire.o(.text)
    i2c_get_ack(Port)                        0x0000aea1   Thumb Code    94  wire.o(.text)
    i2c_send_ack(Port)                       0x0000aeff   Thumb Code    46  wire.o(.text)
    i2c_send_nack(Port)                      0x0000af2d   Thumb Code    32  wire.o(.text)
    i2c_shift_in(Port)                       0x0000af4d   Thumb Code    68  wire.o(.text)
    i2c_shift_out(Port, unsigned char)       0x0000af91   Thumb Code    76  wire.o(.text)
    TwoWire::TwoWire()                       0x0000afdd   Thumb Code    28  wire.o(.text)
    TwoWire::TwoWire__sub_object()           0x0000afdd   Thumb Code     0  wire.o(.text)
    TwoWire::begin(unsigned char, unsigned char) 0x0000aff9   Thumb Code    50  wire.o(.text)
    TwoWire::begin()                         0x0000b02b   Thumb Code    16  wire.o(.text)
    TwoWire::beginTransmission(unsigned char) 0x0000b03b   Thumb Code    28  wire.o(.text)
    TwoWire::beginTransmission(int)          0x0000b057   Thumb Code    16  wire.o(.text)
    TwoWire::writeOneByte(unsigned char)     0x0000b067   Thumb Code    60  wire.o(.text)
    TwoWire::endTransmission()               0x0000b0a3   Thumb Code   162  wire.o(.text)
    TwoWire::readOneByte(unsigned char, unsigned char*) 0x0000b145   Thumb Code   148  wire.o(.text)
    TwoWire::requestFrom(unsigned char, int) 0x0000b1d9   Thumb Code    72  wire.o(.text)
    TwoWire::requestFrom(int, int)           0x0000b221   Thumb Code    20  wire.o(.text)
    TwoWire::send(unsigned char)             0x0000b235   Thumb Code    36  wire.o(.text)
    TwoWire::send(unsigned char*, int)       0x0000b259   Thumb Code    30  wire.o(.text)
    TwoWire::send(int)                       0x0000b277   Thumb Code    16  wire.o(.text)
    TwoWire::send(int*, int)                 0x0000b287   Thumb Code    20  wire.o(.text)
    TwoWire::send(char*)                     0x0000b29b   Thumb Code    28  wire.o(.text)
    TwoWire::available()                     0x0000b2b7   Thumb Code    16  wire.o(.text)
    TwoWire::receive()                       0x0000b2c7   Thumb Code    34  wire.o(.text)
    rxInt()                                  0x0000b2ed   Thumb Code   142  apm_rc.o(.text)
    APM_RC_Class::APM_RC_Class()             0x0000b37b   Thumb Code     2  apm_rc.o(.text)
    APM_RC_Class::APM_RC_Class__sub_object() 0x0000b37b   Thumb Code     0  apm_rc.o(.text)
    APM_RC_Class::Init()                     0x0000b37d   Thumb Code    90  apm_rc.o(.text)
    APM_RC_Class::OutputCh(unsigned char, unsigned short) 0x0000b3d7   Thumb Code    38  apm_rc.o(.text)
    APM_RC_Class::InputCh(unsigned char)     0x0000b3fd   Thumb Code    18  apm_rc.o(.text)
    APM_RC_Class::GetState()                 0x0000b40f   Thumb Code     8  apm_rc.o(.text)
    APM_RC_Class::Force_Out0_Out1()          0x0000b417   Thumb Code     2  apm_rc.o(.text)
    APM_RC_Class::Force_Out2_Out3()          0x0000b419   Thumb Code     2  apm_rc.o(.text)
    APM_RC_Class::Force_Out6_Out7()          0x0000b41b   Thumb Code     2  apm_rc.o(.text)
    __2snprintf                              0x0000b445   Thumb Code    48  noretval__2snprintf.o(.text)
    _printf_pre_padding                      0x0000b479   Thumb Code    44  _printf_pad.o(.text)
    _printf_post_padding                     0x0000b4a5   Thumb Code    36  _printf_pad.o(.text)
    _printf_truncate_signed                  0x0000b4c9   Thumb Code    18  _printf_truncate.o(.text)
    _printf_truncate_unsigned                0x0000b4db   Thumb Code    18  _printf_truncate.o(.text)
    _printf_str                              0x0000b4ed   Thumb Code    82  _printf_str.o(.text)
    _printf_int_dec                          0x0000b541   Thumb Code    98  _printf_dec.o(.text)
    _printf_wctomb                           0x0000b5b5   Thumb Code   180  _printf_wctomb.o(.text)
    _printf_int_oct                          0x0000b66d   Thumb Code    80  _printf_oct_int.o(.text)
    _printf_longlong_oct                     0x0000b66d   Thumb Code     0  _printf_oct_int.o(.text)
    _printf_int_hex                          0x0000b6c5   Thumb Code    88  _printf_hex_int.o(.text)
    _printf_longlong_hex                     0x0000b6c5   Thumb Code     0  _printf_hex_int.o(.text)
    __printf                                 0x0000b721   Thumb Code   412  __printf_flags_ss_wp.o(.text)
    srand                                    0x0000b8c1   Thumb Code    40  rand.o(.text)
    _rand_init                               0x0000b8e9   Thumb Code     4  rand.o(.text)
    rand                                     0x0000b8ed   Thumb Code    58  rand.o(.text)
    __aeabi_memclr4                          0x0000b939   Thumb Code     0  rt_memclr_w.o(.text)
    __aeabi_memclr8                          0x0000b939   Thumb Code     0  rt_memclr_w.o(.text)
    __rt_memclr_w                            0x0000b939   Thumb Code    78  rt_memclr_w.o(.text)
    _memset_w                                0x0000b93d   Thumb Code     0  rt_memclr_w.o(.text)
    __use_two_region_memory                  0x0000b987   Thumb Code     2  heapauxi.o(.text)
    __rt_heap_escrow                         0x0000b989   Thumb Code     2  heapauxi.o(.text)
    __rt_heap_expand                         0x0000b98b   Thumb Code     2  heapauxi.o(.text)
    __cpp_initialize__aeabi_                 0x0000b98d   Thumb Code    26  init_aeabi.o(.text)
    __rt_new_handler_addr                    0x0000b9b1   Thumb Code    12  rt_new_handler_addr_intlibspace.o(.text)
    __rt_ddtor_pointer_addr                  0x0000b9bd   Thumb Code    12  rt_ddtor_pointer_addr_intlibspace.o(.text)
    malloc                                   0x0000b9c9   Thumb Code    98  h1_alloc.o(.text)
    free                                     0x0000ba2b   Thumb Code    78  h1_free.o(.text)
    _printf_int_common                       0x0000ba79   Thumb Code   180  _printf_intcommon.o(.text)
    __lib_sel_fp_printf                      0x0000bb2d   Thumb Code     2  _printf_fp_dec.o(.text)
    _printf_fp_dec_real                      0x0000bd1b   Thumb Code   626  _printf_fp_dec.o(.text)
    _printf_fp_hex_real                      0x0000bf8d   Thumb Code   762  _printf_fp_hex.o(.text)
    _printf_char_common                      0x0000c29b   Thumb Code    34  _printf_char_common.o(.text)
    _sputc                                   0x0000c2c1   Thumb Code    10  _sputc.o(.text)
    _snputc                                  0x0000c2cb   Thumb Code    16  _snputc.o(.text)
    _printf_cs_common                        0x0000c2db   Thumb Code    20  _printf_char.o(.text)
    _printf_char                             0x0000c2ef   Thumb Code    16  _printf_char.o(.text)
    _printf_string                           0x0000c2ff   Thumb Code     8  _printf_char.o(.text)
    _printf_lcs_common                       0x0000c307   Thumb Code    20  _printf_wchar.o(.text)
    _printf_wchar                            0x0000c31b   Thumb Code    16  _printf_wchar.o(.text)
    _printf_wstring                          0x0000c32b   Thumb Code     8  _printf_wchar.o(.text)
    _wcrtomb                                 0x0000c333   Thumb Code    64  _wcrtomb.o(.text)
    __rt_udiv10                              0x0000c373   Thumb Code    16  rtudiv10.o(.text)
    __default_new_handler()                  0x0000c383   Thumb Code     4  arm_newhandler_noexceptions.o(.text)
    __user_libspace                          0x0000c389   Thumb Code     8  libspace.o(.text)
    __user_perproc_libspace                  0x0000c389   Thumb Code     0  libspace.o(.text)
    __user_perthread_libspace                0x0000c389   Thumb Code     0  libspace.o(.text)
    __rt_ctype_table                         0x0000c391   Thumb Code    16  rt_ctype_table.o(.text)
    __rt_heap_descriptor                     0x0000c3a1   Thumb Code    12  rt_heap_descriptor_intlibspace.o(.text)
    __rt_locale                              0x0000c3ad   Thumb Code    12  rt_locale_intlibspace.o(.text)
    __use_no_heap                            0x0000c3b9   Thumb Code     2  hguard.o(.text)
    __heap$guard                             0x0000c3bb   Thumb Code     2  hguard.o(.text)
    _terminate_user_alloc                    0x0000c3bd   Thumb Code     2  init_alloc.o(.text)
    _init_user_alloc                         0x0000c3bf   Thumb Code     2  init_alloc.o(.text)
    __Heap_Full                              0x0000c3c1   Thumb Code    34  init_alloc.o(.text)
    __Heap_Broken                            0x0000c3e3   Thumb Code     6  init_alloc.o(.text)
    _init_alloc                              0x0000c3e9   Thumb Code    94  init_alloc.o(.text)
    __Heap_Initialize                        0x0000c447   Thumb Code    10  h1_init.o(.text)
    __Heap_DescSize                          0x0000c451   Thumb Code     4  h1_init.o(.text)
    _ll_udiv10                               0x0000c455   Thumb Code   138  lludiv10.o(.text)
    _printf_fp_infnan                        0x0000c4e1   Thumb Code   108  _printf_fp_infnan.o(.text)
    _btod_etento                             0x0000c55d   Thumb Code   206  bigflt0.o(.text)
    std::terminate()                         0x0000c631   Thumb Code    26  arm_exceptions_terminate.o(.text)
    __user_setup_stackheap                   0x0000c64b   Thumb Code    74  sys_stackheap_outer.o(.text)
    __Heap_ProvideMemory                     0x0000c695   Thumb Code    52  h1_extend.o(.text)
    exit                                     0x0000c6c9   Thumb Code    12  exit.o(.text)
    abort                                    0x0000c6d5   Thumb Code    16  abort.o(.text)
    __rt_SIGRTMEM                            0x0000c6e5   Thumb Code    14  defsig_rtmem_outer.o(.text)
    strcmp                                   0x0000c6f5   Thumb Code   128  strcmpv7m.o(.text)
    __cxa_get_globals                        0x0000c779   Thumb Code    62  arm_exceptions_globs.o(.text)
    _sys_exit                                0x0000c7c5   Thumb Code    16  sys_exit.o(.text)
    __I$use$semihosting                      0x0000c7d9   Thumb Code     0  use_no_semi.o(.text)
    __use_no_semihosting_swi                 0x0000c7d9   Thumb Code     2  use_no_semi.o(.text)
    __rt_eh_globals_addr                     0x0000c7dd   Thumb Code    12  rt_eh_globals_addr_intlibspace.o(.text)
    __sig_exit                               0x0000c7e9   Thumb Code    10  defsig_exit.o(.text)
    __rt_SIGABRT                             0x0000c7f3   Thumb Code    14  defsig_abrt_outer.o(.text)
    __rt_SIGRTMEM_inner                      0x0000c801   Thumb Code    20  defsig_rtmem_inner.o(.text)
    __ARM_exceptions_buffer_init             0x0000c84d   Thumb Code    18  arm_exceptions_mem.o(.text)
    __ARM_exceptions_buffer_allocate         0x0000c85f   Thumb Code    22  arm_exceptions_mem.o(.text)
    __ARM_exceptions_buffer_free             0x0000c875   Thumb Code    20  arm_exceptions_mem.o(.text)
    __rt_fp_status_addr                      0x0000c889   Thumb Code    12  rt_fp_status_addr_intlibspace.o(.text)
    __default_signal_display                 0x0000c895   Thumb Code    50  defsig_general.o(.text)
    __rt_SIGABRT_inner                       0x0000c8c9   Thumb Code    14  defsig_abrt_inner.o(.text)
    _ttywrch                                 0x0000c8f9   Thumb Code    12  sys_wrch.o(.text)
    _btod_d2e                                0x0000c905   Thumb Code    62  btod.o(CL$$btod_d2e)
    _d2e_denorm_low                          0x0000c943   Thumb Code    70  btod.o(CL$$btod_d2e_denorm_low)
    _d2e_norm_op1                            0x0000c989   Thumb Code    96  btod.o(CL$$btod_d2e_norm_op1)
    __btod_div_common                        0x0000c9e9   Thumb Code   696  btod.o(CL$$btod_div_common)
    _e2e                                     0x0000cd21   Thumb Code   198  btod.o(CL$$btod_e2e)
    _btod_ediv                               0x0000cde7   Thumb Code    40  btod.o(CL$$btod_ediv)
    _btod_emul                               0x0000ce0f   Thumb Code    40  btod.o(CL$$btod_emul)
    __btod_mult_common                       0x0000ce37   Thumb Code   580  btod.o(CL$$btod_mult_common)
    UxARTx_IRQ_Function(USART_TypeDef*, doSerial*) 0x0000d07d   Thumb Code    78  main.o(i._Z19UxARTx_IRQ_FunctionP13USART_TypeDefP8doSerial)
    operator delete[] (void*)                0x0000d0d1   Thumb Code     8  array_del.o(i._ZdaPv)
    operator delete (void*)                  0x0000d0d9   Thumb Code     8  delete.o(i._ZdlPv)
    operator new[] (unsigned)                0x0000d0e1   Thumb Code     8  array_new.o(i._Znaj)
    operator new(unsigned)                   0x0000d0e9   Thumb Code    34  new.o(i._Znwj)
    __ARM_fpclassify                         0x0000d111   Thumb Code    40  fpclassify.o(i.__ARM_fpclassify)
    __aeabi_atexit                           0x0000d139   Thumb Code    48  aeabi_atexit.o(i.__aeabi_atexit)
    __cxa_finalize                           0x0000d169   Thumb Code    70  cxa_finalize.o(i.__cxa_finalize)
    _get_lc_numeric                          0x0000d1b1   Thumb Code    44  lc_numeric_c.o(locale$$code)
    _get_lc_ctype                            0x0000d1dd   Thumb Code    44  lc_ctype_c.o(locale$$code)
    RoundRobinData<char>::Get()              0x0000d209   Thumb Code    56  main.o(t._ZN14RoundRobinDataIcE3GetEv)
    RoundRobinData<char>::Put(char)          0x0000d241   Thumb Code    56  main.o(t._ZN14RoundRobinDataIcE3PutEc)
    RoundRobinData<char>::Next(char*)        0x0000d279   Thumb Code    26  main.o(t._ZN14RoundRobinDataIcE4NextEPc)
    RoundRobinData<char>::Reset()            0x0000d293   Thumb Code    14  doserial.o(t._ZN14RoundRobinDataIcE5ResetEv)
    RoundRobinData<char>::notEmpty()         0x0000d2a1   Thumb Code    18  main.o(t._ZN14RoundRobinDataIcE8notEmptyEv)
    RoundRobinData<char>::RoundRobinData(char*, int) 0x0000d2b3   Thumb Code    18  doserial.o(t._ZN14RoundRobinDataIcEC1EPci)
    RoundRobinData<char>::RoundRobinData__sub_object(char*, int) 0x0000d2b3   Thumb Code     0  doserial.o(t._ZN14RoundRobinDataIcEC1EPci)
    _fp_init                                 0x0000d2c5   Thumb Code    14  fpinit.o(x$fpl$fpinit)
    __fplib_config_pureend_doubles           0x0000d2d1   Thumb Code     0  fpinit.o(x$fpl$fpinit)
    _printf_fp_dec                           0x0000d2d3   Thumb Code     4  printf1.o(x$fpl$printf1)
    _printf_fp_hex                           0x0000d2d7   Thumb Code     4  printf2.o(x$fpl$printf2)
    __I$use$fp                               0x0000d2db   Thumb Code     0  usenofp.o(x$fpl$usenofp)
    GPIOBANKS                                0x0000d2f0   Data          28  xduino.o(.constdata)
    GPIOPINS                                 0x0000d30c   Data          32  xduino.o(.constdata)
    GPIOBANKS_SOURCE                         0x0000d32c   Data           7  xduino.o(.constdata)
    GPIOPINS_SOURCE                          0x0000d333   Data          16  xduino.o(.constdata)
    GPIO_RCC_APBxPERIPHS                     0x0000d344   Data          28  xduino.o(.constdata)
    ADC_PINS                                 0x0000d360   Data          16  xduino.o(.constdata)
    ADC_CHANNELS                             0x0000d370   Data          18  xduino.o(.constdata)
    DAC_PINS                                 0x0000d382   Data           2  xduino.o(.constdata)
    DAC_CHANNELS                             0x0000d384   Data           8  xduino.o(.constdata)
    UxARTS                                   0x0000d38c   Data          20  xduino.o(.constdata)
    UxART_RX_PINS                            0x0000d3a0   Data           5  xduino.o(.constdata)
    UxART_TX_PINS                            0x0000d3a8   Data          20  xduino.o(.constdata)
    UxARTS_RCC_APBxPERIPHS                   0x0000d3bc   Data          20  xduino.o(.constdata)
    EXTI_LINES                               0x0000d3d0   Data          76  xduino.o(.constdata)
    Region$$Table$$Base                      0x0000d518   Number         0  anon$$obj.o(Region$$Table)
    Region$$Table$$Limit                     0x0000d528   Number         0  anon$$obj.o(Region$$Table)
    __ctype                                  0x0000d551   Data           0  lc_ctype_c.o(locale$$data)
    SHT$$INIT_ARRAY$$Base                    0x0000d654   Number         0  xduinoinit.o(.init_array)
    SHT$$INIT_ARRAY$$Limit                   0x0000d65c   Number         0  apm_rc.o(.init_array)
    SystemUptime                             0x0000d65c   Data           4  main.o(.data)
    SysTick_Use_Counter                      0x0000d660   Data           4  main.o(.data)
    doEXTI::EXTI_Enabled_Lines               0x0000d66c   Data           4  doexti.o(.data)
    i2c_delay                                0x0000d670   Data           4  wire.o(.data)
    radio_status_rc                          0x0000d674   Data           1  apm_rc.o(.data)
    sync                                     0x0000d675   Data           1  apm_rc.o(.data)
    currentChannel                           0x0000d678   Data           4  apm_rc.o(.data)
    rcPinValue                               0x0000d686   Data          24  apm_rc.o(.data)
    rcValue                                  0x0000d6aa   Data          24  apm_rc.o(.data)
    APM_RC                                   0x0000d6cc   Data           1  apm_rc.o(.data)
    EXTI_Function_Pointer                    0x0000d6d8   Data          76  main.o(.bss)
    Serial1                                  0x0000d724   Data          36  xduinoinit.o(.bss)
    Serial2                                  0x0000d748   Data          36  xduinoinit.o(.bss)
    Serial3                                  0x0000d76c   Data          36  xduinoinit.o(.bss)
    Serial4                                  0x0000d790   Data          36  xduinoinit.o(.bss)
    Serial5                                  0x0000d7b4   Data          36  xduinoinit.o(.bss)
    Wire                                     0x0000d7d8   Data          71  xduinoinit.o(.bss)
    __libspace_start                         0x0000d9d4   Data          96  libspace.o(.bss)
    __temporary_stack_top$libspace           0x0000da34   Data           0  libspace.o(.bss)



==============================================================================

Memory Map of the image

  Image Entry point : 0x0000a025

  Load Region LR_1 (Base: 0x00008000, Size: 0x000056d8, Max: 0xffffffff, ABSOLUTE)

    Execution Region ER_RO (Base: 0x00008000, Size: 0x0000565c, Max: 0xffffffff, ABSOLUTE)

    Base Addr    Size         Type   Attr      Idx    E Section Name        Object

    0x00008000   0x00000130   Data   RO          588    RESET               stm32f10x_vector.o
    0x00008130   0x00000008   Code   RO         1289  * !!!main             __main.o(c_w.l)
    0x00008138   0x00000034   Code   RO         1888    !!!scatter          __scatter.o(c_w.l)
    0x0000816c   0x0000001c   Code   RO         1890    !!handler_zi        __scatter_zi.o(c_w.l)
    0x00008188   0x00000000   Code   RO         1276    .ARM.Collect$$_printf_percent$$00000000  _printf_percent.o(c_w.l)
    0x00008188   0x00000006   Code   RO         1272    .ARM.Collect$$_printf_percent$$00000003  _printf_f.o(c_w.l)
    0x0000818e   0x00000006   Code   RO         1273    .ARM.Collect$$_printf_percent$$00000004  _printf_e.o(c_w.l)
    0x00008194   0x00000006   Code   RO         1274    .ARM.Collect$$_printf_percent$$00000005  _printf_g.o(c_w.l)
    0x0000819a   0x00000006   Code   RO         1275    .ARM.Collect$$_printf_percent$$00000006  _printf_a.o(c_w.l)
    0x000081a0   0x00000006   Code   RO         1269    .ARM.Collect$$_printf_percent$$00000008  _printf_i.o(c_w.l)
    0x000081a6   0x00000006   Code   RO         1270    .ARM.Collect$$_printf_percent$$00000009  _printf_d.o(c_w.l)
    0x000081ac   0x00000006   Code   RO         1271    .ARM.Collect$$_printf_percent$$0000000A  _printf_u.o(c_w.l)
    0x000081b2   0x00000006   Code   RO         1268    .ARM.Collect$$_printf_percent$$0000000B  _printf_o.o(c_w.l)
    0x000081b8   0x00000006   Code   RO         1267    .ARM.Collect$$_printf_percent$$0000000C  _printf_x.o(c_w.l)
    0x000081be   0x0000000a   Code   RO         1534    .ARM.Collect$$_printf_percent$$00000012  _printf_l.o(c_w.l)
    0x000081c8   0x00000006   Code   RO         1266    .ARM.Collect$$_printf_percent$$00000013  _printf_c.o(c_w.l)
    0x000081ce   0x00000006   Code   RO         1277    .ARM.Collect$$_printf_percent$$00000015  _printf_lc.o(c_w.l)
    0x000081d4   0x00000004   Code   RO         1533    .ARM.Collect$$_printf_percent$$00000017  _printf_percent_end.o(c_w.l)
    0x000081d8   0x00000006   Code   RO         1797    .ARM.Collect$$libinit$$00000000  libinit.o(c_w.l)
    0x000081de   0x00000008   Code   RO         1539    .ARM.Collect$$libinit$$00000001  libinit2.o(c_w.l)
    0x000081e6   0x00000000   Code   RO         1541    .ARM.Collect$$libinit$$00000006  libinit2.o(c_w.l)
    0x000081e6   0x00000000   Code   RO         1543    .ARM.Collect$$libinit$$00000008  libinit2.o(c_w.l)
    0x000081e6   0x00000004   Code   RO         1544    .ARM.Collect$$libinit$$00000009  libinit2.o(c_w.l)
    0x000081ea   0x00000000   Code   RO         1545    .ARM.Collect$$libinit$$0000000A  libinit2.o(c_w.l)
    0x000081ea   0x00000006   Code   RO         1546    .ARM.Collect$$libinit$$0000000B  libinit2.o(c_w.l)
    0x000081f0   0x00000000   Code   RO         1548    .ARM.Collect$$libinit$$0000000D  libinit2.o(c_w.l)
    0x000081f0   0x0000000c   Code   RO         1549    .ARM.Collect$$libinit$$0000000E  libinit2.o(c_w.l)
    0x000081fc   0x00000000   Code   RO         1550    .ARM.Collect$$libinit$$0000000F  libinit2.o(c_w.l)
    0x000081fc   0x00000000   Code   RO         1552    .ARM.Collect$$libinit$$00000011  libinit2.o(c_w.l)
    0x000081fc   0x0000000a   Code   RO         1553    .ARM.Collect$$libinit$$00000012  libinit2.o(c_w.l)
    0x00008206   0x00000000   Code   RO         1554    .ARM.Collect$$libinit$$00000013  libinit2.o(c_w.l)
    0x00008206   0x00000000   Code   RO         1556    .ARM.Collect$$libinit$$00000015  libinit2.o(c_w.l)
    0x00008206   0x00000000   Code   RO         1558    .ARM.Collect$$libinit$$00000017  libinit2.o(c_w.l)
    0x00008206   0x00000000   Code   RO         1560    .ARM.Collect$$libinit$$00000019  libinit2.o(c_w.l)
    0x00008206   0x00000000   Code   RO         1562    .ARM.Collect$$libinit$$0000001B  libinit2.o(c_w.l)
    0x00008206   0x00000000   Code   RO         1564    .ARM.Collect$$libinit$$0000001D  libinit2.o(c_w.l)
    0x00008206   0x00000000   Code   RO         1566    .ARM.Collect$$libinit$$0000001F  libinit2.o(c_w.l)
    0x00008206   0x00000000   Code   RO         1568    .ARM.Collect$$libinit$$00000021  libinit2.o(c_w.l)
    0x00008206   0x00000000   Code   RO         1572    .ARM.Collect$$libinit$$00000028  libinit2.o(c_w.l)
    0x00008206   0x00000000   Code   RO         1574    .ARM.Collect$$libinit$$0000002A  libinit2.o(c_w.l)
    0x00008206   0x00000000   Code   RO         1576    .ARM.Collect$$libinit$$0000002C  libinit2.o(c_w.l)
    0x00008206   0x00000004   Code   RO         1577    .ARM.Collect$$libinit$$0000002D  libinit2.o(c_w.l)
    0x0000820a   0x00000000   Code   RO         1578    .ARM.Collect$$libinit$$0000002E  libinit2.o(c_w.l)
    0x0000820a   0x00000002   Code   RO         1579    .ARM.Collect$$libinit$$0000002F  libinit2.o(c_w.l)
    0x0000820c   0x00000002   Code   RO         1871    .ARM.Collect$$libshutdown$$00000000  libshutdown.o(c_w.l)
    0x0000820e   0x00000006   Code   RO         1580    .ARM.Collect$$libshutdown$$00000001  libshutdown2.o(c_w.l)
    0x00008214   0x00000000   Code   RO         1582    .ARM.Collect$$libshutdown$$00000003  libshutdown2.o(c_w.l)
    0x00008214   0x00000000   Code   RO         1585    .ARM.Collect$$libshutdown$$00000006  libshutdown2.o(c_w.l)
    0x00008214   0x00000000   Code   RO         1588    .ARM.Collect$$libshutdown$$00000009  libshutdown2.o(c_w.l)
    0x00008214   0x00000000   Code   RO         1590    .ARM.Collect$$libshutdown$$0000000B  libshutdown2.o(c_w.l)
    0x00008214   0x00000000   Code   RO         1593    .ARM.Collect$$libshutdown$$0000000E  libshutdown2.o(c_w.l)
    0x00008214   0x00000002   Code   RO         1594    .ARM.Collect$$libshutdown$$0000000F  libshutdown2.o(c_w.l)
    0x00008216   0x00000000   Code   RO         1446    .ARM.Collect$$rtentry$$00000000  rtentry.o(c_w.l)
    0x00008216   0x00000000   Code   RO         1644    .ARM.Collect$$rtentry$$00000002  rtentry2.o(c_w.l)
    0x00008216   0x00000006   Code   RO         1659    .ARM.Collect$$rtentry$$00000004  rtentry4.o(c_w.l)
    0x0000821c   0x00000000   Code   RO         1646    .ARM.Collect$$rtentry$$00000009  rtentry2.o(c_w.l)
    0x0000821c   0x00000004   Code   RO         1647    .ARM.Collect$$rtentry$$0000000A  rtentry2.o(c_w.l)
    0x00008220   0x00000000   Code   RO         1649    .ARM.Collect$$rtentry$$0000000C  rtentry2.o(c_w.l)
    0x00008220   0x00000008   Code   RO         1650    .ARM.Collect$$rtentry$$0000000D  rtentry2.o(c_w.l)
    0x00008228   0x00000002   Code   RO         1816    .ARM.Collect$$rtexit$$00000000  rtexit.o(c_w.l)
    0x0000822a   0x00000000   Code   RO         1843    .ARM.Collect$$rtexit$$00000002  rtexit2.o(c_w.l)
    0x0000822a   0x00000004   Code   RO         1844    .ARM.Collect$$rtexit$$00000003  rtexit2.o(c_w.l)
    0x0000822e   0x00000006   Code   RO         1845    .ARM.Collect$$rtexit$$00000004  rtexit2.o(c_w.l)
    0x00008234   0x00000000   Code   RO         1763    .emb_text           maybetermalloc1.o(c_w.l)
    0x00008234   0x000000e0   Code   RO            1    .text               stm32f10x_it.o
    0x00008314   0x0000017c   Code   RO           87    .text               main.o
    0x00008490   0x00000422   Code   RO          280    .text               stm32f10x_adc.o
    0x000088b2   0x00000002   PAD
    0x000088b4   0x00000198   Code   RO          331    .text               stm32f10x_dac.o
    0x00008a4c   0x0000015c   Code   RO          373    .text               stm32f10x_exti.o
    0x00008ba8   0x00000540   Code   RO          385    .text               stm32f10x_flash.o
    0x000090e8   0x0000031c   Code   RO          412    .text               stm32f10x_gpio.o
    0x00009404   0x00000448   Code   RO          463    .text               stm32f10x_nvic.o
    0x0000984c   0x000003a4   Code   RO          487    .text               stm32f10x_rcc.o
    0x00009bf0   0x000000c2   Code   RO          538    .text               stm32f10x_systick.o
    0x00009cb2   0x00000002   PAD
    0x00009cb4   0x00000370   Code   RO          562    .text               stm32f10x_usart.o
    0x0000a024   0x00000024   Code   RO          589  * .text               stm32f10x_vector.o
    0x0000a048   0x0000007a   Code   RO          594    .text               cortexm3_macro.o
    0x0000a0c2   0x00000002   PAD
    0x0000a0c4   0x00000120   Code   RO          610    .text               definename.o
    0x0000a1e4   0x0000009c   Code   RO          629    .text               dodac.o
    0x0000a280   0x000000ac   Code   RO          641    .text               dogpio.o
    0x0000a32c   0x000000e8   Code   RO          653    .text               dotime.o
    0x0000a414   0x000000d4   Code   RO          666    .text               doadc.o
    0x0000a4e8   0x000000e4   Code   RO          678    .text               doexti.o
    0x0000a5cc   0x000002d4   Code   RO          696    .text               compatarduino.o
    0x0000a8a0   0x000003c0   Code   RO          714    .text               doserial.o
    0x0000ac60   0x000001f4   Code   RO          761    .text               xduinoinit.o
    0x0000ae54   0x00000498   Code   RO         1024    .text               wire.o
    0x0000b2ec   0x00000158   Code   RO         1140    .text               apm_rc.o
    0x0000b444   0x00000034   Code   RO         1206    .text               noretval__2snprintf.o(c_w.l)
    0x0000b478   0x00000050   Code   RO         1210    .text               _printf_pad.o(c_w.l)
    0x0000b4c8   0x00000024   Code   RO         1212    .text               _printf_truncate.o(c_w.l)
    0x0000b4ec   0x00000052   Code   RO         1214    .text               _printf_str.o(c_w.l)
    0x0000b53e   0x00000002   PAD
    0x0000b540   0x00000074   Code   RO         1216    .text               _printf_dec.o(c_w.l)
    0x0000b5b4   0x000000b8   Code   RO         1218    .text               _printf_wctomb.o(c_w.l)
    0x0000b66c   0x00000058   Code   RO         1223    .text               _printf_oct_int.o(c_w.l)
    0x0000b6c4   0x0000005c   Code   RO         1230    .text               _printf_hex_int.o(c_w.l)
    0x0000b720   0x000001a0   Code   RO         1263    .text               __printf_flags_ss_wp.o(c_w.l)
    0x0000b8c0   0x00000078   Code   RO         1278    .text               rand.o(c_w.l)
    0x0000b938   0x0000004e   Code   RO         1285    .text               rt_memclr_w.o(c_w.l)
    0x0000b986   0x00000006   Code   RO         1287    .text               heapauxi.o(c_w.l)
    0x0000b98c   0x00000024   Code   RO         1296    .text               init_aeabi.o(c_w.l)
    0x0000b9b0   0x0000000c   Code   RO         1451    .text               rt_new_handler_addr_intlibspace.o(c_w.l)
    0x0000b9bc   0x0000000c   Code   RO         1456    .text               rt_ddtor_pointer_addr_intlibspace.o(c_w.l)
    0x0000b9c8   0x00000062   Code   RO         1462    .text               h1_alloc.o(c_w.l)
    0x0000ba2a   0x0000004e   Code   RO         1464    .text               h1_free.o(c_w.l)
    0x0000ba78   0x000000b4   Code   RO         1516    .text               _printf_intcommon.o(c_w.l)
    0x0000bb2c   0x00000460   Code   RO         1518    .text               _printf_fp_dec.o(c_w.l)
    0x0000bf8c   0x00000304   Code   RO         1520    .text               _printf_fp_hex.o(c_w.l)
    0x0000c290   0x00000030   Code   RO         1523    .text               _printf_char_common.o(c_w.l)
    0x0000c2c0   0x0000000a   Code   RO         1525    .text               _sputc.o(c_w.l)
    0x0000c2ca   0x00000010   Code   RO         1527    .text               _snputc.o(c_w.l)
    0x0000c2da   0x0000002c   Code   RO         1529    .text               _printf_char.o(c_w.l)
    0x0000c306   0x0000002c   Code   RO         1531    .text               _printf_wchar.o(c_w.l)
    0x0000c332   0x00000040   Code   RO         1535    .text               _wcrtomb.o(c_w.l)
    0x0000c372   0x00000010   Code   RO         1537    .text               rtudiv10.o(c_w.l)
    0x0000c382   0x00000004   Code   RO         1600    .text               arm_newhandler_noexceptions.o(cpprt_w.l)
    0x0000c386   0x00000002   PAD
    0x0000c388   0x00000008   Code   RO         1638    .text               libspace.o(c_w.l)
    0x0000c390   0x00000010   Code   RO         1661    .text               rt_ctype_table.o(c_w.l)
    0x0000c3a0   0x0000000c   Code   RO         1666    .text               rt_heap_descriptor_intlibspace.o(c_w.l)
    0x0000c3ac   0x0000000c   Code   RO         1671    .text               rt_locale_intlibspace.o(c_w.l)
    0x0000c3b8   0x00000004   Code   RO         1673    .text               hguard.o(c_w.l)
    0x0000c3bc   0x0000008a   Code   RO         1675    .text               init_alloc.o(c_w.l)
    0x0000c446   0x0000000e   Code   RO         1679    .text               h1_init.o(c_w.l)
    0x0000c454   0x0000008a   Code   RO         1693    .text               lludiv10.o(c_w.l)
    0x0000c4de   0x00000002   PAD
    0x0000c4e0   0x0000007c   Code   RO         1695    .text               _printf_fp_infnan.o(c_w.l)
    0x0000c55c   0x000000d4   Code   RO         1699    .text               bigflt0.o(c_w.l)
    0x0000c630   0x0000001a   Code   RO         1735    .text               arm_exceptions_terminate.o(cpprt_w.l)
    0x0000c64a   0x0000004a   Code   RO         1759    .text               sys_stackheap_outer.o(c_w.l)
    0x0000c694   0x00000034   Code   RO         1767    .text               h1_extend.o(c_w.l)
    0x0000c6c8   0x0000000c   Code   RO         1774    .text               exit.o(c_w.l)
    0x0000c6d4   0x00000010   Code   RO         1776    .text               abort.o(c_w.l)
    0x0000c6e4   0x0000000e   Code   RO         1778    .text               defsig_rtmem_outer.o(c_w.l)
    0x0000c6f2   0x00000002   PAD
    0x0000c6f4   0x00000080   Code   RO         1782    .text               strcmpv7m.o(c_w.l)
    0x0000c774   0x00000050   Code   RO         1804    .text               arm_exceptions_globs.o(cpprt_w.l)
    0x0000c7c4   0x00000014   Code   RO         1812    .text               sys_exit.o(c_w.l)
    0x0000c7d8   0x00000002   Code   RO         1814    .text               use_no_semi.o(c_w.l)
    0x0000c7da   0x00000002   PAD
    0x0000c7dc   0x0000000c   Code   RO         1823    .text               rt_eh_globals_addr_intlibspace.o(c_w.l)
    0x0000c7e8   0x0000000a   Code   RO         1829    .text               defsig_exit.o(c_w.l)
    0x0000c7f2   0x0000000e   Code   RO         1831    .text               defsig_abrt_outer.o(c_w.l)
    0x0000c800   0x0000004c   Code   RO         1835    .text               defsig_rtmem_inner.o(c_w.l)
    0x0000c84c   0x0000003c   Code   RO         1837    .text               arm_exceptions_mem.o(cpprt_w.l)
    0x0000c888   0x0000000c   Code   RO         1853    .text               rt_fp_status_addr_intlibspace.o(c_w.l)
    0x0000c894   0x00000032   Code   RO         1861    .text               defsig_general.o(c_w.l)
    0x0000c8c6   0x00000002   PAD
    0x0000c8c8   0x00000030   Code   RO         1863    .text               defsig_abrt_inner.o(c_w.l)
    0x0000c8f8   0x0000000c   Code   RO         1865    .text               sys_wrch.o(c_w.l)
    0x0000c904   0x0000003e   Code   RO         1702    CL$$btod_d2e        btod.o(c_w.l)
    0x0000c942   0x00000046   Code   RO         1704    CL$$btod_d2e_denorm_low  btod.o(c_w.l)
    0x0000c988   0x00000060   Code   RO         1703    CL$$btod_d2e_norm_op1  btod.o(c_w.l)
    0x0000c9e8   0x00000338   Code   RO         1712    CL$$btod_div_common  btod.o(c_w.l)
    0x0000cd20   0x000000c6   Code   RO         1709    CL$$btod_e2e        btod.o(c_w.l)
    0x0000cde6   0x00000028   Code   RO         1706    CL$$btod_ediv       btod.o(c_w.l)
    0x0000ce0e   0x00000028   Code   RO         1705    CL$$btod_emul       btod.o(c_w.l)
    0x0000ce36   0x00000244   Code   RO         1711    CL$$btod_mult_common  btod.o(c_w.l)
    0x0000d07a   0x00000002   PAD
    0x0000d07c   0x00000054   Code   RO          125    i._Z19UxARTx_IRQ_FunctionP13USART_TypeDefP8doSerial  main.o
    0x0000d0d0   0x00000008   Code   RO         1301    i._ZdaPv            array_del.o(cpprt_w.l)
    0x0000d0d8   0x00000008   Code   RO         1308    i._ZdlPv            delete.o(cpprt_w.l)
    0x0000d0e0   0x00000008   Code   RO         1304    i._Znaj             array_new.o(cpprt_w.l)
    0x0000d0e8   0x00000028   Code   RO         1311    i._Znwj             new.o(cpprt_w.l)
    0x0000d110   0x00000028   Code   RO         1755    i.__ARM_fpclassify  fpclassify.o(m_ws.l)
    0x0000d138   0x00000030   Code   RO         1315    i.__aeabi_atexit    aeabi_atexit.o(cpprt_w.l)
    0x0000d168   0x00000046   Code   RO         1616    i.__cxa_finalize    cxa_finalize.o(cpprt_w.l)
    0x0000d1ae   0x00000002   PAD
    0x0000d1b0   0x0000002c   Code   RO         1725    locale$$code        lc_numeric_c.o(c_w.l)
    0x0000d1dc   0x0000002c   Code   RO         1772    locale$$code        lc_ctype_c.o(c_w.l)
    0x0000d208   0x00000038   Code   RO          107    t._ZN14RoundRobinDataIcE3GetEv  main.o
    0x0000d240   0x00000038   Code   RO          119    t._ZN14RoundRobinDataIcE3PutEc  main.o
    0x0000d278   0x0000001a   Code   RO          101    t._ZN14RoundRobinDataIcE4NextEPc  main.o
    0x0000d292   0x0000000e   Code   RO          729    t._ZN14RoundRobinDataIcE5ResetEv  doserial.o
    0x0000d2a0   0x00000012   Code   RO          113    t._ZN14RoundRobinDataIcE8notEmptyEv  main.o
    0x0000d2b2   0x00000012   Code   RO          723    t._ZN14RoundRobinDataIcEC1EPci  doserial.o
    0x0000d2c4   0x0000000e   Code   RO         1840    x$fpl$fpinit        fpinit.o(fz_ws.l)
    0x0000d2d2   0x00000004   Code   RO         1438    x$fpl$printf1       printf1.o(fz_ws.l)
    0x0000d2d6   0x00000004   Code   RO         1440    x$fpl$printf2       printf2.o(fz_ws.l)
    0x0000d2da   0x00000000   Code   RO         1637    x$fpl$usenofp       usenofp.o(fz_ws.l)
    0x0000d2da   0x00000014   Data   RO          488    .constdata          stm32f10x_rcc.o
    0x0000d2ee   0x00000002   PAD
    0x0000d2f0   0x0000012c   Data   RO          597    .constdata          xduino.o
    0x0000d41c   0x00000008   Data   RO         1219    .constdata          _printf_wctomb.o(c_w.l)
    0x0000d424   0x00000028   Data   RO         1231    .constdata          _printf_hex_int.o(c_w.l)
    0x0000d44c   0x00000011   Data   RO         1264    .constdata          __printf_flags_ss_wp.o(c_w.l)
    0x0000d45d   0x00000026   Data   RO         1521    .constdata          _printf_fp_hex.o(c_w.l)
    0x0000d483   0x00000001   PAD
    0x0000d484   0x00000094   Data   RO         1700    .constdata          bigflt0.o(c_w.l)
    0x0000d518   0x00000010   Data   RO         1886    Region$$Table       anon$$obj.o
    0x0000d528   0x0000001c   Data   RO         1724    locale$$data        lc_numeric_c.o(c_w.l)
    0x0000d544   0x00000110   Data   RO         1771    locale$$data        lc_ctype_c.o(c_w.l)
    0x0000d654   0x00000004   Data   RO          764    .init_array         xduinoinit.o
    0x0000d658   0x00000004   Data   RO         1144    .init_array         apm_rc.o


    Execution Region ER_RW (Base: 0x0000d65c, Size: 0x0000007c, Max: 0xffffffff, ABSOLUTE)

    Base Addr    Size         Type   Attr      Idx    E Section Name        Object

    0x0000d65c   0x00000008   Data   RW           90    .data               main.o
    0x0000d664   0x00000005   Data   RW          489    .data               stm32f10x_rcc.o
    0x0000d669   0x00000003   PAD
    0x0000d66c   0x00000004   Data   RW          680    .data               doexti.o
    0x0000d670   0x00000004   Data   RW         1026    .data               wire.o
    0x0000d674   0x00000059   Data   RW         1143    .data               apm_rc.o
    0x0000d6cd   0x00000003   PAD
    0x0000d6d0   0x00000008   Data   RW         1280    .data               rand.o(c_w.l)


    Execution Region ER_ZI (Base: 0x0000d6d8, Size: 0x00000b60, Max: 0xffffffff, ABSOLUTE)

    Base Addr    Size         Type   Attr      Idx    E Section Name        Object

    0x0000d6d8   0x0000004c   Zero   RW           89    .bss                main.o
    0x0000d724   0x000000fb   Zero   RW          763    .bss                xduinoinit.o
    0x0000d81f   0x00000001   PAD
    0x0000d820   0x000000d8   Zero   RW         1142    .bss                apm_rc.o
    0x0000d8f8   0x000000dc   Zero   RW         1279    .bss                rand.o(c_w.l)
    0x0000d9d4   0x00000060   Zero   RW         1639    .bss                libspace.o(c_w.l)
    0x0000da34   0x00000004   PAD
    0x0000da38   0x00000400   Zero   RW          587    HEAP                stm32f10x_vector.o
    0x0000de38   0x00000400   Zero   RW          586    STACK               stm32f10x_vector.o


==============================================================================

Image component sizes


      Code (inc. data)   RO Data    RW Data    ZI Data      Debug   Object Name

       344         30          4         89        216       7354   apm_rc.o
       724         10          0          0          0       4820   compatarduino.o
       122          0          0          0          0        372   cortexm3_macro.o
       288         58          0          0          0       2112   definename.o
       212          0          0          0          0       1800   doadc.o
       156          0          0          0          0       1420   dodac.o
       228         18          0          4          0       2640   doexti.o
       172          0          0          0          0       1888   dogpio.o
       992         16          0          0          0      13976   doserial.o
       232         12          0          0          0       1806   dotime.o
       620        116          0          8         76      62590   main.o
      1058         30          0          0          0      10689   stm32f10x_adc.o
       408         14          0          0          0       7874   stm32f10x_dac.o
       348         32          0          0          0       2267   stm32f10x_exti.o
      1344         52          0          0          0       5958   stm32f10x_flash.o
       796         16          0          0          0       5247   stm32f10x_gpio.o
       224          0          0          0          0      67376   stm32f10x_it.o
      1096         76          0          0          0       7380   stm32f10x_nvic.o
       932         52         20          5          0       8832   stm32f10x_rcc.o
       194          0          0          0          0       1629   stm32f10x_systick.o
       880         12          0          0          0       7799   stm32f10x_usart.o
        36         22        304          0       2048        384   stm32f10x_vector.o
      1176          4          0          4          0      10462   wire.o
         0          0        300          0          0       1336   xduino.o
       500         70          4          0        251       6021   xduinoinit.o

    ----------------------------------------------------------------------
     13088        640        650        116       2592     244032   Object Totals
         0          0         16          0          0          0   (incl. Generated)
         6          0          2          6          1          2   (incl. Padding)

    ----------------------------------------------------------------------

      Code (inc. data)   RO Data    RW Data    ZI Data      Debug   Library Member Name

         8          0          0          0          0         68   __main.o
       416          4         17          0          0         88   __printf_flags_ss_wp.o
        52          8          0          0          0          0   __scatter.o
        28          0          0          0          0          0   __scatter_zi.o
         6          0          0          0          0          0   _printf_a.o
         6          0          0          0          0          0   _printf_c.o
        44          0          0          0          0        108   _printf_char.o
        48          4          0          0          0         96   _printf_char_common.o
         6          0          0          0          0          0   _printf_d.o
       116         18          0          0          0         92   _printf_dec.o
         6          0          0          0          0          0   _printf_e.o
         6          0          0          0          0          0   _printf_f.o
      1120          0          0          0          0        204   _printf_fp_dec.o
       772         10         38          0          0         96   _printf_fp_hex.o
       124         16          0          0          0         84   _printf_fp_infnan.o
         6          0          0          0          0          0   _printf_g.o
        92          4         40          0          0         84   _printf_hex_int.o
         6          0          0          0          0          0   _printf_i.o
       180          0          0          0          0         88   _printf_intcommon.o
        10          0          0          0          0          0   _printf_l.o
         6          0          0          0          0          0   _printf_lc.o
         6          0          0          0          0          0   _printf_o.o
        88          8          0          0          0         84   _printf_oct_int.o
        80          0          0          0          0        104   _printf_pad.o
         0          0          0          0          0          0   _printf_percent.o
         4          0          0          0          0          0   _printf_percent_end.o
        82          0          0          0          0         80   _printf_str.o
        36          0          0          0          0         84   _printf_truncate.o
         6          0          0          0          0          0   _printf_u.o
        44          0          0          0          0        108   _printf_wchar.o
       184          4          8          0          0         88   _printf_wctomb.o
         6          0          0          0          0          0   _printf_x.o
        16          0          0          0          0         68   _snputc.o
        10          0          0          0          0         68   _sputc.o
        64          0          0          0          0         88   _wcrtomb.o
        16          0          0          0          0         68   abort.o
        48          0          0          0          0         84   aeabi_atexit.o
        80         14          0          0          0         96   arm_exceptions_globs.o
        60          0          0          0          0        108   arm_exceptions_mem.o
        26          0          0          0          0         76   arm_exceptions_terminate.o
         4          0          0          0          0         68   arm_newhandler_noexceptions.o
         8          0          0          0          0         76   array_del.o
         8          0          0          0          0         76   array_new.o
       212          6        148          0          0         92   bigflt0.o
      1910        128          0          0          0        660   btod.o
        70          0          0          0          0         84   cxa_finalize.o
        48         34          0          0          0         76   defsig_abrt_inner.o
        14          0          0          0          0         80   defsig_abrt_outer.o
        10          0          0          0          0         68   defsig_exit.o
        50          0          0          0          0         84   defsig_general.o
        76         56          0          0          0         76   defsig_rtmem_inner.o
        14          0          0          0          0         80   defsig_rtmem_outer.o
         8          0          0          0          0         76   delete.o
        12          0          0          0          0         68   exit.o
        40          0          0          0          0         68   fpclassify.o
        14          0          0          0          0         76   fpinit.o
        98          0          0          0          0         80   h1_alloc.o
        52          0          0          0          0         68   h1_extend.o
        78          0          0          0          0         80   h1_free.o
        14          0          0          0          0         84   h1_init.o
         6          0          0          0          0        148   heapauxi.o
         4          0          0          0          0        132   hguard.o
        36         10          0          0          0         80   init_aeabi.o
       138          0          0          0          0        160   init_alloc.o
        44         10        272          0          0         76   lc_ctype_c.o
        44         10         28          0          0         76   lc_numeric_c.o
         6          0          0          0          0          0   libinit.o
        46          0          0          0          0          0   libinit2.o
         2          0          0          0          0          0   libshutdown.o
         8          0          0          0          0          0   libshutdown2.o
         8          4          0          0         96         68   libspace.o
       138          0          0          0          0         76   lludiv10.o
         0          0          0          0          0         68   maybetermalloc1.o
        40          6          0          0          0         76   new.o
        52          4          0          0          0         80   noretval__2snprintf.o
         4          0          0          0          0         68   printf1.o
         4          0          0          0          0         68   printf2.o
       120         18          0          8        220        116   rand.o
        16          6          0          0          0         76   rt_ctype_table.o
        12          6          0          0          0         68   rt_ddtor_pointer_addr_intlibspace.o
        12          6          0          0          0         68   rt_eh_globals_addr_intlibspace.o
        12          6          0          0          0         68   rt_fp_status_addr_intlibspace.o
        12          6          0          0          0         68   rt_heap_descriptor_intlibspace.o
        12          6          0          0          0         68   rt_locale_intlibspace.o
        78          0          0          0          0         76   rt_memclr_w.o
        12          6          0          0          0         68   rt_new_handler_addr_intlibspace.o
         0          0          0          0          0          0   rtentry.o
        12          0          0          0          0          0   rtentry2.o
         6          0          0          0          0          0   rtentry4.o
         2          0          0          0          0          0   rtexit.o
        10          0          0          0          0          0   rtexit2.o
        16          0          0          0          0         68   rtudiv10.o
       128          2          0          0          0         68   strcmpv7m.o
        20         10          0          0          0         68   sys_exit.o
        74          0          0          0          0         80   sys_stackheap_outer.o
        12          0          0          0          0         72   sys_wrch.o
         2          0          0          0          0         68   use_no_semi.o
         0          0          0          0          0          0   usenofp.o

    ----------------------------------------------------------------------
      7818        430        552          8        320       6608   Library Totals
        16          0          1          0          4          0   (incl. Padding)

    ----------------------------------------------------------------------

      Code (inc. data)   RO Data    RW Data    ZI Data      Debug   Library Name

      7388        410        551          8        316       5508   c_w.l
       352         20          0          0          0        820   cpprt_w.l
        22          0          0          0          0        212   fz_ws.l
        40          0          0          0          0         68   m_ws.l

    ----------------------------------------------------------------------
      7818        430        552          8        320       6608   Library Totals

    ----------------------------------------------------------------------

==============================================================================


      Code (inc. data)   RO Data    RW Data    ZI Data      Debug   

     20906       1070       1202        124       2912     243492   Grand Totals
     20906       1070       1202        124       2912     243492   ELF Image Totals
     20906       1070       1202        124          0          0   ROM Totals

==============================================================================

    Total RO  Size (Code + RO Data)                22108 (  21.59kB)
    Total RW  Size (RW Data + ZI Data)              3036 (   2.96kB)
    Total ROM Size (Code + RO Data + RW Data)      22232 (  21.71kB)

==============================================================================

