<!doctype html public "-//w3c//dtd html 4.0 transitional//en">
<html><head>
<title>Static Call Graph - [C:\Documents and Settings\Roberto\Desktop\lavoro\SVN LNMultipilot\branches\Redfox74\Multipilot32Framework\XDUINO-lib-v0.33\project\RVMDK\Project.axf]</title></head>
<body><HR>
<H1>Static Call Graph for image C:\Documents and Settings\Roberto\Desktop\lavoro\SVN LNMultipilot\branches\Redfox74\Multipilot32Framework\XDUINO-lib-v0.33\project\RVMDK\Project.axf</H1><HR>
<BR><P>#&#060CALLGRAPH&#062# ARM Linker, RVCT4.0 [Build 728]: Last Updated: Wed Feb 09 18:05:47 2011
<BR><P>
<H3>Maximum Stack Usage =        400 bytes + Unknown(Functions without stacksize, Untraceable Function Pointers)</H3><H3>
Call chain for Maximum Stack Depth:</H3>
__rt_entry_main &rArr; main &rArr; loop() &rArr; doSerial::print(int) &rArr; __2snprintf &rArr; _printf_char_common &rArr; __printf
<P>
<H3>
Functions with no stack information
</H3><UL>
 <LI><a href="#[17a5170]">__user_initial_stackheap</a>
 <LI><a href="#[fb6bac]">__WFI</a>
 <LI><a href="#[fb6be8]">__WFE</a>
 <LI><a href="#[17a4f90]">__SEV</a>
 <LI><a href="#[17a4f54]">__ISB</a>
 <LI><a href="#[17a4f18]">__DSB</a>
 <LI><a href="#[17a4edc]">__DMB</a>
 <LI><a href="#[17a4ea0]">__SVC</a>
 <LI><a href="#[17a4e64]">__MRS_CONTROL</a>
 <LI><a href="#[17a4e28]">__MSR_CONTROL</a>
 <LI><a href="#[17a4dec]">__MRS_PSP</a>
 <LI><a href="#[17a4db0]">__MSR_PSP</a>
 <LI><a href="#[17a4d74]">__MRS_MSP</a>
 <LI><a href="#[17a4d38]">__MSR_MSP</a>
 <LI><a href="#[fb7200]">__RESETPRIMASK</a>
 <LI><a href="#[fb7188]">__SETPRIMASK</a>
 <LI><a href="#[17a4cfc]">__READ_PRIMASK</a>
 <LI><a href="#[fb71c4]">__SETFAULTMASK</a>
 <LI><a href="#[fb723c]">__RESETFAULTMASK</a>
 <LI><a href="#[17a4cc0]">__READ_FAULTMASK</a>
 <LI><a href="#[fb72b4]">__BASEPRICONFIG</a>
 <LI><a href="#[fb7278]">__GetBASEPRI</a>
 <LI><a href="#[17a4c84]">__REV_HalfWord</a>
 <LI><a href="#[17a4c48]">__REV_Word</a>
</UL>
</UL>
<P>
<H3>
Function Pointers
</H3><UL>
 <LI><a href="#[17a51ac]">Reset_Handler</a>
 <LI><a href="#[fc3050]">NMIException</a>
 <LI><a href="#[fc3014]">HardFaultException</a>
 <LI><a href="#[fc2fd8]">MemManageException</a>
 <LI><a href="#[fc2f9c]">BusFaultException</a>
 <LI><a href="#[fc2f60]">UsageFaultException</a>
 <LI><a href="#[fc2ee8]">SVCHandler</a>
 <LI><a href="#[fc2f24]">DebugMonitor</a>
 <LI><a href="#[fc2eac]">PendSVC</a>
 <LI><a href="#[fc2330]">SysTickHandler</a>
 <LI><a href="#[fc2e70]">WWDG_IRQHandler</a>
 <LI><a href="#[fc2e34]">PVD_IRQHandler</a>
 <LI><a href="#[fc2df8]">TAMPER_IRQHandler</a>
 <LI><a href="#[fc2dbc]">RTC_IRQHandler</a>
 <LI><a href="#[fc2d80]">FLASH_IRQHandler</a>
 <LI><a href="#[fc2d44]">RCC_IRQHandler</a>
 <LI><a href="#[fc21c8]">EXTI0_IRQHandler</a>
 <LI><a href="#[fc218c]">EXTI1_IRQHandler</a>
 <LI><a href="#[fc2150]">EXTI2_IRQHandler</a>
 <LI><a href="#[fc2114]">EXTI3_IRQHandler</a>
 <LI><a href="#[fc20d8]">EXTI4_IRQHandler</a>
 <LI><a href="#[fc2d08]">DMA1_Channel1_IRQHandler</a>
 <LI><a href="#[fc2ccc]">DMA1_Channel2_IRQHandler</a>
 <LI><a href="#[fc2c90]">DMA1_Channel3_IRQHandler</a>
 <LI><a href="#[fc2c54]">DMA1_Channel4_IRQHandler</a>
 <LI><a href="#[fc2c18]">DMA1_Channel5_IRQHandler</a>
 <LI><a href="#[fc2bdc]">DMA1_Channel6_IRQHandler</a>
 <LI><a href="#[fc2ba0]">DMA1_Channel7_IRQHandler</a>
 <LI><a href="#[fc2b64]">ADC1_2_IRQHandler</a>
 <LI><a href="#[fc2b28]">USB_HP_CAN_TX_IRQHandler</a>
 <LI><a href="#[fc2aec]">USB_LP_CAN_RX0_IRQHandler</a>
 <LI><a href="#[fc2ab0]">CAN_RX1_IRQHandler</a>
 <LI><a href="#[fc2a74]">CAN_SCE_IRQHandler</a>
 <LI><a href="#[fc209c]">EXTI9_5_IRQHandler</a>
 <LI><a href="#[fc2a38]">TIM1_BRK_IRQHandler</a>
 <LI><a href="#[fc29fc]">TIM1_UP_IRQHandler</a>
 <LI><a href="#[fc29c0]">TIM1_TRG_COM_IRQHandler</a>
 <LI><a href="#[fc2984]">TIM1_CC_IRQHandler</a>
 <LI><a href="#[fc2948]">TIM2_IRQHandler</a>
 <LI><a href="#[fc290c]">TIM3_IRQHandler</a>
 <LI><a href="#[fc28d0]">TIM4_IRQHandler</a>
 <LI><a href="#[fc2894]">I2C1_EV_IRQHandler</a>
 <LI><a href="#[fc2858]">I2C1_ER_IRQHandler</a>
 <LI><a href="#[fc281c]">I2C2_EV_IRQHandler</a>
 <LI><a href="#[fc27e0]">I2C2_ER_IRQHandler</a>
 <LI><a href="#[fc27a4]">SPI1_IRQHandler</a>
 <LI><a href="#[fc2768]">SPI2_IRQHandler</a>
 <LI><a href="#[fc22f4]">USART1_IRQHandler</a>
 <LI><a href="#[fc22b8]">USART2_IRQHandler</a>
 <LI><a href="#[fc227c]">USART3_IRQHandler</a>
 <LI><a href="#[fc2060]">EXTI15_10_IRQHandler</a>
 <LI><a href="#[fc272c]">RTCAlarm_IRQHandler</a>
 <LI><a href="#[fc26f0]">USBWakeUp_IRQHandler</a>
 <LI><a href="#[fc26b4]">TIM8_BRK_IRQHandler</a>
 <LI><a href="#[fc2678]">TIM8_UP_IRQHandler</a>
 <LI><a href="#[fc263c]">TIM8_TRG_COM_IRQHandler</a>
 <LI><a href="#[fc2600]">TIM8_CC_IRQHandler</a>
 <LI><a href="#[fc25c4]">ADC3_IRQHandler</a>
 <LI><a href="#[fc2588]">FSMC_IRQHandler</a>
 <LI><a href="#[fc254c]">SDIO_IRQHandler</a>
 <LI><a href="#[fc2510]">TIM5_IRQHandler</a>
 <LI><a href="#[fc24d4]">SPI3_IRQHandler</a>
 <LI><a href="#[fc2240]">UART4_IRQHandler</a>
 <LI><a href="#[fc2204]">UART5_IRQHandler</a>
 <LI><a href="#[fc2498]">TIM6_IRQHandler</a>
 <LI><a href="#[fc245c]">TIM7_IRQHandler</a>
 <LI><a href="#[fc2420]">DMA2_Channel1_IRQHandler</a>
 <LI><a href="#[fc23e4]">DMA2_Channel2_IRQHandler</a>
 <LI><a href="#[fc23a8]">DMA2_Channel3_IRQHandler</a>
 <LI><a href="#[fc236c]">DMA2_Channel4_5_IRQHandler</a>
 <LI><a href="#[184c660]">__main</a>
 <LI><a href="#[17a07d8]">doSerial::~doSerial()</a>
 <LI><a href="#[19b4310]">_snputc</a>
 <LI><a href="#[19b4568]">_printf_input_char</a>
 <LI><a href="#[19ac534]">_get_lc_ctype</a>
 <LI><a href="#[19aa98c]">__default_terminate_handler()</a>
 <LI><a href="#[19aa4a0]">__I$use$semihosting</a>
 <LI><a href="#[19b191c]">__default_new_handler()</a>
 <LI><a href="#[179fc20]">__sti___14_xduinoInit_cpp</a>
 <LI><a href="#[18511d8]">__sti___10_APM_RC_cpp</a>
</UL>
<P>
<H3>
Global Symbols
</H3>
<P><STRONG><a name="[184c660]"></a>__main</STRONG> (Thumb, 8 bytes, Stack size 0 bytes, __main.o(!!!main))
<BR><BR>[Calls]<UL><LI><a href="#[1848358]">&gt;&gt;</a>&nbsp;&nbsp;&nbsp;__rt_entry
<LI><a href="#[19a7764]">&gt;&gt;</a>&nbsp;&nbsp;&nbsp;__scatterload
</UL>

<P><STRONG><a name="[19a7764]"></a>__scatterload</STRONG> (Thumb, 0 bytes, Stack size unknown bytes, __scatter.o(!!!scatter))
<BR><BR>[Called By]<UL><LI><a href="#[184c660]">&gt;&gt;</a>&nbsp;&nbsp;&nbsp;__main
</UL>

<P><STRONG><a name="[19a7728]"></a>__scatterload_rt2</STRONG> (Thumb, 44 bytes, Stack size unknown bytes, __scatter.o(!!!scatter), UNUSED)
<BR><BR>[Calls]<UL><LI><a href="#[1848358]">&gt;&gt;</a>&nbsp;&nbsp;&nbsp;__rt_entry
</UL>

<P><STRONG><a name="[19a76ec]"></a>__scatterload_rt2_thumb_only</STRONG> (Thumb, 0 bytes, Stack size unknown bytes, __scatter.o(!!!scatter), UNUSED)

<P><STRONG><a name="[19a76b0]"></a>__scatterload_null</STRONG> (Thumb, 0 bytes, Stack size unknown bytes, __scatter.o(!!!scatter), UNUSED)

<P><STRONG><a name="[19a750c]"></a>__scatterload_zeroinit</STRONG> (Thumb, 28 bytes, Stack size unknown bytes, __scatter_zi.o(!!handler_zi), UNUSED)

<P><STRONG><a name="[184d290]"></a>_printf_f</STRONG> (Thumb, 0 bytes, Stack size unknown bytes, _printf_f.o(.ARM.Collect$$_printf_percent$$00000003))
<BR><BR>[Stack]<UL><LI>Max Depth = 328 + Unknown Stack Size
<LI>Call Chain = _printf_f &rArr; _printf_fp_dec &rArr; _printf_fp_dec_real &rArr; _fp_digits &rArr; _btod_etento &rArr; _btod_emul &rArr; _e2e
</UL>
<BR>[Calls]<UL><LI><a href="#[1848754]">&gt;&gt;</a>&nbsp;&nbsp;&nbsp;_printf_fp_dec
</UL>

<P><STRONG><a name="[184cfc0]"></a>_printf_percent</STRONG> (Thumb, 0 bytes, Stack size unknown bytes, _printf_percent.o(.ARM.Collect$$_printf_percent$$00000000))
<BR><BR>[Called By]<UL><LI><a href="#[184d830]">&gt;&gt;</a>&nbsp;&nbsp;&nbsp;__printf
</UL>

<P><STRONG><a name="[184d1dc]"></a>_printf_e</STRONG> (Thumb, 0 bytes, Stack size unknown bytes, _printf_e.o(.ARM.Collect$$_printf_percent$$00000004))
<BR><BR>[Stack]<UL><LI>Max Depth = 328 + Unknown Stack Size
<LI>Call Chain = _printf_e &rArr; _printf_fp_dec &rArr; _printf_fp_dec_real &rArr; _fp_digits &rArr; _btod_etento &rArr; _btod_emul &rArr; _e2e
</UL>
<BR>[Calls]<UL><LI><a href="#[1848754]">&gt;&gt;</a>&nbsp;&nbsp;&nbsp;_printf_fp_dec
</UL>

<P><STRONG><a name="[184d128]"></a>_printf_g</STRONG> (Thumb, 0 bytes, Stack size unknown bytes, _printf_g.o(.ARM.Collect$$_printf_percent$$00000005))
<BR><BR>[Stack]<UL><LI>Max Depth = 328 + Unknown Stack Size
<LI>Call Chain = _printf_g &rArr; _printf_fp_dec &rArr; _printf_fp_dec_real &rArr; _fp_digits &rArr; _btod_etento &rArr; _btod_emul &rArr; _e2e
</UL>
<BR>[Calls]<UL><LI><a href="#[1848754]">&gt;&gt;</a>&nbsp;&nbsp;&nbsp;_printf_fp_dec
</UL>

<P><STRONG><a name="[184d074]"></a>_printf_a</STRONG> (Thumb, 0 bytes, Stack size unknown bytes, _printf_a.o(.ARM.Collect$$_printf_percent$$00000006))
<BR><BR>[Stack]<UL><LI>Max Depth = 128 + Unknown Stack Size
<LI>Call Chain = _printf_a &rArr; _printf_fp_hex &rArr; _printf_fp_hex_real &rArr; _printf_fp_infnan &rArr; _printf_post_padding
</UL>
<BR>[Calls]<UL><LI><a href="#[1848628]">&gt;&gt;</a>&nbsp;&nbsp;&nbsp;_printf_fp_hex
</UL>

<P><STRONG><a name="[184d4ac]"></a>_printf_i</STRONG> (Thumb, 0 bytes, Stack size unknown bytes, _printf_i.o(.ARM.Collect$$_printf_percent$$00000008))
<BR><BR>[Stack]<UL><LI>Max Depth = 72 + Unknown Stack Size
<LI>Call Chain = _printf_i &rArr; _printf_int_dec &rArr; _printf_int_common &rArr; _printf_post_padding
</UL>
<BR>[Calls]<UL><LI><a href="#[184f6a8]">&gt;&gt;</a>&nbsp;&nbsp;&nbsp;_printf_int_dec
</UL>

<P><STRONG><a name="[184d3f8]"></a>_printf_d</STRONG> (Thumb, 0 bytes, Stack size unknown bytes, _printf_d.o(.ARM.Collect$$_printf_percent$$00000009))
<BR><BR>[Stack]<UL><LI>Max Depth = 72 + Unknown Stack Size
<LI>Call Chain = _printf_d &rArr; _printf_int_dec &rArr; _printf_int_common &rArr; _printf_post_padding
</UL>
<BR>[Calls]<UL><LI><a href="#[184f6a8]">&gt;&gt;</a>&nbsp;&nbsp;&nbsp;_printf_int_dec
</UL>

<P><STRONG><a name="[184d344]"></a>_printf_u</STRONG> (Thumb, 0 bytes, Stack size unknown bytes, _printf_u.o(.ARM.Collect$$_printf_percent$$0000000A))
<BR><BR>[Stack]<UL><LI>Max Depth = 72 + Unknown Stack Size
<LI>Call Chain = _printf_u &rArr; _printf_int_dec &rArr; _printf_int_common &rArr; _printf_post_padding
</UL>
<BR>[Calls]<UL><LI><a href="#[184f6a8]">&gt;&gt;</a>&nbsp;&nbsp;&nbsp;_printf_int_dec
</UL>

<P><STRONG><a name="[184d59c]"></a>_printf_o</STRONG> (Thumb, 0 bytes, Stack size unknown bytes, _printf_o.o(.ARM.Collect$$_printf_percent$$0000000B))
<BR><BR>[Stack]<UL><LI>Max Depth = 64 + Unknown Stack Size
<LI>Call Chain = _printf_o &rArr; _printf_int_oct &rArr; _printf_int_common &rArr; _printf_post_padding
</UL>
<BR>[Calls]<UL><LI><a href="#[184f1f8]">&gt;&gt;</a>&nbsp;&nbsp;&nbsp;_printf_int_oct
</UL>

<P><STRONG><a name="[184d68c]"></a>_printf_x</STRONG> (Thumb, 0 bytes, Stack size unknown bytes, _printf_x.o(.ARM.Collect$$_printf_percent$$0000000C))
<BR><BR>[Stack]<UL><LI>Max Depth = 64 + Unknown Stack Size
<LI>Call Chain = _printf_x &rArr; _printf_int_hex &rArr; _printf_int_common &rArr; _printf_post_padding
</UL>
<BR>[Calls]<UL><LI><a href="#[184ec58]">&gt;&gt;</a>&nbsp;&nbsp;&nbsp;_printf_int_hex
</UL>

<P><STRONG><a name="[19b3e60]"></a>_printf_l</STRONG> (Thumb, 0 bytes, Stack size unknown bytes, _printf_l.o(.ARM.Collect$$_printf_percent$$00000012))

<P><STRONG><a name="[184d77c]"></a>_printf_c</STRONG> (Thumb, 0 bytes, Stack size unknown bytes, _printf_c.o(.ARM.Collect$$_printf_percent$$00000013))
<BR><BR>[Stack]<UL><LI>Max Depth = 40 + Unknown Stack Size
<LI>Call Chain = _printf_c &rArr; _printf_char &rArr; _printf_cs_common &rArr; _printf_str &rArr; _printf_post_padding
</UL>
<BR>[Calls]<UL><LI><a href="#[19b41e4]">&gt;&gt;</a>&nbsp;&nbsp;&nbsp;_printf_char
</UL>

<P><STRONG><a name="[184ced0]"></a>_printf_lc</STRONG> (Thumb, 0 bytes, Stack size unknown bytes, _printf_lc.o(.ARM.Collect$$_printf_percent$$00000015))
<BR><BR>[Stack]<UL><LI>Max Depth = 88 + Unknown Stack Size
<LI>Call Chain = _printf_lc &rArr; _printf_wchar &rArr; _printf_lcs_common &rArr; _printf_wctomb &rArr; _wcrtomb &rArr; __rt_ctype_table
</UL>
<BR>[Calls]<UL><LI><a href="#[19b4040]">&gt;&gt;</a>&nbsp;&nbsp;&nbsp;_printf_wchar
</UL>

<P><STRONG><a name="[19b3f14]"></a>_printf_percent_end</STRONG> (Thumb, 0 bytes, Stack size unknown bytes, _printf_percent_end.o(.ARM.Collect$$_printf_percent$$00000017))

<P><STRONG><a name="[19ab6e8]"></a>__rt_lib_init</STRONG> (Thumb, 0 bytes, Stack size unknown bytes, libinit.o(.ARM.Collect$$libinit$$00000000))
<BR><BR>[Stack]<UL><LI>Max Depth = 8 + Unknown Stack Size
<LI>Call Chain = __rt_lib_init &rArr; _fp_init
</UL>
<BR>[Calls]<UL><LI><a href="#[19a9690]">&gt;&gt;</a>&nbsp;&nbsp;&nbsp;_fp_init
</UL>
<BR>[Called By]<UL><LI><a href="#[19b0404]">&gt;&gt;</a>&nbsp;&nbsp;&nbsp;__rt_entry_li
</UL>

<P><STRONG><a name="[19b3230]"></a>__rt_lib_init_heap_2</STRONG> (Thumb, 0 bytes, Stack size unknown bytes, libinit2.o(.ARM.Collect$$libinit$$00000001))
<BR><BR>[Stack]<UL><LI>Max Depth = 64 + Unknown Stack Size
<LI>Call Chain = __rt_lib_init_heap_2 &rArr; _init_alloc &rArr; __rt_SIGRTMEM &rArr; __rt_SIGRTMEM_inner &rArr; __default_signal_display &rArr; _ttywrch
</UL>
<BR>[Calls]<UL><LI><a href="#[19af84c]">&gt;&gt;</a>&nbsp;&nbsp;&nbsp;_init_alloc
</UL>

<P><STRONG><a name="[19b317c]"></a>__rt_lib_init_heap_1</STRONG> (Thumb, 0 bytes, Stack size unknown bytes, libinit2.o(.ARM.Collect$$libinit$$00000006))

<P><STRONG><a name="[19b30c8]"></a>__rt_lib_init_rand_2</STRONG> (Thumb, 0 bytes, Stack size unknown bytes, libinit2.o(.ARM.Collect$$libinit$$00000009))
<BR><BR>[Stack]<UL><LI>Max Depth = 8 + Unknown Stack Size
<LI>Call Chain = __rt_lib_init_rand_2 &rArr; _rand_init &rArr; srand
</UL>
<BR>[Calls]<UL><LI><a href="#[184cc00]">&gt;&gt;</a>&nbsp;&nbsp;&nbsp;_rand_init
</UL>

<P><STRONG><a name="[19b3104]"></a>__rt_lib_init_user_alloc_1</STRONG> (Thumb, 0 bytes, Stack size unknown bytes, libinit2.o(.ARM.Collect$$libinit$$00000008))

<P><STRONG><a name="[19b3050]"></a>__rt_lib_init_lc_common</STRONG> (Thumb, 0 bytes, Stack size unknown bytes, libinit2.o(.ARM.Collect$$libinit$$0000000B))
<BR><BR>[Calls]<UL><LI><a href="#[19afb58]">&gt;&gt;</a>&nbsp;&nbsp;&nbsp;__rt_locale
</UL>

<P><STRONG><a name="[19b308c]"></a>__rt_lib_init_rand_1</STRONG> (Thumb, 0 bytes, Stack size unknown bytes, libinit2.o(.ARM.Collect$$libinit$$0000000A))

<P><STRONG><a name="[19b2fd8]"></a>__rt_lib_init_lc_collate_1</STRONG> (Thumb, 0 bytes, Stack size unknown bytes, libinit2.o(.ARM.Collect$$libinit$$0000000D))

<P><STRONG><a name="[19b2f9c]"></a>__rt_lib_init_lc_ctype_2</STRONG> (Thumb, 0 bytes, Stack size unknown bytes, libinit2.o(.ARM.Collect$$libinit$$0000000E))
<BR><BR>[Stack]<UL><LI>Max Depth = 8 + Unknown Stack Size
<LI>Call Chain = __rt_lib_init_lc_ctype_2 &rArr; _get_lc_ctype
</UL>
<BR>[Calls]<UL><LI><a href="#[19ac534]">&gt;&gt;</a>&nbsp;&nbsp;&nbsp;_get_lc_ctype
</UL>

<P><STRONG><a name="[19b2f60]"></a>__rt_lib_init_lc_ctype_1</STRONG> (Thumb, 0 bytes, Stack size unknown bytes, libinit2.o(.ARM.Collect$$libinit$$0000000F))

<P><STRONG><a name="[19b2ee8]"></a>__rt_lib_init_lc_monetary_1</STRONG> (Thumb, 0 bytes, Stack size unknown bytes, libinit2.o(.ARM.Collect$$libinit$$00000011))

<P><STRONG><a name="[19b2eac]"></a>__rt_lib_init_lc_numeric_2</STRONG> (Thumb, 0 bytes, Stack size unknown bytes, libinit2.o(.ARM.Collect$$libinit$$00000012))
<BR><BR>[Stack]<UL><LI>Max Depth = 8 + Unknown Stack Size
<LI>Call Chain = __rt_lib_init_lc_numeric_2 &rArr; _get_lc_numeric
</UL>
<BR>[Calls]<UL><LI><a href="#[19ae028]">&gt;&gt;</a>&nbsp;&nbsp;&nbsp;_get_lc_numeric
</UL>

<P><STRONG><a name="[19b2948]"></a>__rt_lib_init_alloca_1</STRONG> (Thumb, 0 bytes, Stack size unknown bytes, libinit2.o(.ARM.Collect$$libinit$$0000002A))

<P><STRONG><a name="[19b29c0]"></a>__rt_lib_init_argv_1</STRONG> (Thumb, 0 bytes, Stack size unknown bytes, libinit2.o(.ARM.Collect$$libinit$$00000028))

<P><STRONG><a name="[19b2d80]"></a>__rt_lib_init_atexit_1</STRONG> (Thumb, 0 bytes, Stack size unknown bytes, libinit2.o(.ARM.Collect$$libinit$$00000017))

<P><STRONG><a name="[19b2c18]"></a>__rt_lib_init_clock_1</STRONG> (Thumb, 0 bytes, Stack size unknown bytes, libinit2.o(.ARM.Collect$$libinit$$0000001D))

<P><STRONG><a name="[19b2894]"></a>__rt_lib_init_cpp_2</STRONG> (Thumb, 0 bytes, Stack size unknown bytes, libinit2.o(.ARM.Collect$$libinit$$0000002D))
<BR><BR>[Stack]<UL><LI>Max Depth = 16 + Unknown Stack Size
<LI>Call Chain = __rt_lib_init_cpp_2 &rArr; __cpp_initialize__aeabi_
</UL>
<BR>[Calls]<UL><LI><a href="#[184c1ec]">&gt;&gt;</a>&nbsp;&nbsp;&nbsp;__cpp_initialize__aeabi_
</UL>

<P><STRONG><a name="[19b28d0]"></a>__rt_lib_init_exceptions_1</STRONG> (Thumb, 0 bytes, Stack size unknown bytes, libinit2.o(.ARM.Collect$$libinit$$0000002C))

<P><STRONG><a name="[19b2c90]"></a>__rt_lib_init_fp_trap_1</STRONG> (Thumb, 0 bytes, Stack size unknown bytes, libinit2.o(.ARM.Collect$$libinit$$0000001B))

<P><STRONG><a name="[19b2ba0]"></a>__rt_lib_init_getenv_1</STRONG> (Thumb, 0 bytes, Stack size unknown bytes, libinit2.o(.ARM.Collect$$libinit$$0000001F))

<P><STRONG><a name="[19b2e70]"></a>__rt_lib_init_lc_numeric_1</STRONG> (Thumb, 0 bytes, Stack size unknown bytes, libinit2.o(.ARM.Collect$$libinit$$00000013))

<P><STRONG><a name="[19b2df8]"></a>__rt_lib_init_lc_time_1</STRONG> (Thumb, 0 bytes, Stack size unknown bytes, libinit2.o(.ARM.Collect$$libinit$$00000015))

<P><STRONG><a name="[19b2d08]"></a>__rt_lib_init_signal_1</STRONG> (Thumb, 0 bytes, Stack size unknown bytes, libinit2.o(.ARM.Collect$$libinit$$00000019))

<P><STRONG><a name="[19b2b28]"></a>__rt_lib_init_stdio_1</STRONG> (Thumb, 0 bytes, Stack size unknown bytes, libinit2.o(.ARM.Collect$$libinit$$00000021))

<P><STRONG><a name="[19b2858]"></a>__rt_lib_init_cpp_1</STRONG> (Thumb, 0 bytes, Stack size unknown bytes, libinit2.o(.ARM.Collect$$libinit$$0000002E))

<P><STRONG><a name="[19b281c]"></a>__rt_lib_init_return</STRONG> (Thumb, 0 bytes, Stack size unknown bytes, libinit2.o(.ARM.Collect$$libinit$$0000002F))

<P><STRONG><a name="[19a8268]"></a>__rt_lib_shutdown</STRONG> (Thumb, 0 bytes, Stack size unknown bytes, libshutdown.o(.ARM.Collect$$libshutdown$$00000000))
<BR><BR>[Called By]<UL><LI><a href="#[19a9438]">&gt;&gt;</a>&nbsp;&nbsp;&nbsp;__rt_exit_ls
<LI><a href="#[19ac264]">&gt;&gt;</a>&nbsp;&nbsp;&nbsp;abort
</UL>

<P><STRONG><a name="[19b209c]"></a>__rt_lib_shutdown_cpp_1</STRONG> (Thumb, 0 bytes, Stack size unknown bytes, libshutdown2.o(.ARM.Collect$$libshutdown$$00000001))
<BR><BR>[Stack]<UL><LI>Max Depth = 40 + Unknown Stack Size
<LI>Call Chain = __rt_lib_shutdown_cpp_1 &rArr; __cxa_finalize &rArr; free
</UL>
<BR>[Calls]<UL><LI><a href="#[19b12c8]">&gt;&gt;</a>&nbsp;&nbsp;&nbsp;__cxa_finalize
</UL>

<P><STRONG><a name="[19b1f70]"></a>__rt_lib_shutdown_fp_trap_1</STRONG> (Thumb, 0 bytes, Stack size unknown bytes, libshutdown2.o(.ARM.Collect$$libshutdown$$00000006))

<P><STRONG><a name="[19b1d90]"></a>__rt_lib_shutdown_heap_1</STRONG> (Thumb, 0 bytes, Stack size unknown bytes, libshutdown2.o(.ARM.Collect$$libshutdown$$0000000E))

<P><STRONG><a name="[19b1d54]"></a>__rt_lib_shutdown_return</STRONG> (Thumb, 0 bytes, Stack size unknown bytes, libshutdown2.o(.ARM.Collect$$libshutdown$$0000000F))

<P><STRONG><a name="[19b1ebc]"></a>__rt_lib_shutdown_signal_1</STRONG> (Thumb, 0 bytes, Stack size unknown bytes, libshutdown2.o(.ARM.Collect$$libshutdown$$00000009))

<P><STRONG><a name="[19b2024]"></a>__rt_lib_shutdown_stdio_1</STRONG> (Thumb, 0 bytes, Stack size unknown bytes, libshutdown2.o(.ARM.Collect$$libshutdown$$00000003))

<P><STRONG><a name="[19b1e44]"></a>__rt_lib_shutdown_user_alloc_1</STRONG> (Thumb, 0 bytes, Stack size unknown bytes, libshutdown2.o(.ARM.Collect$$libshutdown$$0000000B))

<P><STRONG><a name="[1848358]"></a>__rt_entry</STRONG> (Thumb, 0 bytes, Stack size unknown bytes, rtentry.o(.ARM.Collect$$rtentry$$00000000))
<BR><BR>[Called By]<UL><LI><a href="#[184c660]">&gt;&gt;</a>&nbsp;&nbsp;&nbsp;__main
<LI><a href="#[19a7728]">&gt;&gt;</a>&nbsp;&nbsp;&nbsp;__scatterload_rt2
</UL>

<P><STRONG><a name="[19b04b8]"></a>__rt_entry_presh_1</STRONG> (Thumb, 0 bytes, Stack size unknown bytes, rtentry2.o(.ARM.Collect$$rtentry$$00000002))

<P><STRONG><a name="[19b0134]"></a>__rt_entry_sh</STRONG> (Thumb, 0 bytes, Stack size unknown bytes, rtentry4.o(.ARM.Collect$$rtentry$$00000004))
<BR><BR>[Stack]<UL><LI>Max Depth = 8 + Unknown Stack Size
<LI>Call Chain = __rt_entry_sh &rArr; __user_setup_stackheap
</UL>
<BR>[Calls]<UL><LI><a href="#[19acd2c]">&gt;&gt;</a>&nbsp;&nbsp;&nbsp;__user_setup_stackheap
</UL>

<P><STRONG><a name="[19b0404]"></a>__rt_entry_li</STRONG> (Thumb, 0 bytes, Stack size unknown bytes, rtentry2.o(.ARM.Collect$$rtentry$$0000000A))
<BR><BR>[Stack]<UL><LI>Max Depth = 8 + Unknown Stack Size
<LI>Call Chain = __rt_entry_li &rArr; __rt_lib_init &rArr; _fp_init
</UL>
<BR>[Calls]<UL><LI><a href="#[19ab6e8]">&gt;&gt;</a>&nbsp;&nbsp;&nbsp;__rt_lib_init
</UL>

<P><STRONG><a name="[19b0440]"></a>__rt_entry_postsh_1</STRONG> (Thumb, 0 bytes, Stack size unknown bytes, rtentry2.o(.ARM.Collect$$rtentry$$00000009))

<P><STRONG><a name="[19b0350]"></a>__rt_entry_main</STRONG> (Thumb, 0 bytes, Stack size unknown bytes, rtentry2.o(.ARM.Collect$$rtentry$$0000000D))
<BR><BR>[Stack]<UL><LI>Max Depth = 400 + Unknown Stack Size
<LI>Call Chain = __rt_entry_main &rArr; main &rArr; loop() &rArr; doSerial::print(int) &rArr; __2snprintf &rArr; _printf_char_common &rArr; __printf
</UL>
<BR>[Calls]<UL><LI><a href="#[fbe5c8]">&gt;&gt;</a>&nbsp;&nbsp;&nbsp;main
<LI><a href="#[19ac3cc]">&gt;&gt;</a>&nbsp;&nbsp;&nbsp;exit
</UL>

<P><STRONG><a name="[19b038c]"></a>__rt_entry_postli_1</STRONG> (Thumb, 0 bytes, Stack size unknown bytes, rtentry2.o(.ARM.Collect$$rtentry$$0000000C))

<P><STRONG><a name="[19aa3b0]"></a>__rt_exit</STRONG> (Thumb, 0 bytes, Stack size unknown bytes, rtexit.o(.ARM.Collect$$rtexit$$00000000))
<BR><BR>[Called By]<UL><LI><a href="#[19ac3cc]">&gt;&gt;</a>&nbsp;&nbsp;&nbsp;exit
</UL>

<P><STRONG><a name="[19a9438]"></a>__rt_exit_ls</STRONG> (Thumb, 0 bytes, Stack size unknown bytes, rtexit2.o(.ARM.Collect$$rtexit$$00000003))
<BR><BR>[Calls]<UL><LI><a href="#[19a8268]">&gt;&gt;</a>&nbsp;&nbsp;&nbsp;__rt_lib_shutdown
</UL>

<P><STRONG><a name="[19a9474]"></a>__rt_exit_prels_1</STRONG> (Thumb, 0 bytes, Stack size unknown bytes, rtexit2.o(.ARM.Collect$$rtexit$$00000002))

<P><STRONG><a name="[19a93fc]"></a>__rt_exit_exit</STRONG> (Thumb, 0 bytes, Stack size unknown bytes, rtexit2.o(.ARM.Collect$$rtexit$$00000004))
<BR><BR>[Calls]<UL><LI><a href="#[19aa590]">&gt;&gt;</a>&nbsp;&nbsp;&nbsp;_sys_exit
</UL>

<P><STRONG><a name="[fc3050]"></a>NMIException</STRONG> (Thumb, 2 bytes, Stack size 0 bytes, stm32f10x_it.o(.text))
<BR>[Address Reference Count : 1]<UL><LI> stm32f10x_vector.o(RESET)
</UL>
<P><STRONG><a name="[19aca5c]"></a>_maybe_terminate_alloc</STRONG> (Thumb, 0 bytes, Stack size 0 bytes, maybetermalloc1.o(.emb_text), UNUSED)

<P><STRONG><a name="[fc3014]"></a>HardFaultException</STRONG> (Thumb, 4 bytes, Stack size 0 bytes, stm32f10x_it.o(.text))
<BR>[Address Reference Count : 1]<UL><LI> stm32f10x_vector.o(RESET)
</UL>
<P><STRONG><a name="[fc2fd8]"></a>MemManageException</STRONG> (Thumb, 4 bytes, Stack size 0 bytes, stm32f10x_it.o(.text))
<BR>[Address Reference Count : 1]<UL><LI> stm32f10x_vector.o(RESET)
</UL>
<P><STRONG><a name="[fc2f9c]"></a>BusFaultException</STRONG> (Thumb, 4 bytes, Stack size 0 bytes, stm32f10x_it.o(.text))
<BR>[Address Reference Count : 1]<UL><LI> stm32f10x_vector.o(RESET)
</UL>
<P><STRONG><a name="[fc2f60]"></a>UsageFaultException</STRONG> (Thumb, 4 bytes, Stack size 0 bytes, stm32f10x_it.o(.text))
<BR>[Address Reference Count : 1]<UL><LI> stm32f10x_vector.o(RESET)
</UL>
<P><STRONG><a name="[fc2f24]"></a>DebugMonitor</STRONG> (Thumb, 2 bytes, Stack size 0 bytes, stm32f10x_it.o(.text))
<BR>[Address Reference Count : 1]<UL><LI> stm32f10x_vector.o(RESET)
</UL>
<P><STRONG><a name="[fc2ee8]"></a>SVCHandler</STRONG> (Thumb, 2 bytes, Stack size 0 bytes, stm32f10x_it.o(.text))
<BR>[Address Reference Count : 1]<UL><LI> stm32f10x_vector.o(RESET)
</UL>
<P><STRONG><a name="[fc2eac]"></a>PendSVC</STRONG> (Thumb, 2 bytes, Stack size 0 bytes, stm32f10x_it.o(.text))
<BR>[Address Reference Count : 1]<UL><LI> stm32f10x_vector.o(RESET)
</UL>
<P><STRONG><a name="[fc2e70]"></a>WWDG_IRQHandler</STRONG> (Thumb, 2 bytes, Stack size 0 bytes, stm32f10x_it.o(.text))
<BR>[Address Reference Count : 1]<UL><LI> stm32f10x_vector.o(RESET)
</UL>
<P><STRONG><a name="[fc2e34]"></a>PVD_IRQHandler</STRONG> (Thumb, 2 bytes, Stack size 0 bytes, stm32f10x_it.o(.text))
<BR>[Address Reference Count : 1]<UL><LI> stm32f10x_vector.o(RESET)
</UL>
<P><STRONG><a name="[fc2df8]"></a>TAMPER_IRQHandler</STRONG> (Thumb, 2 bytes, Stack size 0 bytes, stm32f10x_it.o(.text))
<BR>[Address Reference Count : 1]<UL><LI> stm32f10x_vector.o(RESET)
</UL>
<P><STRONG><a name="[fc2dbc]"></a>RTC_IRQHandler</STRONG> (Thumb, 2 bytes, Stack size 0 bytes, stm32f10x_it.o(.text))
<BR>[Address Reference Count : 1]<UL><LI> stm32f10x_vector.o(RESET)
</UL>
<P><STRONG><a name="[fc2d80]"></a>FLASH_IRQHandler</STRONG> (Thumb, 2 bytes, Stack size 0 bytes, stm32f10x_it.o(.text))
<BR>[Address Reference Count : 1]<UL><LI> stm32f10x_vector.o(RESET)
</UL>
<P><STRONG><a name="[fc2d44]"></a>RCC_IRQHandler</STRONG> (Thumb, 2 bytes, Stack size 0 bytes, stm32f10x_it.o(.text))
<BR>[Address Reference Count : 1]<UL><LI> stm32f10x_vector.o(RESET)
</UL>
<P><STRONG><a name="[fc2d08]"></a>DMA1_Channel1_IRQHandler</STRONG> (Thumb, 2 bytes, Stack size 0 bytes, stm32f10x_it.o(.text))
<BR>[Address Reference Count : 1]<UL><LI> stm32f10x_vector.o(RESET)
</UL>
<P><STRONG><a name="[fc2ccc]"></a>DMA1_Channel2_IRQHandler</STRONG> (Thumb, 2 bytes, Stack size 0 bytes, stm32f10x_it.o(.text))
<BR>[Address Reference Count : 1]<UL><LI> stm32f10x_vector.o(RESET)
</UL>
<P><STRONG><a name="[fc2c90]"></a>DMA1_Channel3_IRQHandler</STRONG> (Thumb, 2 bytes, Stack size 0 bytes, stm32f10x_it.o(.text))
<BR>[Address Reference Count : 1]<UL><LI> stm32f10x_vector.o(RESET)
</UL>
<P><STRONG><a name="[fc2c54]"></a>DMA1_Channel4_IRQHandler</STRONG> (Thumb, 2 bytes, Stack size 0 bytes, stm32f10x_it.o(.text))
<BR>[Address Reference Count : 1]<UL><LI> stm32f10x_vector.o(RESET)
</UL>
<P><STRONG><a name="[fc2c18]"></a>DMA1_Channel5_IRQHandler</STRONG> (Thumb, 2 bytes, Stack size 0 bytes, stm32f10x_it.o(.text))
<BR>[Address Reference Count : 1]<UL><LI> stm32f10x_vector.o(RESET)
</UL>
<P><STRONG><a name="[fc2bdc]"></a>DMA1_Channel6_IRQHandler</STRONG> (Thumb, 2 bytes, Stack size 0 bytes, stm32f10x_it.o(.text))
<BR>[Address Reference Count : 1]<UL><LI> stm32f10x_vector.o(RESET)
</UL>
<P><STRONG><a name="[fc2ba0]"></a>DMA1_Channel7_IRQHandler</STRONG> (Thumb, 2 bytes, Stack size 0 bytes, stm32f10x_it.o(.text))
<BR>[Address Reference Count : 1]<UL><LI> stm32f10x_vector.o(RESET)
</UL>
<P><STRONG><a name="[fc2b64]"></a>ADC1_2_IRQHandler</STRONG> (Thumb, 2 bytes, Stack size 0 bytes, stm32f10x_it.o(.text))
<BR>[Address Reference Count : 1]<UL><LI> stm32f10x_vector.o(RESET)
</UL>
<P><STRONG><a name="[fc2b28]"></a>USB_HP_CAN_TX_IRQHandler</STRONG> (Thumb, 2 bytes, Stack size 0 bytes, stm32f10x_it.o(.text))
<BR>[Address Reference Count : 1]<UL><LI> stm32f10x_vector.o(RESET)
</UL>
<P><STRONG><a name="[fc2aec]"></a>USB_LP_CAN_RX0_IRQHandler</STRONG> (Thumb, 2 bytes, Stack size 0 bytes, stm32f10x_it.o(.text))
<BR>[Address Reference Count : 1]<UL><LI> stm32f10x_vector.o(RESET)
</UL>
<P><STRONG><a name="[fc2ab0]"></a>CAN_RX1_IRQHandler</STRONG> (Thumb, 2 bytes, Stack size 0 bytes, stm32f10x_it.o(.text))
<BR>[Address Reference Count : 1]<UL><LI> stm32f10x_vector.o(RESET)
</UL>
<P><STRONG><a name="[fc2a74]"></a>CAN_SCE_IRQHandler</STRONG> (Thumb, 2 bytes, Stack size 0 bytes, stm32f10x_it.o(.text))
<BR>[Address Reference Count : 1]<UL><LI> stm32f10x_vector.o(RESET)
</UL>
<P><STRONG><a name="[fc2a38]"></a>TIM1_BRK_IRQHandler</STRONG> (Thumb, 2 bytes, Stack size 0 bytes, stm32f10x_it.o(.text))
<BR>[Address Reference Count : 1]<UL><LI> stm32f10x_vector.o(RESET)
</UL>
<P><STRONG><a name="[fc29fc]"></a>TIM1_UP_IRQHandler</STRONG> (Thumb, 2 bytes, Stack size 0 bytes, stm32f10x_it.o(.text))
<BR>[Address Reference Count : 1]<UL><LI> stm32f10x_vector.o(RESET)
</UL>
<P><STRONG><a name="[fc29c0]"></a>TIM1_TRG_COM_IRQHandler</STRONG> (Thumb, 2 bytes, Stack size 0 bytes, stm32f10x_it.o(.text))
<BR>[Address Reference Count : 1]<UL><LI> stm32f10x_vector.o(RESET)
</UL>
<P><STRONG><a name="[fc2984]"></a>TIM1_CC_IRQHandler</STRONG> (Thumb, 2 bytes, Stack size 0 bytes, stm32f10x_it.o(.text))
<BR>[Address Reference Count : 1]<UL><LI> stm32f10x_vector.o(RESET)
</UL>
<P><STRONG><a name="[fc2948]"></a>TIM2_IRQHandler</STRONG> (Thumb, 2 bytes, Stack size 0 bytes, stm32f10x_it.o(.text))
<BR>[Address Reference Count : 1]<UL><LI> stm32f10x_vector.o(RESET)
</UL>
<P><STRONG><a name="[fc290c]"></a>TIM3_IRQHandler</STRONG> (Thumb, 2 bytes, Stack size 0 bytes, stm32f10x_it.o(.text))
<BR>[Address Reference Count : 1]<UL><LI> stm32f10x_vector.o(RESET)
</UL>
<P><STRONG><a name="[fc28d0]"></a>TIM4_IRQHandler</STRONG> (Thumb, 2 bytes, Stack size 0 bytes, stm32f10x_it.o(.text))
<BR>[Address Reference Count : 1]<UL><LI> stm32f10x_vector.o(RESET)
</UL>
<P><STRONG><a name="[fc2894]"></a>I2C1_EV_IRQHandler</STRONG> (Thumb, 2 bytes, Stack size 0 bytes, stm32f10x_it.o(.text))
<BR>[Address Reference Count : 1]<UL><LI> stm32f10x_vector.o(RESET)
</UL>
<P><STRONG><a name="[fc2858]"></a>I2C1_ER_IRQHandler</STRONG> (Thumb, 2 bytes, Stack size 0 bytes, stm32f10x_it.o(.text))
<BR>[Address Reference Count : 1]<UL><LI> stm32f10x_vector.o(RESET)
</UL>
<P><STRONG><a name="[fc281c]"></a>I2C2_EV_IRQHandler</STRONG> (Thumb, 2 bytes, Stack size 0 bytes, stm32f10x_it.o(.text))
<BR>[Address Reference Count : 1]<UL><LI> stm32f10x_vector.o(RESET)
</UL>
<P><STRONG><a name="[fc27e0]"></a>I2C2_ER_IRQHandler</STRONG> (Thumb, 2 bytes, Stack size 0 bytes, stm32f10x_it.o(.text))
<BR>[Address Reference Count : 1]<UL><LI> stm32f10x_vector.o(RESET)
</UL>
<P><STRONG><a name="[fc27a4]"></a>SPI1_IRQHandler</STRONG> (Thumb, 2 bytes, Stack size 0 bytes, stm32f10x_it.o(.text))
<BR>[Address Reference Count : 1]<UL><LI> stm32f10x_vector.o(RESET)
</UL>
<P><STRONG><a name="[fc2768]"></a>SPI2_IRQHandler</STRONG> (Thumb, 2 bytes, Stack size 0 bytes, stm32f10x_it.o(.text))
<BR>[Address Reference Count : 1]<UL><LI> stm32f10x_vector.o(RESET)
</UL>
<P><STRONG><a name="[fc272c]"></a>RTCAlarm_IRQHandler</STRONG> (Thumb, 2 bytes, Stack size 0 bytes, stm32f10x_it.o(.text))
<BR>[Address Reference Count : 1]<UL><LI> stm32f10x_vector.o(RESET)
</UL>
<P><STRONG><a name="[fc26f0]"></a>USBWakeUp_IRQHandler</STRONG> (Thumb, 2 bytes, Stack size 0 bytes, stm32f10x_it.o(.text))
<BR>[Address Reference Count : 1]<UL><LI> stm32f10x_vector.o(RESET)
</UL>
<P><STRONG><a name="[fc26b4]"></a>TIM8_BRK_IRQHandler</STRONG> (Thumb, 2 bytes, Stack size 0 bytes, stm32f10x_it.o(.text))
<BR>[Address Reference Count : 1]<UL><LI> stm32f10x_vector.o(RESET)
</UL>
<P><STRONG><a name="[fc2678]"></a>TIM8_UP_IRQHandler</STRONG> (Thumb, 2 bytes, Stack size 0 bytes, stm32f10x_it.o(.text))
<BR>[Address Reference Count : 1]<UL><LI> stm32f10x_vector.o(RESET)
</UL>
<P><STRONG><a name="[fc263c]"></a>TIM8_TRG_COM_IRQHandler</STRONG> (Thumb, 2 bytes, Stack size 0 bytes, stm32f10x_it.o(.text))
<BR>[Address Reference Count : 1]<UL><LI> stm32f10x_vector.o(RESET)
</UL>
<P><STRONG><a name="[fc2600]"></a>TIM8_CC_IRQHandler</STRONG> (Thumb, 2 bytes, Stack size 0 bytes, stm32f10x_it.o(.text))
<BR>[Address Reference Count : 1]<UL><LI> stm32f10x_vector.o(RESET)
</UL>
<P><STRONG><a name="[fc25c4]"></a>ADC3_IRQHandler</STRONG> (Thumb, 2 bytes, Stack size 0 bytes, stm32f10x_it.o(.text))
<BR>[Address Reference Count : 1]<UL><LI> stm32f10x_vector.o(RESET)
</UL>
<P><STRONG><a name="[fc2588]"></a>FSMC_IRQHandler</STRONG> (Thumb, 2 bytes, Stack size 0 bytes, stm32f10x_it.o(.text))
<BR>[Address Reference Count : 1]<UL><LI> stm32f10x_vector.o(RESET)
</UL>
<P><STRONG><a name="[fc254c]"></a>SDIO_IRQHandler</STRONG> (Thumb, 2 bytes, Stack size 0 bytes, stm32f10x_it.o(.text))
<BR>[Address Reference Count : 1]<UL><LI> stm32f10x_vector.o(RESET)
</UL>
<P><STRONG><a name="[fc2510]"></a>TIM5_IRQHandler</STRONG> (Thumb, 2 bytes, Stack size 0 bytes, stm32f10x_it.o(.text))
<BR>[Address Reference Count : 1]<UL><LI> stm32f10x_vector.o(RESET)
</UL>
<P><STRONG><a name="[fc24d4]"></a>SPI3_IRQHandler</STRONG> (Thumb, 2 bytes, Stack size 0 bytes, stm32f10x_it.o(.text))
<BR>[Address Reference Count : 1]<UL><LI> stm32f10x_vector.o(RESET)
</UL>
<P><STRONG><a name="[fc2498]"></a>TIM6_IRQHandler</STRONG> (Thumb, 2 bytes, Stack size 0 bytes, stm32f10x_it.o(.text))
<BR>[Address Reference Count : 1]<UL><LI> stm32f10x_vector.o(RESET)
</UL>
<P><STRONG><a name="[fc245c]"></a>TIM7_IRQHandler</STRONG> (Thumb, 2 bytes, Stack size 0 bytes, stm32f10x_it.o(.text))
<BR>[Address Reference Count : 1]<UL><LI> stm32f10x_vector.o(RESET)
</UL>
<P><STRONG><a name="[fc2420]"></a>DMA2_Channel1_IRQHandler</STRONG> (Thumb, 2 bytes, Stack size 0 bytes, stm32f10x_it.o(.text))
<BR>[Address Reference Count : 1]<UL><LI> stm32f10x_vector.o(RESET)
</UL>
<P><STRONG><a name="[fc23e4]"></a>DMA2_Channel2_IRQHandler</STRONG> (Thumb, 2 bytes, Stack size 0 bytes, stm32f10x_it.o(.text))
<BR>[Address Reference Count : 1]<UL><LI> stm32f10x_vector.o(RESET)
</UL>
<P><STRONG><a name="[fc23a8]"></a>DMA2_Channel3_IRQHandler</STRONG> (Thumb, 2 bytes, Stack size 0 bytes, stm32f10x_it.o(.text))
<BR>[Address Reference Count : 1]<UL><LI> stm32f10x_vector.o(RESET)
</UL>
<P><STRONG><a name="[fc236c]"></a>DMA2_Channel4_5_IRQHandler</STRONG> (Thumb, 2 bytes, Stack size 0 bytes, stm32f10x_it.o(.text))
<BR>[Address Reference Count : 1]<UL><LI> stm32f10x_vector.o(RESET)
</UL>
<P><STRONG><a name="[fc2330]"></a>SysTickHandler</STRONG> (Thumb, 8 bytes, Stack size 8 bytes, stm32f10x_it.o(.text))
<BR><BR>[Stack]<UL><LI>Max Depth = 8<LI>Call Chain = SysTickHandler
</UL>
<BR>[Calls]<UL><LI><a href="#[fc1fe8]">&gt;&gt;</a>&nbsp;&nbsp;&nbsp;SysTick_IRQ_Function
</UL>
<BR>[Address Reference Count : 1]<UL><LI> stm32f10x_vector.o(RESET)
</UL>
<P><STRONG><a name="[fc22f4]"></a>USART1_IRQHandler</STRONG> (Thumb, 8 bytes, Stack size 8 bytes, stm32f10x_it.o(.text))
<BR><BR>[Stack]<UL><LI>Max Depth = 56<LI>Call Chain = USART1_IRQHandler &rArr; USART1_IRQ_Function &rArr; UxARTx_IRQ_Function(USART_TypeDef*, doSerial*) &rArr; RoundRobinData&lang;char&rang;::Put(char) &rArr; RoundRobinData&lang;char&rang;::Next(char*)
</UL>
<BR>[Calls]<UL><LI><a href="#[fc1f34]">&gt;&gt;</a>&nbsp;&nbsp;&nbsp;USART1_IRQ_Function
</UL>
<BR>[Address Reference Count : 1]<UL><LI> stm32f10x_vector.o(RESET)
</UL>
<P><STRONG><a name="[fc22b8]"></a>USART2_IRQHandler</STRONG> (Thumb, 8 bytes, Stack size 8 bytes, stm32f10x_it.o(.text))
<BR><BR>[Stack]<UL><LI>Max Depth = 56<LI>Call Chain = USART2_IRQHandler &rArr; USART2_IRQ_Function &rArr; UxARTx_IRQ_Function(USART_TypeDef*, doSerial*) &rArr; RoundRobinData&lang;char&rang;::Put(char) &rArr; RoundRobinData&lang;char&rang;::Next(char*)
</UL>
<BR>[Calls]<UL><LI><a href="#[fc1ef8]">&gt;&gt;</a>&nbsp;&nbsp;&nbsp;USART2_IRQ_Function
</UL>
<BR>[Address Reference Count : 1]<UL><LI> stm32f10x_vector.o(RESET)
</UL>
<P><STRONG><a name="[fc227c]"></a>USART3_IRQHandler</STRONG> (Thumb, 8 bytes, Stack size 8 bytes, stm32f10x_it.o(.text))
<BR><BR>[Stack]<UL><LI>Max Depth = 56<LI>Call Chain = USART3_IRQHandler &rArr; USART3_IRQ_Function &rArr; UxARTx_IRQ_Function(USART_TypeDef*, doSerial*) &rArr; RoundRobinData&lang;char&rang;::Put(char) &rArr; RoundRobinData&lang;char&rang;::Next(char*)
</UL>
<BR>[Calls]<UL><LI><a href="#[fc1ebc]">&gt;&gt;</a>&nbsp;&nbsp;&nbsp;USART3_IRQ_Function
</UL>
<BR>[Address Reference Count : 1]<UL><LI> stm32f10x_vector.o(RESET)
</UL>
<P><STRONG><a name="[fc2240]"></a>UART4_IRQHandler</STRONG> (Thumb, 8 bytes, Stack size 8 bytes, stm32f10x_it.o(.text))
<BR><BR>[Stack]<UL><LI>Max Depth = 56<LI>Call Chain = UART4_IRQHandler &rArr; UART4_IRQ_Function &rArr; UxARTx_IRQ_Function(USART_TypeDef*, doSerial*) &rArr; RoundRobinData&lang;char&rang;::Put(char) &rArr; RoundRobinData&lang;char&rang;::Next(char*)
</UL>
<BR>[Calls]<UL><LI><a href="#[fc1fac]">&gt;&gt;</a>&nbsp;&nbsp;&nbsp;UART4_IRQ_Function
</UL>
<BR>[Address Reference Count : 1]<UL><LI> stm32f10x_vector.o(RESET)
</UL>
<P><STRONG><a name="[fc2204]"></a>UART5_IRQHandler</STRONG> (Thumb, 8 bytes, Stack size 8 bytes, stm32f10x_it.o(.text))
<BR><BR>[Stack]<UL><LI>Max Depth = 56<LI>Call Chain = UART5_IRQHandler &rArr; UART5_IRQ_Function &rArr; UxARTx_IRQ_Function(USART_TypeDef*, doSerial*) &rArr; RoundRobinData&lang;char&rang;::Put(char) &rArr; RoundRobinData&lang;char&rang;::Next(char*)
</UL>
<BR>[Calls]<UL><LI><a href="#[fc1f70]">&gt;&gt;</a>&nbsp;&nbsp;&nbsp;UART5_IRQ_Function
</UL>
<BR>[Address Reference Count : 1]<UL><LI> stm32f10x_vector.o(RESET)
</UL>
<P><STRONG><a name="[fc21c8]"></a>EXTI0_IRQHandler</STRONG> (Thumb, 8 bytes, Stack size 8 bytes, stm32f10x_it.o(.text))
<BR><BR>[Stack]<UL><LI>Max Depth = 16<LI>Call Chain = EXTI0_IRQHandler &rArr; EXTI_ALL_IRQ_Function
</UL>
<BR>[Calls]<UL><LI><a href="#[fc2024]">&gt;&gt;</a>&nbsp;&nbsp;&nbsp;EXTI_ALL_IRQ_Function
</UL>
<BR>[Address Reference Count : 1]<UL><LI> stm32f10x_vector.o(RESET)
</UL>
<P><STRONG><a name="[fc218c]"></a>EXTI1_IRQHandler</STRONG> (Thumb, 8 bytes, Stack size 8 bytes, stm32f10x_it.o(.text))
<BR><BR>[Stack]<UL><LI>Max Depth = 16<LI>Call Chain = EXTI1_IRQHandler &rArr; EXTI_ALL_IRQ_Function
</UL>
<BR>[Calls]<UL><LI><a href="#[fc2024]">&gt;&gt;</a>&nbsp;&nbsp;&nbsp;EXTI_ALL_IRQ_Function
</UL>
<BR>[Address Reference Count : 1]<UL><LI> stm32f10x_vector.o(RESET)
</UL>
<P><STRONG><a name="[fc2150]"></a>EXTI2_IRQHandler</STRONG> (Thumb, 8 bytes, Stack size 8 bytes, stm32f10x_it.o(.text))
<BR><BR>[Stack]<UL><LI>Max Depth = 16<LI>Call Chain = EXTI2_IRQHandler &rArr; EXTI_ALL_IRQ_Function
</UL>
<BR>[Calls]<UL><LI><a href="#[fc2024]">&gt;&gt;</a>&nbsp;&nbsp;&nbsp;EXTI_ALL_IRQ_Function
</UL>
<BR>[Address Reference Count : 1]<UL><LI> stm32f10x_vector.o(RESET)
</UL>
<P><STRONG><a name="[fc2114]"></a>EXTI3_IRQHandler</STRONG> (Thumb, 8 bytes, Stack size 8 bytes, stm32f10x_it.o(.text))
<BR><BR>[Stack]<UL><LI>Max Depth = 16<LI>Call Chain = EXTI3_IRQHandler &rArr; EXTI_ALL_IRQ_Function
</UL>
<BR>[Calls]<UL><LI><a href="#[fc2024]">&gt;&gt;</a>&nbsp;&nbsp;&nbsp;EXTI_ALL_IRQ_Function
</UL>
<BR>[Address Reference Count : 1]<UL><LI> stm32f10x_vector.o(RESET)
</UL>
<P><STRONG><a name="[fc20d8]"></a>EXTI4_IRQHandler</STRONG> (Thumb, 8 bytes, Stack size 8 bytes, stm32f10x_it.o(.text))
<BR><BR>[Stack]<UL><LI>Max Depth = 16<LI>Call Chain = EXTI4_IRQHandler &rArr; EXTI_ALL_IRQ_Function
</UL>
<BR>[Calls]<UL><LI><a href="#[fc2024]">&gt;&gt;</a>&nbsp;&nbsp;&nbsp;EXTI_ALL_IRQ_Function
</UL>
<BR>[Address Reference Count : 1]<UL><LI> stm32f10x_vector.o(RESET)
</UL>
<P><STRONG><a name="[fc209c]"></a>EXTI9_5_IRQHandler</STRONG> (Thumb, 8 bytes, Stack size 8 bytes, stm32f10x_it.o(.text))
<BR><BR>[Stack]<UL><LI>Max Depth = 16<LI>Call Chain = EXTI9_5_IRQHandler &rArr; EXTI_ALL_IRQ_Function
</UL>
<BR>[Calls]<UL><LI><a href="#[fc2024]">&gt;&gt;</a>&nbsp;&nbsp;&nbsp;EXTI_ALL_IRQ_Function
</UL>
<BR>[Address Reference Count : 1]<UL><LI> stm32f10x_vector.o(RESET)
</UL>
<P><STRONG><a name="[fc2060]"></a>EXTI15_10_IRQHandler</STRONG> (Thumb, 8 bytes, Stack size 8 bytes, stm32f10x_it.o(.text))
<BR><BR>[Stack]<UL><LI>Max Depth = 16<LI>Call Chain = EXTI15_10_IRQHandler &rArr; EXTI_ALL_IRQ_Function
</UL>
<BR>[Calls]<UL><LI><a href="#[fc2024]">&gt;&gt;</a>&nbsp;&nbsp;&nbsp;EXTI_ALL_IRQ_Function
</UL>
<BR>[Address Reference Count : 1]<UL><LI> stm32f10x_vector.o(RESET)
</UL>
<P><STRONG><a name="[fc1fe8]"></a>SysTick_IRQ_Function</STRONG> (Thumb, 22 bytes, Stack size 0 bytes, main.o(.text))
<BR><BR>[Called By]<UL><LI><a href="#[fc2330]">&gt;&gt;</a>&nbsp;&nbsp;&nbsp;SysTickHandler
</UL>

<P><STRONG><a name="[fc1f34]"></a>USART1_IRQ_Function</STRONG> (Thumb, 12 bytes, Stack size 8 bytes, main.o(.text))
<BR><BR>[Stack]<UL><LI>Max Depth = 48<LI>Call Chain = USART1_IRQ_Function &rArr; UxARTx_IRQ_Function(USART_TypeDef*, doSerial*) &rArr; RoundRobinData&lang;char&rang;::Put(char) &rArr; RoundRobinData&lang;char&rang;::Next(char*)
</UL>
<BR>[Calls]<UL><LI><a href="#[fbe58c]">&gt;&gt;</a>&nbsp;&nbsp;&nbsp;UxARTx_IRQ_Function(USART_TypeDef*, doSerial*)
</UL>
<BR>[Called By]<UL><LI><a href="#[fc22f4]">&gt;&gt;</a>&nbsp;&nbsp;&nbsp;USART1_IRQHandler
</UL>

<P><STRONG><a name="[fc1ef8]"></a>USART2_IRQ_Function</STRONG> (Thumb, 12 bytes, Stack size 8 bytes, main.o(.text))
<BR><BR>[Stack]<UL><LI>Max Depth = 48<LI>Call Chain = USART2_IRQ_Function &rArr; UxARTx_IRQ_Function(USART_TypeDef*, doSerial*) &rArr; RoundRobinData&lang;char&rang;::Put(char) &rArr; RoundRobinData&lang;char&rang;::Next(char*)
</UL>
<BR>[Calls]<UL><LI><a href="#[fbe58c]">&gt;&gt;</a>&nbsp;&nbsp;&nbsp;UxARTx_IRQ_Function(USART_TypeDef*, doSerial*)
</UL>
<BR>[Called By]<UL><LI><a href="#[fc22b8]">&gt;&gt;</a>&nbsp;&nbsp;&nbsp;USART2_IRQHandler
</UL>

<P><STRONG><a name="[fc1ebc]"></a>USART3_IRQ_Function</STRONG> (Thumb, 12 bytes, Stack size 8 bytes, main.o(.text))
<BR><BR>[Stack]<UL><LI>Max Depth = 48<LI>Call Chain = USART3_IRQ_Function &rArr; UxARTx_IRQ_Function(USART_TypeDef*, doSerial*) &rArr; RoundRobinData&lang;char&rang;::Put(char) &rArr; RoundRobinData&lang;char&rang;::Next(char*)
</UL>
<BR>[Calls]<UL><LI><a href="#[fbe58c]">&gt;&gt;</a>&nbsp;&nbsp;&nbsp;UxARTx_IRQ_Function(USART_TypeDef*, doSerial*)
</UL>
<BR>[Called By]<UL><LI><a href="#[fc227c]">&gt;&gt;</a>&nbsp;&nbsp;&nbsp;USART3_IRQHandler
</UL>

<P><STRONG><a name="[fc1fac]"></a>UART4_IRQ_Function</STRONG> (Thumb, 12 bytes, Stack size 8 bytes, main.o(.text))
<BR><BR>[Stack]<UL><LI>Max Depth = 48<LI>Call Chain = UART4_IRQ_Function &rArr; UxARTx_IRQ_Function(USART_TypeDef*, doSerial*) &rArr; RoundRobinData&lang;char&rang;::Put(char) &rArr; RoundRobinData&lang;char&rang;::Next(char*)
</UL>
<BR>[Calls]<UL><LI><a href="#[fbe58c]">&gt;&gt;</a>&nbsp;&nbsp;&nbsp;UxARTx_IRQ_Function(USART_TypeDef*, doSerial*)
</UL>
<BR>[Called By]<UL><LI><a href="#[fc2240]">&gt;&gt;</a>&nbsp;&nbsp;&nbsp;UART4_IRQHandler
</UL>

<P><STRONG><a name="[fc1f70]"></a>UART5_IRQ_Function</STRONG> (Thumb, 12 bytes, Stack size 8 bytes, main.o(.text))
<BR><BR>[Stack]<UL><LI>Max Depth = 48<LI>Call Chain = UART5_IRQ_Function &rArr; UxARTx_IRQ_Function(USART_TypeDef*, doSerial*) &rArr; RoundRobinData&lang;char&rang;::Put(char) &rArr; RoundRobinData&lang;char&rang;::Next(char*)
</UL>
<BR>[Calls]<UL><LI><a href="#[fbe58c]">&gt;&gt;</a>&nbsp;&nbsp;&nbsp;UxARTx_IRQ_Function(USART_TypeDef*, doSerial*)
</UL>
<BR>[Called By]<UL><LI><a href="#[fc2204]">&gt;&gt;</a>&nbsp;&nbsp;&nbsp;UART5_IRQHandler
</UL>

<P><STRONG><a name="[fc2024]"></a>EXTI_ALL_IRQ_Function</STRONG> (Thumb, 44 bytes, Stack size 8 bytes, main.o(.text))
<BR><BR>[Stack]<UL><LI>Max Depth = 8<LI>Call Chain = EXTI_ALL_IRQ_Function
</UL>
<BR>[Calls]<UL><LI><a href="#[fbe3e8]">&gt;&gt;</a>&nbsp;&nbsp;&nbsp;EXTI_GetITStatus
<LI><a href="#[fbe424]">&gt;&gt;</a>&nbsp;&nbsp;&nbsp;EXTI_ClearITPendingBit
</UL>
<BR>[Called By]<UL><LI><a href="#[fc2060]">&gt;&gt;</a>&nbsp;&nbsp;&nbsp;EXTI15_10_IRQHandler
<LI><a href="#[fc209c]">&gt;&gt;</a>&nbsp;&nbsp;&nbsp;EXTI9_5_IRQHandler
<LI><a href="#[fc20d8]">&gt;&gt;</a>&nbsp;&nbsp;&nbsp;EXTI4_IRQHandler
<LI><a href="#[fc2114]">&gt;&gt;</a>&nbsp;&nbsp;&nbsp;EXTI3_IRQHandler
<LI><a href="#[fc2150]">&gt;&gt;</a>&nbsp;&nbsp;&nbsp;EXTI2_IRQHandler
<LI><a href="#[fc218c]">&gt;&gt;</a>&nbsp;&nbsp;&nbsp;EXTI1_IRQHandler
<LI><a href="#[fc21c8]">&gt;&gt;</a>&nbsp;&nbsp;&nbsp;EXTI0_IRQHandler
</UL>

<P><STRONG><a name="[fbe640]"></a>loop()</STRONG> (Thumb, 86 bytes, Stack size 16 bytes, main.o(.text))
<BR><BR>[Stack]<UL><LI>Max Depth = 392 + Unknown Stack Size
<LI>Call Chain = loop() &rArr; doSerial::print(int) &rArr; __2snprintf &rArr; _printf_char_common &rArr; __printf
</UL>
<BR>[Calls]<UL><LI><a href="#[fbe064]">&gt;&gt;</a>&nbsp;&nbsp;&nbsp;doSerial::print(int)
<LI><a href="#[fbe0a0]">&gt;&gt;</a>&nbsp;&nbsp;&nbsp;doSerial::print(const char*)
<LI><a href="#[fbe154]">&gt;&gt;</a>&nbsp;&nbsp;&nbsp;APM_RC_Class::OutputCh(unsigned char, unsigned short)
<LI><a href="#[fbe190]">&gt;&gt;</a>&nbsp;&nbsp;&nbsp;APM_RC_Class::GetState()
<LI><a href="#[fbe1cc]">&gt;&gt;</a>&nbsp;&nbsp;&nbsp;APM_RC_Class::InputCh(unsigned char)
</UL>
<BR>[Called By]<UL><LI><a href="#[fbe5c8]">&gt;&gt;</a>&nbsp;&nbsp;&nbsp;main
</UL>

<P><STRONG><a name="[fbe604]"></a>setup()</STRONG> (Thumb, 40 bytes, Stack size 8 bytes, main.o(.text))
<BR><BR>[Stack]<UL><LI>Max Depth = 204<LI>Call Chain = setup() &rArr; doSerial::begin(const unsigned long&) &rArr; defineName::getUxART(unsigned char)
</UL>
<BR>[Calls]<UL><LI><a href="#[fbe0a0]">&gt;&gt;</a>&nbsp;&nbsp;&nbsp;doSerial::print(const char*)
<LI><a href="#[fbe0dc]">&gt;&gt;</a>&nbsp;&nbsp;&nbsp;doSerial::begin(const unsigned long&)
<LI><a href="#[fbe118]">&gt;&gt;</a>&nbsp;&nbsp;&nbsp;compatArduino::delay(unsigned long)
<LI><a href="#[fbe208]">&gt;&gt;</a>&nbsp;&nbsp;&nbsp;APM_RC_Class::Init()
</UL>
<BR>[Called By]<UL><LI><a href="#[fbe5c8]">&gt;&gt;</a>&nbsp;&nbsp;&nbsp;main
</UL>

<P><STRONG><a name="[fbe5c8]"></a>main</STRONG> (Thumb, 18 bytes, Stack size 8 bytes, main.o(.text))
<BR><BR>[Stack]<UL><LI>Max Depth = 400 + Unknown Stack Size
<LI>Call Chain = main &rArr; loop() &rArr; doSerial::print(int) &rArr; __2snprintf &rArr; _printf_char_common &rArr; __printf
</UL>
<BR>[Calls]<UL><LI><a href="#[fbe244]">&gt;&gt;</a>&nbsp;&nbsp;&nbsp;doInit()
<LI><a href="#[fbe604]">&gt;&gt;</a>&nbsp;&nbsp;&nbsp;setup()
<LI><a href="#[fbe640]">&gt;&gt;</a>&nbsp;&nbsp;&nbsp;loop()
</UL>
<BR>[Called By]<UL><LI><a href="#[19b0350]">&gt;&gt;</a>&nbsp;&nbsp;&nbsp;__rt_entry_main
</UL>

<P><STRONG><a name="[fbdce0]"></a>ADC_DeInit</STRONG> (Thumb, 90 bytes, Stack size 8 bytes, stm32f10x_adc.o(.text))
<BR><BR>[Stack]<UL><LI>Max Depth = 8<LI>Call Chain = ADC_DeInit
</UL>
<BR>[Calls]<UL><LI><a href="#[fbd470]">&gt;&gt;</a>&nbsp;&nbsp;&nbsp;RCC_APB2PeriphResetCmd
</UL>
<BR>[Called By]<UL><LI><a href="#[17a2ce0]">&gt;&gt;</a>&nbsp;&nbsp;&nbsp;doADC::Setup(ADC_TypeDef*)
</UL>

<P><STRONG><a name="[fbdca4]"></a>ADC_Init</STRONG> (Thumb, 68 bytes, Stack size 12 bytes, stm32f10x_adc.o(.text))
<BR><BR>[Stack]<UL><LI>Max Depth = 12<LI>Call Chain = ADC_Init
</UL>
<BR>[Called By]<UL><LI><a href="#[17a2ce0]">&gt;&gt;</a>&nbsp;&nbsp;&nbsp;doADC::Setup(ADC_TypeDef*)
</UL>

<P><STRONG><a name="[fbdc68]"></a>ADC_StructInit</STRONG> (Thumb, 18 bytes, Stack size 0 bytes, stm32f10x_adc.o(.text), UNUSED)

<P><STRONG><a name="[fbdc2c]"></a>ADC_Cmd</STRONG> (Thumb, 22 bytes, Stack size 0 bytes, stm32f10x_adc.o(.text))
<BR><BR>[Called By]<UL><LI><a href="#[17a2ce0]">&gt;&gt;</a>&nbsp;&nbsp;&nbsp;doADC::Setup(ADC_TypeDef*)
</UL>

<P><STRONG><a name="[fbdbf0]"></a>ADC_DMACmd</STRONG> (Thumb, 22 bytes, Stack size 0 bytes, stm32f10x_adc.o(.text), UNUSED)

<P><STRONG><a name="[fbdbb4]"></a>ADC_ITConfig</STRONG> (Thumb, 24 bytes, Stack size 8 bytes, stm32f10x_adc.o(.text), UNUSED)

<P><STRONG><a name="[fbdb78]"></a>ADC_ResetCalibration</STRONG> (Thumb, 10 bytes, Stack size 0 bytes, stm32f10x_adc.o(.text))
<BR><BR>[Called By]<UL><LI><a href="#[17a2ce0]">&gt;&gt;</a>&nbsp;&nbsp;&nbsp;doADC::Setup(ADC_TypeDef*)
</UL>

<P><STRONG><a name="[fbdb3c]"></a>ADC_GetResetCalibrationStatus</STRONG> (Thumb, 20 bytes, Stack size 0 bytes, stm32f10x_adc.o(.text))
<BR><BR>[Called By]<UL><LI><a href="#[17a2ce0]">&gt;&gt;</a>&nbsp;&nbsp;&nbsp;doADC::Setup(ADC_TypeDef*)
</UL>

<P><STRONG><a name="[fbdb00]"></a>ADC_StartCalibration</STRONG> (Thumb, 10 bytes, Stack size 0 bytes, stm32f10x_adc.o(.text))
<BR><BR>[Called By]<UL><LI><a href="#[17a2ce0]">&gt;&gt;</a>&nbsp;&nbsp;&nbsp;doADC::Setup(ADC_TypeDef*)
</UL>

<P><STRONG><a name="[fbdac4]"></a>ADC_GetCalibrationStatus</STRONG> (Thumb, 20 bytes, Stack size 0 bytes, stm32f10x_adc.o(.text))
<BR><BR>[Called By]<UL><LI><a href="#[17a2ce0]">&gt;&gt;</a>&nbsp;&nbsp;&nbsp;doADC::Setup(ADC_TypeDef*)
</UL>

<P><STRONG><a name="[fbda88]"></a>ADC_SoftwareStartConvCmd</STRONG> (Thumb, 22 bytes, Stack size 0 bytes, stm32f10x_adc.o(.text), UNUSED)
<BR><BR>[Called By]<UL><LI><a href="#[17a2c68]">&gt;&gt;</a>&nbsp;&nbsp;&nbsp;doADC::Read(unsigned char)
</UL>

<P><STRONG><a name="[fbda4c]"></a>ADC_GetSoftwareStartConvStatus</STRONG> (Thumb, 20 bytes, Stack size 0 bytes, stm32f10x_adc.o(.text), UNUSED)

<P><STRONG><a name="[fbda10]"></a>ADC_DiscModeChannelCountConfig</STRONG> (Thumb, 22 bytes, Stack size 8 bytes, stm32f10x_adc.o(.text), UNUSED)

<P><STRONG><a name="[fbd9d4]"></a>ADC_DiscModeCmd</STRONG> (Thumb, 22 bytes, Stack size 0 bytes, stm32f10x_adc.o(.text), UNUSED)

<P><STRONG><a name="[fbd998]"></a>ADC_RegularChannelConfig</STRONG> (Thumb, 180 bytes, Stack size 20 bytes, stm32f10x_adc.o(.text), UNUSED)
<BR><BR>[Called By]<UL><LI><a href="#[17a2c68]">&gt;&gt;</a>&nbsp;&nbsp;&nbsp;doADC::Read(unsigned char)
</UL>

<P><STRONG><a name="[fbd95c]"></a>ADC_ExternalTrigConvCmd</STRONG> (Thumb, 22 bytes, Stack size 0 bytes, stm32f10x_adc.o(.text), UNUSED)

<P><STRONG><a name="[fbd920]"></a>ADC_GetConversionValue</STRONG> (Thumb, 8 bytes, Stack size 0 bytes, stm32f10x_adc.o(.text), UNUSED)
<BR><BR>[Called By]<UL><LI><a href="#[17a2c68]">&gt;&gt;</a>&nbsp;&nbsp;&nbsp;doADC::Read(unsigned char)
</UL>

<P><STRONG><a name="[fbd8e4]"></a>ADC_GetDualModeConversionValue</STRONG> (Thumb, 6 bytes, Stack size 0 bytes, stm32f10x_adc.o(.text), UNUSED)

<P><STRONG><a name="[fbd8a8]"></a>ADC_AutoInjectedConvCmd</STRONG> (Thumb, 22 bytes, Stack size 0 bytes, stm32f10x_adc.o(.text), UNUSED)

<P><STRONG><a name="[fbd86c]"></a>ADC_InjectedDiscModeCmd</STRONG> (Thumb, 22 bytes, Stack size 0 bytes, stm32f10x_adc.o(.text), UNUSED)

<P><STRONG><a name="[fbd830]"></a>ADC_ExternalTrigInjectedConvConfig</STRONG> (Thumb, 14 bytes, Stack size 0 bytes, stm32f10x_adc.o(.text), UNUSED)

<P><STRONG><a name="[fbd7f4]"></a>ADC_ExternalTrigInjectedConvCmd</STRONG> (Thumb, 22 bytes, Stack size 0 bytes, stm32f10x_adc.o(.text), UNUSED)

<P><STRONG><a name="[fbd7b8]"></a>ADC_SoftwareStartInjectedConvCmd</STRONG> (Thumb, 22 bytes, Stack size 0 bytes, stm32f10x_adc.o(.text), UNUSED)

<P><STRONG><a name="[fbd77c]"></a>ADC_GetSoftwareStartInjectedConvCmdStatus</STRONG> (Thumb, 20 bytes, Stack size 0 bytes, stm32f10x_adc.o(.text), UNUSED)

<P><STRONG><a name="[fbd740]"></a>ADC_InjectedChannelConfig</STRONG> (Thumb, 126 bytes, Stack size 20 bytes, stm32f10x_adc.o(.text), UNUSED)

<P><STRONG><a name="[fbd704]"></a>ADC_InjectedSequencerLengthConfig</STRONG> (Thumb, 22 bytes, Stack size 8 bytes, stm32f10x_adc.o(.text), UNUSED)

<P><STRONG><a name="[fbd6c8]"></a>ADC_SetInjectedOffset</STRONG> (Thumb, 4 bytes, Stack size 0 bytes, stm32f10x_adc.o(.text), UNUSED)

<P><STRONG><a name="[fbd68c]"></a>ADC_GetInjectedConversionValue</STRONG> (Thumb, 10 bytes, Stack size 0 bytes, stm32f10x_adc.o(.text), UNUSED)

<P><STRONG><a name="[fbd650]"></a>ADC_AnalogWatchdogCmd</STRONG> (Thumb, 14 bytes, Stack size 0 bytes, stm32f10x_adc.o(.text), UNUSED)

<P><STRONG><a name="[fbd614]"></a>ADC_AnalogWatchdogThresholdsConfig</STRONG> (Thumb, 6 bytes, Stack size 0 bytes, stm32f10x_adc.o(.text), UNUSED)

<P><STRONG><a name="[fbd5d8]"></a>ADC_AnalogWatchdogSingleChannelConfig</STRONG> (Thumb, 14 bytes, Stack size 0 bytes, stm32f10x_adc.o(.text), UNUSED)

<P><STRONG><a name="[fbd59c]"></a>ADC_TempSensorVrefintCmd</STRONG> (Thumb, 34 bytes, Stack size 0 bytes, stm32f10x_adc.o(.text))
<BR><BR>[Called By]<UL><LI><a href="#[17a2ca4]">&gt;&gt;</a>&nbsp;&nbsp;&nbsp;doADC::StartTemperatureSensor()
</UL>

<P><STRONG><a name="[fbd560]"></a>ADC_GetFlagStatus</STRONG> (Thumb, 18 bytes, Stack size 0 bytes, stm32f10x_adc.o(.text), UNUSED)
<BR><BR>[Called By]<UL><LI><a href="#[17a2c68]">&gt;&gt;</a>&nbsp;&nbsp;&nbsp;doADC::Read(unsigned char)
</UL>

<P><STRONG><a name="[fbd524]"></a>ADC_ClearFlag</STRONG> (Thumb, 6 bytes, Stack size 0 bytes, stm32f10x_adc.o(.text), UNUSED)

<P><STRONG><a name="[fbd4e8]"></a>ADC_GetITStatus</STRONG> (Thumb, 66 bytes, Stack size 16 bytes, stm32f10x_adc.o(.text), UNUSED)

<P><STRONG><a name="[fbd4ac]"></a>ADC_ClearITPendingBit</STRONG> (Thumb, 10 bytes, Stack size 0 bytes, stm32f10x_adc.o(.text), UNUSED)

<P><STRONG><a name="[fbbc4c]"></a>DAC_DeInit</STRONG> (Thumb, 22 bytes, Stack size 8 bytes, stm32f10x_dac.o(.text))
<BR><BR>[Stack]<UL><LI>Max Depth = 8<LI>Call Chain = DAC_DeInit
</UL>
<BR>[Calls]<UL><LI><a href="#[fbc660]">&gt;&gt;</a>&nbsp;&nbsp;&nbsp;RCC_APB1PeriphResetCmd
</UL>
<BR>[Called By]<UL><LI><a href="#[fbe244]">&gt;&gt;</a>&nbsp;&nbsp;&nbsp;doInit()
</UL>

<P><STRONG><a name="[fbbc10]"></a>DAC_Init</STRONG> (Thumb, 58 bytes, Stack size 12 bytes, stm32f10x_dac.o(.text))
<BR><BR>[Stack]<UL><LI>Max Depth = 12<LI>Call Chain = DAC_Init
</UL>
<BR>[Called By]<UL><LI><a href="#[17a3b2c]">&gt;&gt;</a>&nbsp;&nbsp;&nbsp;doDAC::Setup(unsigned long)
</UL>

<P><STRONG><a name="[fbbbd4]"></a>DAC_StructInit</STRONG> (Thumb, 12 bytes, Stack size 0 bytes, stm32f10x_dac.o(.text), UNUSED)

<P><STRONG><a name="[fbbb98]"></a>DAC_Cmd</STRONG> (Thumb, 50 bytes, Stack size 0 bytes, stm32f10x_dac.o(.text))
<BR><BR>[Called By]<UL><LI><a href="#[17a3b2c]">&gt;&gt;</a>&nbsp;&nbsp;&nbsp;doDAC::Setup(unsigned long)
</UL>

<P><STRONG><a name="[fbbb5c]"></a>DAC_DMACmd</STRONG> (Thumb, 50 bytes, Stack size 0 bytes, stm32f10x_dac.o(.text))
<BR><BR>[Called By]<UL><LI><a href="#[17a3b2c]">&gt;&gt;</a>&nbsp;&nbsp;&nbsp;doDAC::Setup(unsigned long)
</UL>

<P><STRONG><a name="[fbbb20]"></a>DAC_SoftwareTriggerCmd</STRONG> (Thumb, 60 bytes, Stack size 8 bytes, stm32f10x_dac.o(.text))
<BR><BR>[Stack]<UL><LI>Max Depth = 8<LI>Call Chain = DAC_SoftwareTriggerCmd
</UL>
<BR>[Called By]<UL><LI><a href="#[17a3b2c]">&gt;&gt;</a>&nbsp;&nbsp;&nbsp;doDAC::Setup(unsigned long)
</UL>

<P><STRONG><a name="[fbbae4]"></a>DAC_DualSoftwareTriggerCmd</STRONG> (Thumb, 34 bytes, Stack size 0 bytes, stm32f10x_dac.o(.text))
<BR><BR>[Called By]<UL><LI><a href="#[17a3b2c]">&gt;&gt;</a>&nbsp;&nbsp;&nbsp;doDAC::Setup(unsigned long)
</UL>

<P><STRONG><a name="[fbbaa8]"></a>DAC_WaveGenerationCmd</STRONG> (Thumb, 44 bytes, Stack size 8 bytes, stm32f10x_dac.o(.text), UNUSED)

<P><STRONG><a name="[fbba6c]"></a>DAC_SetChannel1Data</STRONG> (Thumb, 10 bytes, Stack size 0 bytes, stm32f10x_dac.o(.text))
<BR><BR>[Called By]<UL><LI><a href="#[17a3af0]">&gt;&gt;</a>&nbsp;&nbsp;&nbsp;doDAC::Write(unsigned short)
</UL>

<P><STRONG><a name="[fbba30]"></a>DAC_SetChannel2Data</STRONG> (Thumb, 10 bytes, Stack size 0 bytes, stm32f10x_dac.o(.text))
<BR><BR>[Called By]<UL><LI><a href="#[17a3af0]">&gt;&gt;</a>&nbsp;&nbsp;&nbsp;doDAC::Write(unsigned short)
</UL>

<P><STRONG><a name="[fbb9f4]"></a>DAC_SetDualChannelData</STRONG> (Thumb, 28 bytes, Stack size 8 bytes, stm32f10x_dac.o(.text), UNUSED)

<P><STRONG><a name="[fbb9b8]"></a>DAC_GetDataOutputValue</STRONG> (Thumb, 16 bytes, Stack size 0 bytes, stm32f10x_dac.o(.text), UNUSED)
<BR><BR>[Called By]<UL><LI><a href="#[17a3ab4]">&gt;&gt;</a>&nbsp;&nbsp;&nbsp;doDAC::LastWrite()
</UL>

<P><STRONG><a name="[fbaba8]"></a>EXTI_DeInit</STRONG> (Thumb, 30 bytes, Stack size 0 bytes, stm32f10x_exti.o(.text), UNUSED)

<P><STRONG><a name="[fbab6c]"></a>EXTI_Init</STRONG> (Thumb, 188 bytes, Stack size 0 bytes, stm32f10x_exti.o(.text))
<BR><BR>[Called By]<UL><LI><a href="#[17a2614]">&gt;&gt;</a>&nbsp;&nbsp;&nbsp;doEXTI::Enable()
</UL>

<P><STRONG><a name="[fbab30]"></a>EXTI_StructInit</STRONG> (Thumb, 16 bytes, Stack size 0 bytes, stm32f10x_exti.o(.text), UNUSED)

<P><STRONG><a name="[fbaaf4]"></a>EXTI_GenerateSWInterrupt</STRONG> (Thumb, 16 bytes, Stack size 0 bytes, stm32f10x_exti.o(.text), UNUSED)

<P><STRONG><a name="[fbaab8]"></a>EXTI_GetFlagStatus</STRONG> (Thumb, 20 bytes, Stack size 0 bytes, stm32f10x_exti.o(.text), UNUSED)

<P><STRONG><a name="[fbaa7c]"></a>EXTI_ClearFlag</STRONG> (Thumb, 6 bytes, Stack size 0 bytes, stm32f10x_exti.o(.text), UNUSED)

<P><STRONG><a name="[fbe3e8]"></a>EXTI_GetITStatus</STRONG> (Thumb, 34 bytes, Stack size 0 bytes, stm32f10x_exti.o(.text))
<BR><BR>[Called By]<UL><LI><a href="#[fc2024]">&gt;&gt;</a>&nbsp;&nbsp;&nbsp;EXTI_ALL_IRQ_Function
</UL>

<P><STRONG><a name="[fbe424]"></a>EXTI_ClearITPendingBit</STRONG> (Thumb, 6 bytes, Stack size 0 bytes, stm32f10x_exti.o(.text))
<BR><BR>[Called By]<UL><LI><a href="#[fc2024]">&gt;&gt;</a>&nbsp;&nbsp;&nbsp;EXTI_ALL_IRQ_Function
</UL>

<P><STRONG><a name="[fba6bc]"></a>FLASH_SetLatency</STRONG> (Thumb, 22 bytes, Stack size 0 bytes, stm32f10x_flash.o(.text))
<BR><BR>[Called By]<UL><LI><a href="#[179ed5c]">&gt;&gt;</a>&nbsp;&nbsp;&nbsp;RCC_Configuration()
</UL>

<P><STRONG><a name="[fba680]"></a>FLASH_HalfCycleAccessCmd</STRONG> (Thumb, 22 bytes, Stack size 0 bytes, stm32f10x_flash.o(.text), UNUSED)

<P><STRONG><a name="[fba644]"></a>FLASH_PrefetchBufferCmd</STRONG> (Thumb, 22 bytes, Stack size 0 bytes, stm32f10x_flash.o(.text))
<BR><BR>[Called By]<UL><LI><a href="#[179ed5c]">&gt;&gt;</a>&nbsp;&nbsp;&nbsp;RCC_Configuration()
</UL>

<P><STRONG><a name="[fba608]"></a>FLASH_Unlock</STRONG> (Thumb, 12 bytes, Stack size 0 bytes, stm32f10x_flash.o(.text), UNUSED)

<P><STRONG><a name="[fba5cc]"></a>FLASH_Lock</STRONG> (Thumb, 14 bytes, Stack size 0 bytes, stm32f10x_flash.o(.text), UNUSED)

<P><STRONG><a name="[fba590]"></a>FLASH_GetStatus</STRONG> (Thumb, 50 bytes, Stack size 0 bytes, stm32f10x_flash.o(.text), UNUSED)
<BR><BR>[Called By]<UL><LI><a href="#[fba554]">&gt;&gt;</a>&nbsp;&nbsp;&nbsp;FLASH_WaitForLastOperation
</UL>

<P><STRONG><a name="[fba554]"></a>FLASH_WaitForLastOperation</STRONG> (Thumb, 42 bytes, Stack size 16 bytes, stm32f10x_flash.o(.text), UNUSED)
<BR><BR>[Calls]<UL><LI><a href="#[fba590]">&gt;&gt;</a>&nbsp;&nbsp;&nbsp;FLASH_GetStatus
<LI><a href="#[fba7e8]">&gt;&gt;</a>&nbsp;&nbsp;&nbsp;delay
</UL>
<BR>[Called By]<UL><LI><a href="#[fba338]">&gt;&gt;</a>&nbsp;&nbsp;&nbsp;FLASH_UserOptionByteConfig
<LI><a href="#[fba374]">&gt;&gt;</a>&nbsp;&nbsp;&nbsp;FLASH_ReadOutProtection
<LI><a href="#[fba3b0]">&gt;&gt;</a>&nbsp;&nbsp;&nbsp;FLASH_EnableWriteProtection
<LI><a href="#[fba3ec]">&gt;&gt;</a>&nbsp;&nbsp;&nbsp;FLASH_ProgramOptionByteData
<LI><a href="#[fba428]">&gt;&gt;</a>&nbsp;&nbsp;&nbsp;FLASH_ProgramHalfWord
<LI><a href="#[fba464]">&gt;&gt;</a>&nbsp;&nbsp;&nbsp;FLASH_ProgramWord
<LI><a href="#[fba4a0]">&gt;&gt;</a>&nbsp;&nbsp;&nbsp;FLASH_EraseOptionBytes
<LI><a href="#[fba4dc]">&gt;&gt;</a>&nbsp;&nbsp;&nbsp;FLASH_EraseAllPages
<LI><a href="#[fba518]">&gt;&gt;</a>&nbsp;&nbsp;&nbsp;FLASH_ErasePage
</UL>

<P><STRONG><a name="[fba518]"></a>FLASH_ErasePage</STRONG> (Thumb, 76 bytes, Stack size 16 bytes, stm32f10x_flash.o(.text), UNUSED)
<BR><BR>[Calls]<UL><LI><a href="#[fba554]">&gt;&gt;</a>&nbsp;&nbsp;&nbsp;FLASH_WaitForLastOperation
</UL>

<P><STRONG><a name="[fba4dc]"></a>FLASH_EraseAllPages</STRONG> (Thumb, 72 bytes, Stack size 8 bytes, stm32f10x_flash.o(.text), UNUSED)
<BR><BR>[Calls]<UL><LI><a href="#[fba554]">&gt;&gt;</a>&nbsp;&nbsp;&nbsp;FLASH_WaitForLastOperation
</UL>

<P><STRONG><a name="[fba4a0]"></a>FLASH_EraseOptionBytes</STRONG> (Thumb, 144 bytes, Stack size 8 bytes, stm32f10x_flash.o(.text), UNUSED)
<BR><BR>[Calls]<UL><LI><a href="#[fba554]">&gt;&gt;</a>&nbsp;&nbsp;&nbsp;FLASH_WaitForLastOperation
</UL>

<P><STRONG><a name="[fba464]"></a>FLASH_ProgramWord</STRONG> (Thumb, 100 bytes, Stack size 16 bytes, stm32f10x_flash.o(.text), UNUSED)
<BR><BR>[Calls]<UL><LI><a href="#[fba554]">&gt;&gt;</a>&nbsp;&nbsp;&nbsp;FLASH_WaitForLastOperation
</UL>

<P><STRONG><a name="[fba428]"></a>FLASH_ProgramHalfWord</STRONG> (Thumb, 64 bytes, Stack size 16 bytes, stm32f10x_flash.o(.text), UNUSED)
<BR><BR>[Calls]<UL><LI><a href="#[fba554]">&gt;&gt;</a>&nbsp;&nbsp;&nbsp;FLASH_WaitForLastOperation
</UL>

<P><STRONG><a name="[fba3ec]"></a>FLASH_ProgramOptionByteData</STRONG> (Thumb, 72 bytes, Stack size 16 bytes, stm32f10x_flash.o(.text), UNUSED)
<BR><BR>[Calls]<UL><LI><a href="#[fba554]">&gt;&gt;</a>&nbsp;&nbsp;&nbsp;FLASH_WaitForLastOperation
</UL>

<P><STRONG><a name="[fba3b0]"></a>FLASH_EnableWriteProtection</STRONG> (Thumb, 188 bytes, Stack size 32 bytes, stm32f10x_flash.o(.text), UNUSED)
<BR><BR>[Calls]<UL><LI><a href="#[fba554]">&gt;&gt;</a>&nbsp;&nbsp;&nbsp;FLASH_WaitForLastOperation
</UL>

<P><STRONG><a name="[fba374]"></a>FLASH_ReadOutProtection</STRONG> (Thumb, 188 bytes, Stack size 16 bytes, stm32f10x_flash.o(.text), UNUSED)
<BR><BR>[Calls]<UL><LI><a href="#[fba554]">&gt;&gt;</a>&nbsp;&nbsp;&nbsp;FLASH_WaitForLastOperation
</UL>

<P><STRONG><a name="[fba338]"></a>FLASH_UserOptionByteConfig</STRONG> (Thumb, 94 bytes, Stack size 24 bytes, stm32f10x_flash.o(.text), UNUSED)
<BR><BR>[Calls]<UL><LI><a href="#[fba554]">&gt;&gt;</a>&nbsp;&nbsp;&nbsp;FLASH_WaitForLastOperation
</UL>

<P><STRONG><a name="[fba2fc]"></a>FLASH_GetUserOptionByte</STRONG> (Thumb, 8 bytes, Stack size 0 bytes, stm32f10x_flash.o(.text), UNUSED)

<P><STRONG><a name="[fba2c0]"></a>FLASH_GetWriteProtectionOptionByte</STRONG> (Thumb, 6 bytes, Stack size 0 bytes, stm32f10x_flash.o(.text), UNUSED)

<P><STRONG><a name="[fba284]"></a>FLASH_GetReadOutProtectionStatus</STRONG> (Thumb, 20 bytes, Stack size 0 bytes, stm32f10x_flash.o(.text), UNUSED)

<P><STRONG><a name="[fba248]"></a>FLASH_GetPrefetchBufferStatus</STRONG> (Thumb, 20 bytes, Stack size 0 bytes, stm32f10x_flash.o(.text), UNUSED)

<P><STRONG><a name="[fba20c]"></a>FLASH_ITConfig</STRONG> (Thumb, 26 bytes, Stack size 0 bytes, stm32f10x_flash.o(.text), UNUSED)

<P><STRONG><a name="[fba1d0]"></a>FLASH_GetFlagStatus</STRONG> (Thumb, 42 bytes, Stack size 0 bytes, stm32f10x_flash.o(.text), UNUSED)

<P><STRONG><a name="[fba194]"></a>FLASH_ClearFlag</STRONG> (Thumb, 6 bytes, Stack size 0 bytes, stm32f10x_flash.o(.text), UNUSED)

<P><STRONG><a name="[fb9564]"></a>GPIO_DeInit</STRONG> (Thumb, 188 bytes, Stack size 8 bytes, stm32f10x_gpio.o(.text), UNUSED)
<BR><BR>[Calls]<UL><LI><a href="#[fbd470]">&gt;&gt;</a>&nbsp;&nbsp;&nbsp;RCC_APB2PeriphResetCmd
</UL>

<P><STRONG><a name="[fb9528]"></a>GPIO_AFIODeInit</STRONG> (Thumb, 20 bytes, Stack size 8 bytes, stm32f10x_gpio.o(.text), UNUSED)
<BR><BR>[Calls]<UL><LI><a href="#[fbd470]">&gt;&gt;</a>&nbsp;&nbsp;&nbsp;RCC_APB2PeriphResetCmd
</UL>

<P><STRONG><a name="[fb94ec]"></a>GPIO_Init</STRONG> (Thumb, 270 bytes, Stack size 24 bytes, stm32f10x_gpio.o(.text))
<BR><BR>[Stack]<UL><LI>Max Depth = 24<LI>Call Chain = GPIO_Init
</UL>
<BR>[Called By]<UL><LI><a href="#[17a3a78]">&gt;&gt;</a>&nbsp;&nbsp;&nbsp;doGPIO::doGPIO(GPIO_TypeDef*, unsigned short, GPIOMode_TypeDef)
</UL>

<P><STRONG><a name="[fb94b0]"></a>GPIO_StructInit</STRONG> (Thumb, 16 bytes, Stack size 0 bytes, stm32f10x_gpio.o(.text), UNUSED)

<P><STRONG><a name="[fb9474]"></a>GPIO_ReadInputDataBit</STRONG> (Thumb, 18 bytes, Stack size 0 bytes, stm32f10x_gpio.o(.text), UNUSED)

<P><STRONG><a name="[fb9438]"></a>GPIO_ReadInputData</STRONG> (Thumb, 8 bytes, Stack size 0 bytes, stm32f10x_gpio.o(.text), UNUSED)

<P><STRONG><a name="[fb93fc]"></a>GPIO_ReadOutputDataBit</STRONG> (Thumb, 18 bytes, Stack size 0 bytes, stm32f10x_gpio.o(.text), UNUSED)

<P><STRONG><a name="[fb93c0]"></a>GPIO_ReadOutputData</STRONG> (Thumb, 8 bytes, Stack size 0 bytes, stm32f10x_gpio.o(.text), UNUSED)

<P><STRONG><a name="[fb9384]"></a>GPIO_SetBits</STRONG> (Thumb, 4 bytes, Stack size 0 bytes, stm32f10x_gpio.o(.text), UNUSED)

<P><STRONG><a name="[fb9348]"></a>GPIO_ResetBits</STRONG> (Thumb, 4 bytes, Stack size 0 bytes, stm32f10x_gpio.o(.text), UNUSED)

<P><STRONG><a name="[fb930c]"></a>GPIO_WriteBit</STRONG> (Thumb, 10 bytes, Stack size 0 bytes, stm32f10x_gpio.o(.text), UNUSED)

<P><STRONG><a name="[fb92d0]"></a>GPIO_Write</STRONG> (Thumb, 4 bytes, Stack size 0 bytes, stm32f10x_gpio.o(.text), UNUSED)

<P><STRONG><a name="[fb9294]"></a>GPIO_PinLockConfig</STRONG> (Thumb, 18 bytes, Stack size 0 bytes, stm32f10x_gpio.o(.text), UNUSED)

<P><STRONG><a name="[fb9258]"></a>GPIO_EventOutputConfig</STRONG> (Thumb, 24 bytes, Stack size 0 bytes, stm32f10x_gpio.o(.text), UNUSED)

<P><STRONG><a name="[fb921c]"></a>GPIO_EventOutputCmd</STRONG> (Thumb, 6 bytes, Stack size 0 bytes, stm32f10x_gpio.o(.text), UNUSED)

<P><STRONG><a name="[fb91e0]"></a>GPIO_PinRemapConfig</STRONG> (Thumb, 104 bytes, Stack size 20 bytes, stm32f10x_gpio.o(.text), UNUSED)

<P><STRONG><a name="[fb91a4]"></a>GPIO_EXTILineConfig</STRONG> (Thumb, 60 bytes, Stack size 12 bytes, stm32f10x_gpio.o(.text))
<BR><BR>[Stack]<UL><LI>Max Depth = 12<LI>Call Chain = GPIO_EXTILineConfig
</UL>
<BR>[Called By]<UL><LI><a href="#[17a2614]">&gt;&gt;</a>&nbsp;&nbsp;&nbsp;doEXTI::Enable()
</UL>

<P><STRONG><a name="[fb79bc]"></a>NVIC_DeInit</STRONG> (Thumb, 58 bytes, Stack size 0 bytes, stm32f10x_nvic.o(.text), UNUSED)

<P><STRONG><a name="[fb7980]"></a>NVIC_SCBDeInit</STRONG> (Thumb, 92 bytes, Stack size 0 bytes, stm32f10x_nvic.o(.text), UNUSED)

<P><STRONG><a name="[fb7944]"></a>NVIC_PriorityGroupConfig</STRONG> (Thumb, 10 bytes, Stack size 0 bytes, stm32f10x_nvic.o(.text))
<BR><BR>[Called By]<UL><LI><a href="#[179eca8]">&gt;&gt;</a>&nbsp;&nbsp;&nbsp;NVIC_Init_Interrupt()
</UL>

<P><STRONG><a name="[fb7908]"></a>NVIC_Init</STRONG> (Thumb, 190 bytes, Stack size 20 bytes, stm32f10x_nvic.o(.text))
<BR><BR>[Stack]<UL><LI>Max Depth = 20<LI>Call Chain = NVIC_Init
</UL>
<BR>[Called By]<UL><LI><a href="#[179eca8]">&gt;&gt;</a>&nbsp;&nbsp;&nbsp;NVIC_Init_Interrupt()
</UL>

<P><STRONG><a name="[fb78cc]"></a>NVIC_StructInit</STRONG> (Thumb, 12 bytes, Stack size 0 bytes, stm32f10x_nvic.o(.text), UNUSED)

<P><STRONG><a name="[fb7890]"></a>NVIC_SETPRIMASK</STRONG> (Thumb, 8 bytes, Stack size 8 bytes, stm32f10x_nvic.o(.text), UNUSED)
<BR><BR>[Calls]<UL><LI><a href="#[fb7188]">&gt;&gt;</a>&nbsp;&nbsp;&nbsp;__SETPRIMASK
</UL>

<P><STRONG><a name="[fb7854]"></a>NVIC_RESETPRIMASK</STRONG> (Thumb, 8 bytes, Stack size 8 bytes, stm32f10x_nvic.o(.text), UNUSED)
<BR><BR>[Calls]<UL><LI><a href="#[fb7200]">&gt;&gt;</a>&nbsp;&nbsp;&nbsp;__RESETPRIMASK
</UL>

<P><STRONG><a name="[fb7818]"></a>NVIC_SETFAULTMASK</STRONG> (Thumb, 8 bytes, Stack size 8 bytes, stm32f10x_nvic.o(.text), UNUSED)
<BR><BR>[Calls]<UL><LI><a href="#[fb71c4]">&gt;&gt;</a>&nbsp;&nbsp;&nbsp;__SETFAULTMASK
</UL>

<P><STRONG><a name="[fb77dc]"></a>NVIC_RESETFAULTMASK</STRONG> (Thumb, 8 bytes, Stack size 8 bytes, stm32f10x_nvic.o(.text), UNUSED)
<BR><BR>[Calls]<UL><LI><a href="#[fb723c]">&gt;&gt;</a>&nbsp;&nbsp;&nbsp;__RESETFAULTMASK
</UL>

<P><STRONG><a name="[fb77a0]"></a>NVIC_BASEPRICONFIG</STRONG> (Thumb, 12 bytes, Stack size 8 bytes, stm32f10x_nvic.o(.text), UNUSED)
<BR><BR>[Calls]<UL><LI><a href="#[fb72b4]">&gt;&gt;</a>&nbsp;&nbsp;&nbsp;__BASEPRICONFIG
</UL>

<P><STRONG><a name="[fb7764]"></a>NVIC_GetBASEPRI</STRONG> (Thumb, 8 bytes, Stack size 8 bytes, stm32f10x_nvic.o(.text), UNUSED)
<BR><BR>[Calls]<UL><LI><a href="#[fb7278]">&gt;&gt;</a>&nbsp;&nbsp;&nbsp;__GetBASEPRI
</UL>

<P><STRONG><a name="[fb7728]"></a>NVIC_GetCurrentPendingIRQChannel</STRONG> (Thumb, 10 bytes, Stack size 0 bytes, stm32f10x_nvic.o(.text), UNUSED)

<P><STRONG><a name="[fb76ec]"></a>NVIC_GetIRQChannelPendingBitStatus</STRONG> (Thumb, 42 bytes, Stack size 8 bytes, stm32f10x_nvic.o(.text), UNUSED)

<P><STRONG><a name="[fb76b0]"></a>NVIC_SetIRQChannelPendingBit</STRONG> (Thumb, 6 bytes, Stack size 0 bytes, stm32f10x_nvic.o(.text), UNUSED)

<P><STRONG><a name="[fb7674]"></a>NVIC_ClearIRQChannelPendingBit</STRONG> (Thumb, 20 bytes, Stack size 0 bytes, stm32f10x_nvic.o(.text), UNUSED)

<P><STRONG><a name="[fb7638]"></a>NVIC_GetCurrentActiveHandler</STRONG> (Thumb, 10 bytes, Stack size 0 bytes, stm32f10x_nvic.o(.text), UNUSED)

<P><STRONG><a name="[fb75fc]"></a>NVIC_GetIRQChannelActiveBitStatus</STRONG> (Thumb, 42 bytes, Stack size 8 bytes, stm32f10x_nvic.o(.text), UNUSED)

<P><STRONG><a name="[fb75c0]"></a>NVIC_GetCPUID</STRONG> (Thumb, 6 bytes, Stack size 0 bytes, stm32f10x_nvic.o(.text), UNUSED)

<P><STRONG><a name="[fb7584]"></a>NVIC_SetVectorTable</STRONG> (Thumb, 12 bytes, Stack size 0 bytes, stm32f10x_nvic.o(.text))
<BR><BR>[Called By]<UL><LI><a href="#[179ed20]">&gt;&gt;</a>&nbsp;&nbsp;&nbsp;NVIC_Configuration()
</UL>

<P><STRONG><a name="[fb7548]"></a>NVIC_GenerateSystemReset</STRONG> (Thumb, 10 bytes, Stack size 0 bytes, stm32f10x_nvic.o(.text), UNUSED)

<P><STRONG><a name="[fb750c]"></a>NVIC_GenerateCoreReset</STRONG> (Thumb, 10 bytes, Stack size 0 bytes, stm32f10x_nvic.o(.text), UNUSED)

<P><STRONG><a name="[fb74d0]"></a>NVIC_SystemLPConfig</STRONG> (Thumb, 38 bytes, Stack size 0 bytes, stm32f10x_nvic.o(.text), UNUSED)

<P><STRONG><a name="[fb7494]"></a>NVIC_SystemHandlerConfig</STRONG> (Thumb, 52 bytes, Stack size 8 bytes, stm32f10x_nvic.o(.text), UNUSED)

<P><STRONG><a name="[fb7458]"></a>NVIC_SystemHandlerPriorityConfig</STRONG> (Thumb, 110 bytes, Stack size 20 bytes, stm32f10x_nvic.o(.text), UNUSED)

<P><STRONG><a name="[fb741c]"></a>NVIC_GetSystemHandlerPendingBitStatus</STRONG> (Thumb, 42 bytes, Stack size 8 bytes, stm32f10x_nvic.o(.text), UNUSED)

<P><STRONG><a name="[fb73e0]"></a>NVIC_SetSystemHandlerPendingBit</STRONG> (Thumb, 32 bytes, Stack size 0 bytes, stm32f10x_nvic.o(.text), UNUSED)

<P><STRONG><a name="[fb73a4]"></a>NVIC_ClearSystemHandlerPendingBit</STRONG> (Thumb, 38 bytes, Stack size 8 bytes, stm32f10x_nvic.o(.text), UNUSED)

<P><STRONG><a name="[fb7368]"></a>NVIC_GetSystemHandlerActiveBitStatus</STRONG> (Thumb, 40 bytes, Stack size 8 bytes, stm32f10x_nvic.o(.text), UNUSED)

<P><STRONG><a name="[fb732c]"></a>NVIC_GetFaultHandlerSources</STRONG> (Thumb, 130 bytes, Stack size 12 bytes, stm32f10x_nvic.o(.text), UNUSED)

<P><STRONG><a name="[fb72f0]"></a>NVIC_GetFaultAddress</STRONG> (Thumb, 24 bytes, Stack size 0 bytes, stm32f10x_nvic.o(.text), UNUSED)

<P><STRONG><a name="[fb6684]"></a>RCC_DeInit</STRONG> (Thumb, 62 bytes, Stack size 0 bytes, stm32f10x_rcc.o(.text))
<BR><BR>[Called By]<UL><LI><a href="#[179ed5c]">&gt;&gt;</a>&nbsp;&nbsp;&nbsp;RCC_Configuration()
</UL>

<P><STRONG><a name="[fb6648]"></a>RCC_HSEConfig</STRONG> (Thumb, 70 bytes, Stack size 0 bytes, stm32f10x_rcc.o(.text))
<BR><BR>[Called By]<UL><LI><a href="#[179ed5c]">&gt;&gt;</a>&nbsp;&nbsp;&nbsp;RCC_Configuration()
</UL>

<P><STRONG><a name="[fb660c]"></a>RCC_GetFlagStatus</STRONG> (Thumb, 56 bytes, Stack size 8 bytes, stm32f10x_rcc.o(.text))
<BR><BR>[Stack]<UL><LI>Max Depth = 8<LI>Call Chain = RCC_GetFlagStatus
</UL>
<BR>[Called By]<UL><LI><a href="#[fb65d0]">&gt;&gt;</a>&nbsp;&nbsp;&nbsp;RCC_WaitForHSEStartUp
<LI><a href="#[179ed5c]">&gt;&gt;</a>&nbsp;&nbsp;&nbsp;RCC_Configuration()
</UL>

<P><STRONG><a name="[fb65d0]"></a>RCC_WaitForHSEStartUp</STRONG> (Thumb, 62 bytes, Stack size 8 bytes, stm32f10x_rcc.o(.text))
<BR><BR>[Stack]<UL><LI>Max Depth = 16<LI>Call Chain = RCC_WaitForHSEStartUp &rArr; RCC_GetFlagStatus
</UL>
<BR>[Calls]<UL><LI><a href="#[fb660c]">&gt;&gt;</a>&nbsp;&nbsp;&nbsp;RCC_GetFlagStatus
</UL>
<BR>[Called By]<UL><LI><a href="#[179ed5c]">&gt;&gt;</a>&nbsp;&nbsp;&nbsp;RCC_Configuration()
</UL>

<P><STRONG><a name="[fb6594]"></a>RCC_AdjustHSICalibrationValue</STRONG> (Thumb, 18 bytes, Stack size 0 bytes, stm32f10x_rcc.o(.text), UNUSED)

<P><STRONG><a name="[fb6558]"></a>RCC_HSICmd</STRONG> (Thumb, 6 bytes, Stack size 0 bytes, stm32f10x_rcc.o(.text), UNUSED)

<P><STRONG><a name="[fb651c]"></a>RCC_PLLConfig</STRONG> (Thumb, 22 bytes, Stack size 0 bytes, stm32f10x_rcc.o(.text))
<BR><BR>[Called By]<UL><LI><a href="#[179ed5c]">&gt;&gt;</a>&nbsp;&nbsp;&nbsp;RCC_Configuration()
</UL>

<P><STRONG><a name="[fb64e0]"></a>RCC_PLLCmd</STRONG> (Thumb, 6 bytes, Stack size 0 bytes, stm32f10x_rcc.o(.text))
<BR><BR>[Called By]<UL><LI><a href="#[179ed5c]">&gt;&gt;</a>&nbsp;&nbsp;&nbsp;RCC_Configuration()
</UL>

<P><STRONG><a name="[fb64a4]"></a>RCC_SYSCLKConfig</STRONG> (Thumb, 16 bytes, Stack size 0 bytes, stm32f10x_rcc.o(.text))
<BR><BR>[Called By]<UL><LI><a href="#[179ed5c]">&gt;&gt;</a>&nbsp;&nbsp;&nbsp;RCC_Configuration()
</UL>

<P><STRONG><a name="[fb6468]"></a>RCC_GetSYSCLKSource</STRONG> (Thumb, 10 bytes, Stack size 0 bytes, stm32f10x_rcc.o(.text))
<BR><BR>[Called By]<UL><LI><a href="#[179ed5c]">&gt;&gt;</a>&nbsp;&nbsp;&nbsp;RCC_Configuration()
</UL>

<P><STRONG><a name="[fb642c]"></a>RCC_HCLKConfig</STRONG> (Thumb, 16 bytes, Stack size 0 bytes, stm32f10x_rcc.o(.text))
<BR><BR>[Called By]<UL><LI><a href="#[179ed5c]">&gt;&gt;</a>&nbsp;&nbsp;&nbsp;RCC_Configuration()
</UL>

<P><STRONG><a name="[fb63f0]"></a>RCC_PCLK1Config</STRONG> (Thumb, 16 bytes, Stack size 0 bytes, stm32f10x_rcc.o(.text))
<BR><BR>[Called By]<UL><LI><a href="#[179ed5c]">&gt;&gt;</a>&nbsp;&nbsp;&nbsp;RCC_Configuration()
</UL>

<P><STRONG><a name="[fb63b4]"></a>RCC_PCLK2Config</STRONG> (Thumb, 18 bytes, Stack size 0 bytes, stm32f10x_rcc.o(.text))
<BR><BR>[Called By]<UL><LI><a href="#[179ed5c]">&gt;&gt;</a>&nbsp;&nbsp;&nbsp;RCC_Configuration()
</UL>

<P><STRONG><a name="[fb6378]"></a>RCC_ITConfig</STRONG> (Thumb, 30 bytes, Stack size 0 bytes, stm32f10x_rcc.o(.text), UNUSED)

<P><STRONG><a name="[fb633c]"></a>RCC_USBCLKConfig</STRONG> (Thumb, 6 bytes, Stack size 0 bytes, stm32f10x_rcc.o(.text), UNUSED)

<P><STRONG><a name="[fb6300]"></a>RCC_ADCCLKConfig</STRONG> (Thumb, 16 bytes, Stack size 0 bytes, stm32f10x_rcc.o(.text))
<BR><BR>[Called By]<UL><LI><a href="#[fbe244]">&gt;&gt;</a>&nbsp;&nbsp;&nbsp;doInit()
<LI><a href="#[17a2ce0]">&gt;&gt;</a>&nbsp;&nbsp;&nbsp;doADC::Setup(ADC_TypeDef*)
</UL>

<P><STRONG><a name="[fb62c4]"></a>RCC_LSEConfig</STRONG> (Thumb, 44 bytes, Stack size 0 bytes, stm32f10x_rcc.o(.text), UNUSED)

<P><STRONG><a name="[fb6288]"></a>RCC_LSICmd</STRONG> (Thumb, 6 bytes, Stack size 0 bytes, stm32f10x_rcc.o(.text), UNUSED)

<P><STRONG><a name="[fb624c]"></a>RCC_RTCCLKConfig</STRONG> (Thumb, 12 bytes, Stack size 0 bytes, stm32f10x_rcc.o(.text), UNUSED)

<P><STRONG><a name="[fb6210]"></a>RCC_RTCCLKCmd</STRONG> (Thumb, 6 bytes, Stack size 0 bytes, stm32f10x_rcc.o(.text), UNUSED)

<P><STRONG><a name="[fb86a0]"></a>RCC_GetClocksFreq</STRONG> (Thumb, 194 bytes, Stack size 12 bytes, stm32f10x_rcc.o(.text))
<BR><BR>[Stack]<UL><LI>Max Depth = 12<LI>Call Chain = RCC_GetClocksFreq
</UL>
<BR>[Called By]<UL><LI><a href="#[17a5ff8]">&gt;&gt;</a>&nbsp;&nbsp;&nbsp;USART_Init
</UL>

<P><STRONG><a name="[fb61d4]"></a>RCC_AHBPeriphClockCmd</STRONG> (Thumb, 26 bytes, Stack size 0 bytes, stm32f10x_rcc.o(.text), UNUSED)

<P><STRONG><a name="[fb6198]"></a>RCC_APB2PeriphClockCmd</STRONG> (Thumb, 26 bytes, Stack size 0 bytes, stm32f10x_rcc.o(.text))
<BR><BR>[Called By]<UL><LI><a href="#[fbe0dc]">&gt;&gt;</a>&nbsp;&nbsp;&nbsp;doSerial::begin(const unsigned long&)
<LI><a href="#[fbe244]">&gt;&gt;</a>&nbsp;&nbsp;&nbsp;doInit()
</UL>

<P><STRONG><a name="[fb615c]"></a>RCC_APB1PeriphClockCmd</STRONG> (Thumb, 26 bytes, Stack size 0 bytes, stm32f10x_rcc.o(.text))
<BR><BR>[Called By]<UL><LI><a href="#[fbe0dc]">&gt;&gt;</a>&nbsp;&nbsp;&nbsp;doSerial::begin(const unsigned long&)
<LI><a href="#[17a3b2c]">&gt;&gt;</a>&nbsp;&nbsp;&nbsp;doDAC::Setup(unsigned long)
</UL>

<P><STRONG><a name="[fbd470]"></a>RCC_APB2PeriphResetCmd</STRONG> (Thumb, 26 bytes, Stack size 0 bytes, stm32f10x_rcc.o(.text))
<BR><BR>[Called By]<UL><LI><a href="#[fb9528]">&gt;&gt;</a>&nbsp;&nbsp;&nbsp;GPIO_AFIODeInit
<LI><a href="#[fb9564]">&gt;&gt;</a>&nbsp;&nbsp;&nbsp;GPIO_DeInit
<LI><a href="#[fbdce0]">&gt;&gt;</a>&nbsp;&nbsp;&nbsp;ADC_DeInit
<LI><a href="#[17a6034]">&gt;&gt;</a>&nbsp;&nbsp;&nbsp;USART_DeInit
</UL>

<P><STRONG><a name="[fbc660]"></a>RCC_APB1PeriphResetCmd</STRONG> (Thumb, 26 bytes, Stack size 0 bytes, stm32f10x_rcc.o(.text))
<BR><BR>[Called By]<UL><LI><a href="#[fbbc4c]">&gt;&gt;</a>&nbsp;&nbsp;&nbsp;DAC_DeInit
<LI><a href="#[17a6034]">&gt;&gt;</a>&nbsp;&nbsp;&nbsp;USART_DeInit
</UL>

<P><STRONG><a name="[fbce1c]"></a>RCC_BackupResetCmd</STRONG> (Thumb, 6 bytes, Stack size 0 bytes, stm32f10x_rcc.o(.text), UNUSED)

<P><STRONG><a name="[fb6120]"></a>RCC_ClockSecuritySystemCmd</STRONG> (Thumb, 6 bytes, Stack size 0 bytes, stm32f10x_rcc.o(.text), UNUSED)

<P><STRONG><a name="[fb60e4]"></a>RCC_MCOConfig</STRONG> (Thumb, 6 bytes, Stack size 0 bytes, stm32f10x_rcc.o(.text), UNUSED)

<P><STRONG><a name="[fb60a8]"></a>RCC_ClearFlag</STRONG> (Thumb, 14 bytes, Stack size 0 bytes, stm32f10x_rcc.o(.text), UNUSED)

<P><STRONG><a name="[fb606c]"></a>RCC_GetITStatus</STRONG> (Thumb, 20 bytes, Stack size 0 bytes, stm32f10x_rcc.o(.text), UNUSED)

<P><STRONG><a name="[fb6030]"></a>RCC_ClearITPendingBit</STRONG> (Thumb, 6 bytes, Stack size 0 bytes, stm32f10x_rcc.o(.text), UNUSED)

<P><STRONG><a name="[17a7d80]"></a>SysTick_CLKSourceConfig</STRONG> (Thumb, 40 bytes, Stack size 0 bytes, stm32f10x_systick.o(.text))
<BR><BR>[Called By]<UL><LI><a href="#[179ece4]">&gt;&gt;</a>&nbsp;&nbsp;&nbsp;SysTick_Init()
</UL>

<P><STRONG><a name="[17a7d44]"></a>SysTick_SetReload</STRONG> (Thumb, 8 bytes, Stack size 0 bytes, stm32f10x_systick.o(.text))
<BR><BR>[Called By]<UL><LI><a href="#[179ece4]">&gt;&gt;</a>&nbsp;&nbsp;&nbsp;SysTick_Init()
</UL>

<P><STRONG><a name="[17a7d08]"></a>SysTick_CounterCmd</STRONG> (Thumb, 54 bytes, Stack size 0 bytes, stm32f10x_systick.o(.text))
<BR><BR>[Called By]<UL><LI><a href="#[179ece4]">&gt;&gt;</a>&nbsp;&nbsp;&nbsp;SysTick_Init()
</UL>

<P><STRONG><a name="[17a7ccc]"></a>SysTick_ITConfig</STRONG> (Thumb, 38 bytes, Stack size 0 bytes, stm32f10x_systick.o(.text))
<BR><BR>[Called By]<UL><LI><a href="#[179ece4]">&gt;&gt;</a>&nbsp;&nbsp;&nbsp;SysTick_Init()
</UL>

<P><STRONG><a name="[17a7c90]"></a>SysTick_GetCounter</STRONG> (Thumb, 8 bytes, Stack size 0 bytes, stm32f10x_systick.o(.text))
<BR><BR>[Called By]<UL><LI><a href="#[17a3118]">&gt;&gt;</a>&nbsp;&nbsp;&nbsp;SystemUptime_uS()
<LI><a href="#[17a3154]">&gt;&gt;</a>&nbsp;&nbsp;&nbsp;SystemUptime_mS()
<LI><a href="#[17a3208]">&gt;&gt;</a>&nbsp;&nbsp;&nbsp;delay_uS(unsigned long)
<LI><a href="#[17a3244]">&gt;&gt;</a>&nbsp;&nbsp;&nbsp;delay_mS(unsigned long)
</UL>

<P><STRONG><a name="[17a7c54]"></a>SysTick_GetFlagStatus</STRONG> (Thumb, 46 bytes, Stack size 8 bytes, stm32f10x_systick.o(.text), UNUSED)

<P><STRONG><a name="[17a6034]"></a>USART_DeInit</STRONG> (Thumb, 146 bytes, Stack size 8 bytes, stm32f10x_usart.o(.text), UNUSED)
<BR><BR>[Calls]<UL><LI><a href="#[fbc660]">&gt;&gt;</a>&nbsp;&nbsp;&nbsp;RCC_APB1PeriphResetCmd
<LI><a href="#[fbd470]">&gt;&gt;</a>&nbsp;&nbsp;&nbsp;RCC_APB2PeriphResetCmd
</UL>

<P><STRONG><a name="[17a5ff8]"></a>USART_Init</STRONG> (Thumb, 150 bytes, Stack size 56 bytes, stm32f10x_usart.o(.text))
<BR><BR>[Stack]<UL><LI>Max Depth = 68<LI>Call Chain = USART_Init &rArr; RCC_GetClocksFreq
</UL>
<BR>[Calls]<UL><LI><a href="#[fb86a0]">&gt;&gt;</a>&nbsp;&nbsp;&nbsp;RCC_GetClocksFreq
</UL>
<BR>[Called By]<UL><LI><a href="#[fbe0dc]">&gt;&gt;</a>&nbsp;&nbsp;&nbsp;doSerial::begin(const unsigned long&)
</UL>

<P><STRONG><a name="[17a5fbc]"></a>USART_StructInit</STRONG> (Thumb, 24 bytes, Stack size 0 bytes, stm32f10x_usart.o(.text), UNUSED)

[...]
<P><STRONG><a name="[19a9f78]"></a>__rt_eh_globals_addr</STRONG> (Thumb, 12 bytes, Stack size 0 bytes, rt_eh_globals_addr_intlibspace.o(.text))
<BR><BR>[Called By]<UL><LI><a href="#[19aa950]">&gt;&gt;</a>&nbsp;&nbsp;&nbsp;__cxa_get_globals
</UL>

<P><STRONG><a name="[19a9c30]"></a>__sig_exit</STRONG> (Thumb, 10 bytes, Stack size 0 bytes, defsig_exit.o(.text))
<BR><BR>[Calls]<UL><LI><a href="#[19aa590]">&gt;&gt;</a>&nbsp;&nbsp;&nbsp;_sys_exit
</UL>
<BR>[Called By]<UL><LI><a href="#[19a9b40]">&gt;&gt;</a>&nbsp;&nbsp;&nbsp;__rt_SIGABRT
<LI><a href="#[19ac0c0]">&gt;&gt;</a>&nbsp;&nbsp;&nbsp;__rt_SIGRTMEM
</UL>

<P><STRONG><a name="[19a9b40]"></a>__rt_SIGABRT</STRONG> (Thumb, 14 bytes, Stack size 8 bytes, defsig_abrt_outer.o(.text))
<BR><BR>[Stack]<UL><LI>Max Depth = 40<LI>Call Chain = __rt_SIGABRT &rArr; __rt_SIGABRT_inner &rArr; __default_signal_display &rArr; _ttywrch
</UL>
<BR>[Calls]<UL><LI><a href="#[19a8c04]">&gt;&gt;</a>&nbsp;&nbsp;&nbsp;__rt_SIGABRT_inner
<LI><a href="#[19a9c30]">&gt;&gt;</a>&nbsp;&nbsp;&nbsp;__sig_exit
</UL>
<BR>[Called By]<UL><LI><a href="#[19ac264]">&gt;&gt;</a>&nbsp;&nbsp;&nbsp;abort
</UL>

<P><STRONG><a name="[19a9924]"></a>__rt_SIGRTMEM_inner</STRONG> (Thumb, 20 bytes, Stack size 8 bytes, defsig_rtmem_inner.o(.text))
<BR><BR>[Stack]<UL><LI>Max Depth = 32<LI>Call Chain = __rt_SIGRTMEM_inner &rArr; __default_signal_display &rArr; _ttywrch
</UL>
<BR>[Calls]<UL><LI><a href="#[19a8d30]">&gt;&gt;</a>&nbsp;&nbsp;&nbsp;__default_signal_display
</UL>
<BR>[Called By]<UL><LI><a href="#[19ac0c0]">&gt;&gt;</a>&nbsp;&nbsp;&nbsp;__rt_SIGRTMEM
</UL>

<P><STRONG><a name="[19a97f8]"></a>__ARM_exceptions_buffer_init</STRONG> (Thumb, 18 bytes, Stack size 8 bytes, arm_exceptions_mem.o(.text))
<BR><BR>[Stack]<UL><LI>Max Depth = 56<LI>Call Chain = __ARM_exceptions_buffer_init &rArr; malloc &rArr; __Heap_Full &rArr; __Heap_ProvideMemory &rArr; free
</UL>
<BR>[Calls]<UL><LI><a href="#[1847908]">&gt;&gt;</a>&nbsp;&nbsp;&nbsp;malloc
</UL>
<BR>[Called By]<UL><LI><a href="#[19aa950]">&gt;&gt;</a>&nbsp;&nbsp;&nbsp;__cxa_get_globals
</UL>

<P><STRONG><a name="[19a97bc]"></a>__ARM_exceptions_buffer_allocate</STRONG> (Thumb, 22 bytes, Stack size 0 bytes, arm_exceptions_mem.o(.text), UNUSED)

<P><STRONG><a name="[19a9780]"></a>__ARM_exceptions_buffer_free</STRONG> (Thumb, 20 bytes, Stack size 0 bytes, arm_exceptions_mem.o(.text), UNUSED)

<P><STRONG><a name="[19a9168]"></a>__rt_fp_status_addr</STRONG> (Thumb, 12 bytes, Stack size 0 bytes, rt_fp_status_addr_intlibspace.o(.text))
<BR><BR>[Called By]<UL><LI><a href="#[19a9690]">&gt;&gt;</a>&nbsp;&nbsp;&nbsp;_fp_init
</UL>

<P><STRONG><a name="[19a8d30]"></a>__default_signal_display</STRONG> (Thumb, 50 bytes, Stack size 16 bytes, defsig_general.o(.text))
<BR><BR>[Stack]<UL><LI>Max Depth = 24<LI>Call Chain = __default_signal_display &rArr; _ttywrch
</UL>
<BR>[Calls]<UL><LI><a href="#[19a8b14]">&gt;&gt;</a>&nbsp;&nbsp;&nbsp;_ttywrch
</UL>
<BR>[Called By]<UL><LI><a href="#[19a8c04]">&gt;&gt;</a>&nbsp;&nbsp;&nbsp;__rt_SIGABRT_inner
<LI><a href="#[19a9924]">&gt;&gt;</a>&nbsp;&nbsp;&nbsp;__rt_SIGRTMEM_inner
</UL>

<P><STRONG><a name="[19a8c04]"></a>__rt_SIGABRT_inner</STRONG> (Thumb, 14 bytes, Stack size 8 bytes, defsig_abrt_inner.o(.text))
<BR><BR>[Stack]<UL><LI>Max Depth = 32<LI>Call Chain = __rt_SIGABRT_inner &rArr; __default_signal_display &rArr; _ttywrch
</UL>
<BR>[Calls]<UL><LI><a href="#[19a8d30]">&gt;&gt;</a>&nbsp;&nbsp;&nbsp;__default_signal_display
</UL>
<BR>[Called By]<UL><LI><a href="#[19a9b40]">&gt;&gt;</a>&nbsp;&nbsp;&nbsp;__rt_SIGABRT
</UL>

<P><STRONG><a name="[19a8b14]"></a>_ttywrch</STRONG> (Thumb, 12 bytes, Stack size 8 bytes, sys_wrch.o(.text))
<BR><BR>[Stack]<UL><LI>Max Depth = 8<LI>Call Chain = _ttywrch
</UL>
<BR>[Called By]<UL><LI><a href="#[19a8d30]">&gt;&gt;</a>&nbsp;&nbsp;&nbsp;__default_signal_display
</UL>

<P><STRONG><a name="[19ae514]"></a>_btod_d2e</STRONG> (Thumb, 62 bytes, Stack size 0 bytes, btod.o(CL$$btod_d2e))
<BR><BR>[Calls]<UL><LI><a href="#[19ae49c]">&gt;&gt;</a>&nbsp;&nbsp;&nbsp;_d2e_norm_op1
</UL>
<BR>[Called By]<UL><LI><a href="#[184606c]">&gt;&gt;</a>&nbsp;&nbsp;&nbsp;_fp_digits
</UL>

<P><STRONG><a name="[19ae4d8]"></a>_d2e_denorm_low</STRONG> (Thumb, 70 bytes, Stack size 0 bytes, btod.o(CL$$btod_d2e_denorm_low))
<BR><BR>[Called By]<UL><LI><a href="#[19ae49c]">&gt;&gt;</a>&nbsp;&nbsp;&nbsp;_d2e_norm_op1
</UL>

<P><STRONG><a name="[19ae49c]"></a>_d2e_norm_op1</STRONG> (Thumb, 96 bytes, Stack size 0 bytes, btod.o(CL$$btod_d2e_norm_op1))
<BR><BR>[Calls]<UL><LI><a href="#[19ae4d8]">&gt;&gt;</a>&nbsp;&nbsp;&nbsp;_d2e_denorm_low
</UL>
<BR>[Called By]<UL><LI><a href="#[19ae514]">&gt;&gt;</a>&nbsp;&nbsp;&nbsp;_btod_d2e
</UL>

<P><STRONG><a name="[19ae460]"></a>__btod_div_common</STRONG> (Thumb, 696 bytes, Stack size 24 bytes, btod.o(CL$$btod_div_common))
<BR><BR>[Stack]<UL><LI>Max Depth = 24<LI>Call Chain = __btod_div_common
</UL>
<BR>[Called By]<UL><LI><a href="#[19ae3ac]">&gt;&gt;</a>&nbsp;&nbsp;&nbsp;_btod_ediv
</UL>

<P><STRONG><a name="[19ae3e8]"></a>_e2e</STRONG> (Thumb, 198 bytes, Stack size 24 bytes, btod.o(CL$$btod_e2e))
<BR><BR>[Stack]<UL><LI>Max Depth = 24<LI>Call Chain = _e2e
</UL>
<BR>[Called By]<UL><LI><a href="#[19ae334]">&gt;&gt;</a>&nbsp;&nbsp;&nbsp;_btod_emul
<LI><a href="#[19ae3ac]">&gt;&gt;</a>&nbsp;&nbsp;&nbsp;_btod_ediv
</UL>

<P><STRONG><a name="[19ae3ac]"></a>_btod_ediv</STRONG> (Thumb, 40 bytes, Stack size 24 bytes, btod.o(CL$$btod_ediv))
<BR><BR>[Stack]<UL><LI>Max Depth = 48<LI>Call Chain = _btod_ediv &rArr; _e2e
</UL>
<BR>[Calls]<UL><LI><a href="#[19ae3e8]">&gt;&gt;</a>&nbsp;&nbsp;&nbsp;_e2e
<LI><a href="#[19ae460]">&gt;&gt;</a>&nbsp;&nbsp;&nbsp;__btod_div_common
</UL>
<BR>[Called By]<UL><LI><a href="#[184606c]">&gt;&gt;</a>&nbsp;&nbsp;&nbsp;_fp_digits
<LI><a href="#[19aeab4]">&gt;&gt;</a>&nbsp;&nbsp;&nbsp;_btod_etento
</UL>

<P><STRONG><a name="[19ae334]"></a>_btod_emul</STRONG> (Thumb, 40 bytes, Stack size 24 bytes, btod.o(CL$$btod_emul))
<BR><BR>[Stack]<UL><LI>Max Depth = 48<LI>Call Chain = _btod_emul &rArr; _e2e
</UL>
<BR>[Calls]<UL><LI><a href="#[19ae2bc]">&gt;&gt;</a>&nbsp;&nbsp;&nbsp;__btod_mult_common
<LI><a href="#[19ae3e8]">&gt;&gt;</a>&nbsp;&nbsp;&nbsp;_e2e
</UL>
<BR>[Called By]<UL><LI><a href="#[184606c]">&gt;&gt;</a>&nbsp;&nbsp;&nbsp;_fp_digits
<LI><a href="#[19aeab4]">&gt;&gt;</a>&nbsp;&nbsp;&nbsp;_btod_etento
</UL>

<P><STRONG><a name="[19ae2bc]"></a>__btod_mult_common</STRONG> (Thumb, 580 bytes, Stack size 16 bytes, btod.o(CL$$btod_mult_common))
<BR><BR>[Stack]<UL><LI>Max Depth = 16<LI>Call Chain = __btod_mult_common
</UL>
<BR>[Called By]<UL><LI><a href="#[19ae334]">&gt;&gt;</a>&nbsp;&nbsp;&nbsp;_btod_emul
</UL>

<P><STRONG><a name="[fbe58c]"></a>UxARTx_IRQ_Function(USART_TypeDef*, doSerial*)</STRONG> (Thumb, 78 bytes, Stack size 16 bytes, main.o(i._Z19UxARTx_IRQ_FunctionP13USART_TypeDefP8doSerial))
<BR><BR>[Stack]<UL><LI>Max Depth = 40<LI>Call Chain = UxARTx_IRQ_Function(USART_TypeDef*, doSerial*) &rArr; RoundRobinData&lang;char&rang;::Put(char) &rArr; RoundRobinData&lang;char&rang;::Next(char*)
</UL>
<BR>[Calls]<UL><LI><a href="#[fbe49c]">&gt;&gt;</a>&nbsp;&nbsp;&nbsp;RoundRobinData&lang;char&rang;::notEmpty()
<LI><a href="#[fbe514]">&gt;&gt;</a>&nbsp;&nbsp;&nbsp;RoundRobinData&lang;char&rang;::Put(char)
<LI><a href="#[fbe550]">&gt;&gt;</a>&nbsp;&nbsp;&nbsp;RoundRobinData&lang;char&rang;::Get()
</UL>
<BR>[Called By]<UL><LI><a href="#[fc1ebc]">&gt;&gt;</a>&nbsp;&nbsp;&nbsp;USART3_IRQ_Function
<LI><a href="#[fc1ef8]">&gt;&gt;</a>&nbsp;&nbsp;&nbsp;USART2_IRQ_Function
<LI><a href="#[fc1f34]">&gt;&gt;</a>&nbsp;&nbsp;&nbsp;USART1_IRQ_Function
<LI><a href="#[fc1f70]">&gt;&gt;</a>&nbsp;&nbsp;&nbsp;UART5_IRQ_Function
<LI><a href="#[fc1fac]">&gt;&gt;</a>&nbsp;&nbsp;&nbsp;UART4_IRQ_Function
</UL>

<P><STRONG><a name="[184c048]"></a>operator delete[] (void*)</STRONG> (Thumb, 8 bytes, Stack size 8 bytes, array_del.o(i._ZdaPv))
<BR><BR>[Stack]<UL><LI>Max Depth = 32<LI>Call Chain = operator delete[] (void*) &rArr; operator delete (void*) &rArr; free
</UL>
<BR>[Calls]<UL><LI><a href="#[184bd78]">&gt;&gt;</a>&nbsp;&nbsp;&nbsp;operator delete (void*)
</UL>
<BR>[Called By]<UL><LI><a href="#[17a07d8]">&gt;&gt;</a>&nbsp;&nbsp;&nbsp;doSerial::~doSerial()
</UL>

<P><STRONG><a name="[184bd78]"></a>operator delete (void*)</STRONG> (Thumb, 8 bytes, Stack size 8 bytes, delete.o(i._ZdlPv))
<BR><BR>[Stack]<UL><LI>Max Depth = 24<LI>Call Chain = operator delete (void*) &rArr; free
</UL>
<BR>[Calls]<UL><LI><a href="#[18477a0]">&gt;&gt;</a>&nbsp;&nbsp;&nbsp;free
</UL>
<BR>[Called By]<UL><LI><a href="#[17a07d8]">&gt;&gt;</a>&nbsp;&nbsp;&nbsp;doSerial::~doSerial()
<LI><a href="#[184c048]">&gt;&gt;</a>&nbsp;&nbsp;&nbsp;operator delete[] (void*)
</UL>

<P><STRONG><a name="[184bf1c]"></a>operator new[] (unsigned)</STRONG> (Thumb, 8 bytes, Stack size 8 bytes, array_new.o(i._Znaj))
<BR><BR>[Stack]<UL><LI>Max Depth = 64<LI>Call Chain = operator new[] (unsigned) &rArr; operator new(unsigned) &rArr; malloc &rArr; __Heap_Full &rArr; __Heap_ProvideMemory &rArr; free
</UL>
<BR>[Calls]<UL><LI><a href="#[184bc10]">&gt;&gt;</a>&nbsp;&nbsp;&nbsp;operator new(unsigned)
</UL>
<BR>[Called By]<UL><LI><a href="#[fbe0dc]">&gt;&gt;</a>&nbsp;&nbsp;&nbsp;doSerial::begin(const unsigned long&)
</UL>

<P><STRONG><a name="[184bc10]"></a>operator new(unsigned)</STRONG> (Thumb, 34 bytes, Stack size 8 bytes, new.o(i._Znwj))
<BR><BR>[Stack]<UL><LI>Max Depth = 56<LI>Call Chain = operator new(unsigned) &rArr; malloc &rArr; __Heap_Full &rArr; __Heap_ProvideMemory &rArr; free
</UL>
<BR>[Calls]<UL><LI><a href="#[1847908]">&gt;&gt;</a>&nbsp;&nbsp;&nbsp;malloc
<LI><a href="#[1847f98]">&gt;&gt;</a>&nbsp;&nbsp;&nbsp;__rt_new_handler_addr
</UL>
<BR>[Called By]<UL><LI><a href="#[fbe0dc]">&gt;&gt;</a>&nbsp;&nbsp;&nbsp;doSerial::begin(const unsigned long&)
<LI><a href="#[184bf1c]">&gt;&gt;</a>&nbsp;&nbsp;&nbsp;operator new[] (unsigned)
</UL>

<P><STRONG><a name="[19acf48]"></a>__ARM_fpclassify</STRONG> (Thumb, 40 bytes, Stack size 0 bytes, fpclassify.o(i.__ARM_fpclassify))
<BR><BR>[Called By]<UL><LI><a href="#[19b4658]">&gt;&gt;</a>&nbsp;&nbsp;&nbsp;_printf_fp_hex_real
<LI><a href="#[19b4a54]">&gt;&gt;</a>&nbsp;&nbsp;&nbsp;_printf_fp_dec_real
</UL>

<P><STRONG><a name="[184ba6c]"></a>__aeabi_atexit</STRONG> (Thumb, 48 bytes, Stack size 24 bytes, aeabi_atexit.o(i.__aeabi_atexit))
<BR><BR>[Stack]<UL><LI>Max Depth = 72<LI>Call Chain = __aeabi_atexit &rArr; malloc &rArr; __Heap_Full &rArr; __Heap_ProvideMemory &rArr; free
</UL>
<BR>[Calls]<UL><LI><a href="#[1847908]">&gt;&gt;</a>&nbsp;&nbsp;&nbsp;malloc
<LI><a href="#[1847d04]">&gt;&gt;</a>&nbsp;&nbsp;&nbsp;__rt_ddtor_pointer_addr
</UL>
<BR>[Called By]<UL><LI><a href="#[179fc20]">&gt;&gt;</a>&nbsp;&nbsp;&nbsp;__sti___14_xduinoInit_cpp
</UL>

<P><STRONG><a name="[19b12c8]"></a>__cxa_finalize</STRONG> (Thumb, 70 bytes, Stack size 24 bytes, cxa_finalize.o(i.__cxa_finalize))
<BR><BR>[Stack]<UL><LI>Max Depth = 40<LI>Call Chain = __cxa_finalize &rArr; free
</UL>
<BR>[Calls]<UL><LI><a href="#[18477a0]">&gt;&gt;</a>&nbsp;&nbsp;&nbsp;free
<LI><a href="#[1847d04]">&gt;&gt;</a>&nbsp;&nbsp;&nbsp;__rt_ddtor_pointer_addr
</UL>
<BR>[Called By]<UL><LI><a href="#[19b209c]">&gt;&gt;</a>&nbsp;&nbsp;&nbsp;__rt_lib_shutdown_cpp_1
</UL>

<P><STRONG><a name="[19ae028]"></a>_get_lc_numeric</STRONG> (Thumb, 44 bytes, Stack size 8 bytes, lc_numeric_c.o(locale$$code))
<BR><BR>[Stack]<UL><LI>Max Depth = 8<LI>Call Chain = _get_lc_numeric
</UL>
<BR>[Calls]<UL><LI><a href="#[19abe2c]">&gt;&gt;</a>&nbsp;&nbsp;&nbsp;strcmp
</UL>
<BR>[Called By]<UL><LI><a href="#[19b2eac]">&gt;&gt;</a>&nbsp;&nbsp;&nbsp;__rt_lib_init_lc_numeric_2
</UL>

<P><STRONG><a name="[19ac534]"></a>_get_lc_ctype</STRONG> (Thumb, 44 bytes, Stack size 8 bytes, lc_ctype_c.o(locale$$code))
<BR><BR>[Stack]<UL><LI>Max Depth = 8<LI>Call Chain = _get_lc_ctype
</UL>
<BR>[Calls]<UL><LI><a href="#[19abe2c]">&gt;&gt;</a>&nbsp;&nbsp;&nbsp;strcmp
</UL>
<BR>[Called By]<UL><LI><a href="#[19b2f9c]">&gt;&gt;</a>&nbsp;&nbsp;&nbsp;__rt_lib_init_lc_ctype_2
</UL>
<BR>[Address Reference Count : 1]<UL><LI> rt_ctype_table.o(.text)
</UL>
<P><STRONG><a name="[fbe550]"></a>RoundRobinData&lang;char&rang;::Get()</STRONG> (Thumb, 56 bytes, Stack size 16 bytes, main.o(t._ZN14RoundRobinDataIcE3GetEv))
<BR><BR>[Stack]<UL><LI>Max Depth = 24<LI>Call Chain = RoundRobinData&lang;char&rang;::Get() &rArr; RoundRobinData&lang;char&rang;::Next(char*)
</UL>
<BR>[Calls]<UL><LI><a href="#[fbe4d8]">&gt;&gt;</a>&nbsp;&nbsp;&nbsp;RoundRobinData&lang;char&rang;::Next(char*)
</UL>
<BR>[Called By]<UL><LI><a href="#[fbe58c]">&gt;&gt;</a>&nbsp;&nbsp;&nbsp;UxARTx_IRQ_Function(USART_TypeDef*, doSerial*)
<LI><a href="#[17a09f4]">&gt;&gt;</a>&nbsp;&nbsp;&nbsp;doSerial::GetTxBuffer(char)
<LI><a href="#[17a0aa8]">&gt;&gt;</a>&nbsp;&nbsp;&nbsp;doSerial::readBuffer()
</UL>

<P><STRONG><a name="[fbe514]"></a>RoundRobinData&lang;char&rang;::Put(char)</STRONG> (Thumb, 56 bytes, Stack size 16 bytes, main.o(t._ZN14RoundRobinDataIcE3PutEc))
<BR><BR>[Stack]<UL><LI>Max Depth = 24<LI>Call Chain = RoundRobinData&lang;char&rang;::Put(char) &rArr; RoundRobinData&lang;char&rang;::Next(char*)
</UL>
<BR>[Calls]<UL><LI><a href="#[fbe4d8]">&gt;&gt;</a>&nbsp;&nbsp;&nbsp;RoundRobinData&lang;char&rang;::Next(char*)
</UL>
<BR>[Called By]<UL><LI><a href="#[fbe58c]">&gt;&gt;</a>&nbsp;&nbsp;&nbsp;UxARTx_IRQ_Function(USART_TypeDef*, doSerial*)
<LI><a href="#[17a0a30]">&gt;&gt;</a>&nbsp;&nbsp;&nbsp;doSerial::PutRxBuffer(char)
<LI><a href="#[17a0c88]">&gt;&gt;</a>&nbsp;&nbsp;&nbsp;doSerial::printBuffer(char)
</UL>

<P><STRONG><a name="[fbe4d8]"></a>RoundRobinData&lang;char&rang;::Next(char*)</STRONG> (Thumb, 26 bytes, Stack size 8 bytes, main.o(t._ZN14RoundRobinDataIcE4NextEPc))
<BR><BR>[Stack]<UL><LI>Max Depth = 8<LI>Call Chain = RoundRobinData&lang;char&rang;::Next(char*)
</UL>
<BR>[Called By]<UL><LI><a href="#[fbe514]">&gt;&gt;</a>&nbsp;&nbsp;&nbsp;RoundRobinData&lang;char&rang;::Put(char)
<LI><a href="#[fbe550]">&gt;&gt;</a>&nbsp;&nbsp;&nbsp;RoundRobinData&lang;char&rang;::Get()
</UL>

<P><STRONG><a name="[17a0760]"></a>RoundRobinData&lang;char&rang;::Reset()</STRONG> (Thumb, 14 bytes, Stack size 0 bytes, doserial.o(t._ZN14RoundRobinDataIcE5ResetEv), UNUSED)
<BR><BR>[Called By]<UL><LI><a href="#[17a0850]">&gt;&gt;</a>&nbsp;&nbsp;&nbsp;doSerial::flush()
</UL>

<P><STRONG><a name="[fbe49c]"></a>RoundRobinData&lang;char&rang;::notEmpty()</STRONG> (Thumb, 18 bytes, Stack size 0 bytes, main.o(t._ZN14RoundRobinDataIcE8notEmptyEv))
<BR><BR>[Called By]<UL><LI><a href="#[fbe58c]">&gt;&gt;</a>&nbsp;&nbsp;&nbsp;UxARTx_IRQ_Function(USART_TypeDef*, doSerial*)
<LI><a href="#[17a0940]">&gt;&gt;</a>&nbsp;&nbsp;&nbsp;doSerial::availableBuffer()
</UL>

<P><STRONG><a name="[17a0724]"></a>RoundRobinData&lang;char&rang;::RoundRobinData(char*, int)</STRONG> (Thumb, 18 bytes, Stack size 0 bytes, doserial.o(t._ZN14RoundRobinDataIcEC1EPci))
<BR><BR>[Called By]<UL><LI><a href="#[fbe0dc]">&gt;&gt;</a>&nbsp;&nbsp;&nbsp;doSerial::begin(const unsigned long&)
</UL>

<P><STRONG><a name="[17a06e8]"></a>RoundRobinData&lang;char&rang;::RoundRobinData__sub_object(char*, int)</STRONG> (Thumb, 0 bytes, Stack size 0 bytes, doserial.o(t._ZN14RoundRobinDataIcEC1EPci), UNUSED)

<P><STRONG><a name="[19a9690]"></a>_fp_init</STRONG> (Thumb, 14 bytes, Stack size 8 bytes, fpinit.o(x$fpl$fpinit))
<BR><BR>[Stack]<UL><LI>Max Depth = 8<LI>Call Chain = _fp_init
</UL>
<BR>[Calls]<UL><LI><a href="#[19a9168]">&gt;&gt;</a>&nbsp;&nbsp;&nbsp;__rt_fp_status_addr
</UL>
<BR>[Called By]<UL><LI><a href="#[19ab6e8]">&gt;&gt;</a>&nbsp;&nbsp;&nbsp;__rt_lib_init
</UL>

<P><STRONG><a name="[19a9654]"></a>__fplib_config_pureend_doubles</STRONG> (Thumb, 0 bytes, Stack size unknown bytes, fpinit.o(x$fpl$fpinit), UNUSED)

<P><STRONG><a name="[1848754]"></a>_printf_fp_dec</STRONG> (Thumb, 4 bytes, Stack size 0 bytes, printf1.o(x$fpl$printf1))
<BR><BR>[Stack]<UL><LI>Max Depth = 328<LI>Call Chain = _printf_fp_dec &rArr; _printf_fp_dec_real &rArr; _fp_digits &rArr; _btod_etento &rArr; _btod_emul &rArr; _e2e
</UL>
<BR>[Calls]<UL><LI><a href="#[19b4a54]">&gt;&gt;</a>&nbsp;&nbsp;&nbsp;_printf_fp_dec_real
</UL>
<BR>[Called By]<UL><LI><a href="#[184d128]">&gt;&gt;</a>&nbsp;&nbsp;&nbsp;_printf_g
<LI><a href="#[184d1dc]">&gt;&gt;</a>&nbsp;&nbsp;&nbsp;_printf_e
<LI><a href="#[184d290]">&gt;&gt;</a>&nbsp;&nbsp;&nbsp;_printf_f
</UL>

<P><STRONG><a name="[1848628]"></a>_printf_fp_hex</STRONG> (Thumb, 4 bytes, Stack size 0 bytes, printf2.o(x$fpl$printf2))
<BR><BR>[Stack]<UL><LI>Max Depth = 128<LI>Call Chain = _printf_fp_hex &rArr; _printf_fp_hex_real &rArr; _printf_fp_infnan &rArr; _printf_post_padding
</UL>
<BR>[Calls]<UL><LI><a href="#[19b4658]">&gt;&gt;</a>&nbsp;&nbsp;&nbsp;_printf_fp_hex_real
</UL>
<BR>[Called By]<UL><LI><a href="#[184d074]">&gt;&gt;</a>&nbsp;&nbsp;&nbsp;_printf_a
</UL>

<P><STRONG><a name="[19b0a58]"></a>__I$use$fp</STRONG> (Thumb, 0 bytes, Stack size unknown bytes, usenofp.o(x$fpl$usenofp), UNUSED)
<P>
<H3>
Local Symbols
</H3>
<P><STRONG><a name="[fba7e8]"></a>delay</STRONG> (Thumb, 14 bytes, Stack size 0 bytes, stm32f10x_flash.o(.text), UNUSED)
<BR><BR>[Called By]<UL><LI><a href="#[fba554]">&gt;&gt;</a>&nbsp;&nbsp;&nbsp;FLASH_WaitForLastOperation
</UL>

<P><STRONG><a name="[179fc20]"></a>__sti___14_xduinoInit_cpp</STRONG> (Thumb, 134 bytes, Stack size 32 bytes, xduinoinit.o(.text))
<BR><BR>[Stack]<UL><LI>Max Depth = 104<LI>Call Chain = __sti___14_xduinoInit_cpp &rArr; __aeabi_atexit &rArr; malloc &rArr; __Heap_Full &rArr; __Heap_ProvideMemory &rArr; free
</UL>
<BR>[Calls]<UL><LI><a href="#[179ec6c]">&gt;&gt;</a>&nbsp;&nbsp;&nbsp;TwoWire::TwoWire()
<LI><a href="#[17a0d3c]">&gt;&gt;</a>&nbsp;&nbsp;&nbsp;doSerial::doSerial(const unsigned char&)
<LI><a href="#[184ba6c]">&gt;&gt;</a>&nbsp;&nbsp;&nbsp;__aeabi_atexit
</UL>
<BR>[Address Reference Count : 1]<UL><LI> xduinoinit.o(.init_array)
</UL>
<P><STRONG><a name="[18511d8]"></a>__sti___10_APM_RC_cpp</STRONG> (Thumb, 10 bytes, Stack size 4 bytes, apm_rc.o(.text))
<BR><BR>[Stack]<UL><LI>Max Depth = 4<LI>Call Chain = __sti___10_APM_RC_cpp
</UL>
<BR>[Calls]<UL><LI><a href="#[18501ac]">&gt;&gt;</a>&nbsp;&nbsp;&nbsp;APM_RC_Class::APM_RC_Class()
</UL>
<BR>[Address Reference Count : 1]<UL><LI> apm_rc.o(.init_array)
</UL>
<P><STRONG><a name="[184606c]"></a>_fp_digits</STRONG> (Thumb, 492 bytes, Stack size 104 bytes, _printf_fp_dec.o(.text))
<BR><BR>[Stack]<UL><LI>Max Depth = 224<LI>Call Chain = _fp_digits &rArr; _btod_etento &rArr; _btod_emul &rArr; _e2e
</UL>
<BR>[Calls]<UL><LI><a href="#[19ae334]">&gt;&gt;</a>&nbsp;&nbsp;&nbsp;_btod_emul
<LI><a href="#[19ae3ac]">&gt;&gt;</a>&nbsp;&nbsp;&nbsp;_btod_ediv
<LI><a href="#[19ae514]">&gt;&gt;</a>&nbsp;&nbsp;&nbsp;_btod_d2e
<LI><a href="#[19aeab4]">&gt;&gt;</a>&nbsp;&nbsp;&nbsp;_btod_etento
<LI><a href="#[19aee38]">&gt;&gt;</a>&nbsp;&nbsp;&nbsp;_ll_udiv10
</UL>
<BR>[Called By]<UL><LI><a href="#[19b4a54]">&gt;&gt;</a>&nbsp;&nbsp;&nbsp;_printf_fp_dec_real
</UL>

<P><STRONG><a name="[19b4568]"></a>_printf_input_char</STRONG> (Thumb, 10 bytes, Stack size 0 bytes, _printf_char_common.o(.text))
<BR>[Address Reference Count : 1]<UL><LI> _printf_char_common.o(.text)
</UL>
<P><STRONG><a name="[19aa98c]"></a>__default_terminate_handler()</STRONG> (Thumb, 4 bytes, Stack size 0 bytes, arm_exceptions_globs.o(.text))
<BR><BR>[Stack]<UL><LI>Max Depth = 40 + Unknown Stack Size
<LI>Call Chain = __default_terminate_handler() &rArr; abort &rArr; __rt_SIGABRT &rArr; __rt_SIGABRT_inner &rArr; __default_signal_display &rArr; _ttywrch
</UL>
<BR>[Calls]<UL><LI><a href="#[19ac264]">&gt;&gt;</a>&nbsp;&nbsp;&nbsp;abort
</UL>
<BR>[Address Reference Count : 1]<UL><LI> arm_exceptions_globs.o(.text)
</UL><P>
<H3>
Undefined Global Symbols
</H3><HR></body></html>
